06-16 09:51:43.796   293   312 W WindowManager: 	at com.android.server.wm.WindowContainer.sendAppVisibilityToClients(WindowContainer.java:1234)
06-16 09:51:43.796   293   312 W WindowManager: 	at com.android.server.wm.WindowToken.setClientVisible(WindowToken.java:392)
06-16 09:51:43.796   293   312 W WindowManager: 	at com.android.server.wm.ActivityRecord.setClientVisible(ActivityRecord.java:6847)
06-16 09:51:43.796   293   312 W WindowManager: 	at com.android.server.wm.ActivityRecord.postApplyAnimation(ActivityRecord.java:5547)
06-16 09:51:43.796   293   312 W WindowManager: 	at com.android.server.wm.ActivityRecord.commitVisibility(ActivityRecord.java:5490)
06-16 09:51:43.796   293   312 W WindowManager: 	at com.android.server.wm.ActivityRecord.commitVisibility(ActivityRecord.java:5494)
06-16 09:51:43.796   293   312 W WindowManager: 	at com.android.server.wm.AppTransitionController.handleClosingApps(AppTransitionController.java:1194)
06-16 09:51:43.796   293   312 W WindowManager: 	at com.android.server.wm.AppTransitionController.handleAppTransitionReady(AppTransitionController.java:304)
06-16 09:51:43.796   293   312 W WindowManager: 	at com.android.server.wm.RootWindowContainer.checkAppTransitionReady(RootWindowContainer.java:981)
06-16 09:51:43.796   293   312 W WindowManager: 	at com.android.server.wm.RootWindowContainer.performSurfacePlacementNoTrace(RootWindowContainer.java:837)
06-16 09:51:43.796   293   312 W WindowManager: 	at com.android.server.wm.RootWindowContainer.performSurfacePlacement(RootWindowContainer.java:779)
06-16 09:51:43.796   293   312 W WindowManager: 	at com.android.server.wm.WindowSurfacePlacer.performSurfacePlacementLoop(WindowSurfacePlacer.java:177)
06-16 09:51:43.796   293   312 W WindowManager: 	at com.android.server.wm.WindowSurfacePlacer.performSurfacePlacement(WindowSurfacePlacer.java:126)
06-16 09:51:43.796   293   312 W WindowManager: 	at com.android.server.wm.WindowSurfacePlacer.performSurfacePlacement(WindowSurfacePlacer.java:115)
06-16 09:51:43.796   293   312 W WindowManager: 	at com.android.server.wm.WindowSurfacePlacer$Traverser.run(WindowSurfacePlacer.java:57)
06-16 09:51:43.796   293   312 W WindowManager: 	at android.os.Handler.handleCallback(Handler.java:942)
06-16 09:51:43.796   293   312 W WindowManager: 	at android.os.Handler.dispatchMessage(Handler.java:99)
06-16 09:51:43.796   293   312 W WindowManager: 	at android.os.Looper.loopOnce(Looper.java:201)
06-16 09:51:43.796   293   312 W WindowManager: 	at android.os.Looper.loop(Looper.java:288)
06-16 09:51:43.796   293   312 W WindowManager: 	at android.os.HandlerThread.run(HandlerThread.java:67)
06-16 09:51:43.796   293   312 W WindowManager: 	at com.android.server.ServiceThread.run(ServiceThread.java:44)
06-16 09:51:43.796   293   312 I Process : Sending signal. PID: 2516 SIG: 9
06-16 09:51:43.808   293  1445 D ConnectivityService: requestNetwork for uid/pid:10134/474 asUid: 10124 activeRequest: null callbackRequest: 177 [NetworkRequest [ REQUEST id=178, [ Capabilities: INTERNET&NOT_RESTRICTED&TRUSTED&NOT_VCN_MANAGED Uid: 10124 RequestorUid: 10134 RequestorPkg: com.android.systemui UnderlyingNetworks: Null] ]] callback flags: 0 order: 2147483647
06-16 09:51:43.808   293   420 D ConnectivityService: NetReassign [178 : null → 100]
06-16 09:51:43.808   293   419 D EthernetNetworkFactory: eth0: onNetworkUnneeded for request: NetworkRequest [ REQUEST id=176, [ Capabilities: INTERNET&NOT_RESTRICTED&TRUSTED&NOT_VCN_MANAGED Uid: 10064 RequestorUid: 10134 RequestorPkg: com.android.systemui UnderlyingNetworks: Null] ]
06-16 09:51:43.808   293   419 D EthernetNetworkFactory: eth0: onNetworkNeeded for request: NetworkRequest [ REQUEST id=178, [ Capabilities: INTERNET&NOT_RESTRICTED&TRUSTED&NOT_VCN_MANAGED Uid: 10124 RequestorUid: 10134 RequestorPkg: com.android.systemui UnderlyingNetworks: Null] ]
06-16 09:51:43.808   293   419 D EthernetNetworkFactory: IpClient already started
06-16 09:51:43.809   293   398 D WifiNetworkFactory: got request NetworkRequest [ REQUEST id=178, [ Capabilities: INTERNET&NOT_RESTRICTED&TRUSTED&NOT_VCN_MANAGED Uid: 10124 RequestorUid: 10134 RequestorPkg: com.android.systemui UnderlyingNetworks: Null] ]
06-16 09:51:43.809   293   398 D UntrustedWifiNetworkFactory: got request NetworkRequest [ REQUEST id=178, [ Capabilities: INTERNET&NOT_RESTRICTED&TRUSTED&NOT_VCN_MANAGED Uid: 10124 RequestorUid: 10134 RequestorPkg: com.android.systemui UnderlyingNetworks: Null] ]
06-16 09:51:43.809   293   398 D OemPaidWifiNetworkFactory: got request NetworkRequest [ REQUEST id=178, [ Capabilities: INTERNET&NOT_RESTRICTED&TRUSTED&NOT_VCN_MANAGED Uid: 10124 RequestorUid: 10134 RequestorPkg: com.android.systemui UnderlyingNetworks: Null] ]
06-16 09:51:43.809   293   398 D MultiInternetWifiNetworkFactory: got request NetworkRequest [ REQUEST id=178, [ Capabilities: INTERNET&NOT_RESTRICTED&TRUSTED&NOT_VCN_MANAGED Uid: 10124 RequestorUid: 10134 RequestorPkg: com.android.systemui UnderlyingNetworks: Null] ]
06-16 09:51:43.811   768   768 D PhoneSwitcherNetworkRequstListener: got request NetworkRequest [ REQUEST id=178, [ Capabilities: INTERNET&NOT_RESTRICTED&TRUSTED&NOT_VCN_MANAGED Uid: 10124 RequestorUid: 10134 RequestorPkg: com.android.systemui UnderlyingNetworks: Null] ]
06-16 09:51:43.814    99    99 E ClientCache: failed to get buffer, invalid process token
06-16 09:51:43.818   974   974 D BoundBrokerSvc: onRebind: Intent { act=com.google.android.gms.auth.aang.events.services.START dat=chimera-action:/... cmp=com.google.android.gms/.chimera.PersistentApiService }
06-16 09:51:43.820   293   312 W WindowManager: Failed to deliver inset state change to w=Window{8f7ee57 u0 com.himo.facerecon/com.himo.facerecon.MainActivity EXITING}
06-16 09:51:43.820   293   312 W WindowManager: android.os.DeadObjectException
06-16 09:51:43.820   293   312 W WindowManager: 	at android.os.BinderProxy.transactNative(Native Method)
06-16 09:51:43.820   293   312 W WindowManager: 	at android.os.BinderProxy.transact(BinderProxy.java:584)
06-16 09:51:43.820   293   312 W WindowManager: 	at android.view.IWindow$Stub$Proxy.insetsControlChanged(IWindow.java:473)
06-16 09:51:43.820   293   312 W WindowManager: 	at com.android.server.wm.WindowState.notifyInsetsControlChanged(WindowState.java:4043)
06-16 09:51:43.820   293   312 W WindowManager: 	at com.android.server.wm.InsetsStateController.lambda$notifyPendingInsetsControlChanged$4$com-android-server-wm-InsetsStateController(InsetsStateController.java:351)
06-16 09:51:43.820   293   312 W WindowManager: 	at com.android.server.wm.InsetsStateController$$ExternalSyntheticLambda2.run(Unknown Source:2)
06-16 09:51:43.820   293   312 W WindowManager: 	at com.android.server.wm.WindowAnimator.executeAfterPrepareSurfacesRunnables(WindowAnimator.java:345)
06-16 09:51:43.820   293   312 W WindowManager: 	at com.android.server.wm.RootWindowContainer.performSurfacePlacementNoTrace(RootWindowContainer.java:835)
06-16 09:51:43.820   293   312 W WindowManager: 	at com.android.server.wm.RootWindowContainer.performSurfacePlacement(RootWindowContainer.java:779)
06-16 09:51:43.820   293   312 W WindowManager: 	at com.android.server.wm.WindowSurfacePlacer.performSurfacePlacementLoop(WindowSurfacePlacer.java:177)
06-16 09:51:43.820   293   312 W WindowManager: 	at com.android.server.wm.WindowSurfacePlacer.performSurfacePlacement(WindowSurfacePlacer.java:126)
06-16 09:51:43.820   293   312 W WindowManager: 	at com.android.server.wm.WindowSurfacePlacer.performSurfacePlacement(WindowSurfacePlacer.java:115)
06-16 09:51:43.820   293   312 W WindowManager: 	at com.android.server.wm.WindowSurfacePlacer$Traverser.run(WindowSurfacePlacer.java:57)
06-16 09:51:43.820   293   312 W WindowManager: 	at android.os.Handler.handleCallback(Handler.java:942)
06-16 09:51:43.820   293   312 W WindowManager: 	at android.os.Handler.dispatchMessage(Handler.java:99)
06-16 09:51:43.820   293   312 W WindowManager: 	at android.os.Looper.loopOnce(Looper.java:201)
06-16 09:51:43.820   293   312 W WindowManager: 	at android.os.Looper.loop(Looper.java:288)
06-16 09:51:43.820   293   312 W WindowManager: 	at android.os.HandlerThread.run(HandlerThread.java:67)
06-16 09:51:43.820   293   312 W WindowManager: 	at com.android.server.ServiceThread.run(ServiceThread.java:44)
06-16 09:51:43.828    99   195 W TransactionTracing: Could not find layer handle 0x7e98d8041d50
06-16 09:51:43.894    99   195 W TransactionTracing: Could not find layer handle 0x7e98d803f0b0
06-16 09:51:43.894    99   195 W TransactionTracing: Could not find layer handle 0x7e98d803bb70
06-16 09:51:43.911    99   195 W TransactionTracing: Could not find layer handle 0x7e98d8040730
06-16 09:51:43.911    99   195 W TransactionTracing: Could not find layer handle 0x7e98d803e570
06-16 09:51:43.911    99   195 W TransactionTracing: Could not find layer handle 0x7e98d803e570
06-16 09:51:43.911   293   311 W ActivityManager: setHasOverlayUi called on unknown pid: 2516
06-16 09:51:43.911    99    99 E ClientCache: failed to get buffer, invalid process token
06-16 09:51:43.911    99    99 E BpTransactionCompletedListener: Failed to transact (-32)
06-16 09:51:43.925    99   195 W TransactionTracing: Could not find layer handle 0x7e98d802f930
06-16 09:51:43.925    99    99 E BpTransactionCompletedListener: Failed to transact (-32)
06-16 09:51:43.925    99   195 W TransactionTracing: Could not find layer handle 0x7e98d803bed0
06-16 09:51:43.925    99   195 W TransactionTracing: Could not find layer handle 0x7e98d803c0b0
06-16 09:51:43.925    99   195 W TransactionTracing: Could not find layer handle 0x7e98d8038c90
06-16 09:51:43.925    99   195 W TransactionTracing: Could not find layer handle 0x7e98d8025610
06-16 09:51:43.959    99   195 W TransactionTracing: Could not find layer handle 0x7e98d803f650
06-16 09:51:43.959    99   195 W TransactionTracing: Could not find layer handle 0x7e98d8038750
06-16 09:51:44.121   293   311 W ActivityTaskManager: Activity top resumed state loss timeout for ActivityRecord{d8f1be2 u0 com.himo.facerecon/.MainActivity} t-1 f}}
06-16 09:51:44.927   474   474 D VRI[NavigationBar0]: updatePointerIcon called with position out of bounds
06-16 09:51:45.007   293  1445 I ActivityTaskManager: START u0 {act=android.intent.action.MAIN cat=[android.intent.category.LAUNCHER] flg=0x10200000 cmp=com.himo.facerecon/.MainActivity bnds=[610,181][760,310]} from uid 10124
06-16 09:51:45.008   293  1445 E CellBroadcastUtils: getDefaultCellBroadcastReceiverPackageName: no package found
06-16 09:51:45.012   293   322 W libprocessgroup: Failed to open /dev/stune/top-app/cgroup.procs: No such file or directory
06-16 09:51:45.012   293   322 W libprocessgroup: Failed to open /dev/cpuset/top-app/cgroup.procs: No such file or directory
06-16 09:51:45.012   293   322 W libprocessgroup: Failed to open /dev/blkio//cgroup.procs: No such file or directory
06-16 09:51:45.017   293   311 D CompatibilityChangeReporter: Compat change id reported: 135634846; UID 10064; state: DISABLED
06-16 09:51:45.017   725   857 D QuickstepModelDelegate: notifyAppTargetEvent action=1 launchLocation=workspace/0/[2,1]/[1,1]
06-16 09:51:45.017   293   319 D CompatibilityChangeReporter: Compat change id reported: 143937733; UID 10064; state: ENABLED
06-16 09:51:45.017   474   721 W Parcel  : Expecting binder but got null!
06-16 09:51:45.023   293   894 D CoreBackPreview: Window{faf491 u0 com.himo.facerecon/SplashScreen}: Setting back callback OnBackInvokedCallbackInfo{mCallback=android.window.IOnBackInvokedCallback$Stub$Proxy@7ab9ff7, mPriority=0}
06-16 09:51:45.027   474   721 E OpenGLRenderer: Unable to match the desired swap behavior.
06-16 09:51:45.032    86  1424 V [minigbm:gbm_mesa_internals.cpp(382)]: Allocated: 1600x900, stride: 6656, map_stride: 0
06-16 09:51:45.035    86  1424 V [minigbm:gbm_mesa_internals.cpp(382)]: Allocated: 1600x900, stride: 6656, map_stride: 0
06-16 09:51:45.035    74    74 D Zygote  : Forked child process 4970
06-16 09:51:45.035   293   319 I ActivityManager: Start proc 4970:com.himo.facerecon/u0a64 for next-top-activity {com.himo.facerecon/com.himo.facerecon.MainActivity}
06-16 09:51:45.037    86  1424 V [minigbm:gbm_mesa_internals.cpp(382)]: Allocated: 1600x900, stride: 6656, map_stride: 0
06-16 09:51:45.041  4970  4970 E libprocessgroup: Failed to make and chown /sys/fs/cgroup/uid_10064: Read-only file system
06-16 09:51:45.041  4970  4970 W Zygote  : createProcessGroup failed, kernel missing CONFIG_CGROUP_CPUACCT?
06-16 09:51:45.042  4970  4970 I .himo.facerecon: Late-enabling -Xcheck:jni
06-16 09:51:45.049   293   322 W libprocessgroup: Failed to open /dev/stune/top-app/cgroup.procs: No such file or directory
06-16 09:51:45.050   293   322 W libprocessgroup: Failed to open /dev/cpuset/top-app/cgroup.procs: No such file or directory
06-16 09:51:45.050   293   322 W libprocessgroup: Failed to open /dev/blkio//cgroup.procs: No such file or directory
06-16 09:51:45.084  4970  4970 W .himo.facerecon: Unexpected CPU variant for x86: x86_64.
06-16 09:51:45.084  4970  4970 W .himo.facerecon: Known variants: atom, sandybridge, silvermont, kabylake, default
06-16 09:51:45.086   110   154 I adbd    : jdwp connection from 4970
06-16 09:51:45.095   293   894 I AppsFilter: interaction: PackageSetting{b1fe2e7 com.himo.facerecon/10064} -> PackageSetting{9602e94 com.android.launcher3/10124} BLOCKED
06-16 09:51:45.104  4970  4970 D CompatibilityChangeReporter: Compat change id reported: 171979766; UID 10064; state: ENABLED
06-16 09:51:45.123  4970  4970 W ziparchive: Unable to open '/data/app/~~zosC5MErOgm5uI7mwpwcog==/com.himo.facerecon-SDjWSmctI7igcdm_KwEujg==/base.dm': No such file or directory
06-16 09:51:45.123  4970  4970 W ziparchive: Unable to open '/data/app/~~zosC5MErOgm5uI7mwpwcog==/com.himo.facerecon-SDjWSmctI7igcdm_KwEujg==/base.dm': No such file or directory
06-16 09:51:45.124  1363  1363 I byia    : onPause
06-16 09:51:45.127  1363  1363 W doej    : measuring already stopped.
06-16 09:51:45.394    99   195 W TransactionTracing: Could not find layer id -1
06-16 09:51:45.438   293   370 D InputDispatcher: No new touched window at (697, 254) in display 0
06-16 09:51:45.448   293   370 D InputDispatcher: No new touched window at (700, 257) in display 0
06-16 09:51:45.455   293   370 D InputDispatcher: No new touched window at (713, 265) in display 0
06-16 09:51:45.462   293   370 D InputDispatcher: No new touched window at (728, 274) in display 0
06-16 09:51:45.471   293   370 D InputDispatcher: No new touched window at (747, 282) in display 0
06-16 09:51:45.479   293   370 D InputDispatcher: No new touched window at (769, 290) in display 0
06-16 09:51:45.486   293   370 D InputDispatcher: No new touched window at (793, 298) in display 0
06-16 09:51:45.495   293   370 D InputDispatcher: No new touched window at (815, 302) in display 0
06-16 09:51:45.503   293   370 D InputDispatcher: No new touched window at (839, 312) in display 0
06-16 09:51:45.512   293   370 D InputDispatcher: No new touched window at (857, 320) in display 0
06-16 09:51:45.520   293   370 D InputDispatcher: No new touched window at (876, 324) in display 0
06-16 09:51:45.531   293   370 D InputDispatcher: No new touched window at (894, 334) in display 0
06-16 09:51:45.534   293   370 D InputDispatcher: No new touched window at (904, 339) in display 0
06-16 09:51:45.548   293   370 D InputDispatcher: No new touched window at (913, 345) in display 0
06-16 09:51:45.552   293   370 D InputDispatcher: No new touched window at (921, 351) in display 0
06-16 09:51:45.558   293   370 D InputDispatcher: No new touched window at (923, 355) in display 0
06-16 09:51:45.567   293   370 D InputDispatcher: No new touched window at (927, 359) in display 0
06-16 09:51:45.577   293   370 D InputDispatcher: No new touched window at (928, 360) in display 0
06-16 09:51:45.583   293   370 D InputDispatcher: No new touched window at (929, 364) in display 0
06-16 09:51:45.593   293   370 D InputDispatcher: No new touched window at (930, 365) in display 0
06-16 09:51:45.600   293   370 D InputDispatcher: No new touched window at (930, 367) in display 0
06-16 09:51:45.775    99   195 W TransactionTracing: Could not find layer id -1
06-16 09:51:45.896  4970  4970 V GraphicsEnvironment: ANGLE Developer option for 'com.himo.facerecon' set to: 'default'
06-16 09:51:45.896  4970  4970 V GraphicsEnvironment: ANGLE GameManagerService for com.himo.facerecon: false
06-16 09:51:45.896  4970  4970 V GraphicsEnvironment: Neither updatable production driver nor prerelease driver is supported.
06-16 09:51:45.899  4970  4970 D NetworkSecurityConfig: No Network Security Config specified, using platform default
06-16 09:51:45.900  4970  4970 D NetworkSecurityConfig: No Network Security Config specified, using platform default
06-16 09:51:45.976  4970  4991 D TransportRuntime.JobInfoScheduler: Upload for context TransportContext(cct, DEFAULT, MSRodHRwczovL2ZpcmViYXNlbG9nZ2luZy5nb29nbGVhcGlzLmNvbS92MGNjL2xvZy9iYXRjaD9mb3JtYXQ9anNvbl9wcm90bzNc) is already scheduled. Returning...
06-16 09:51:45.977  4970  4991 D TransportRuntime.JobInfoScheduler: Upload for context TransportContext(cct, VERY_LOW, MSRodHRwczovL2ZpcmViYXNlbG9nZ2luZy5nb29nbGVhcGlzLmNvbS92MGNjL2xvZy9iYXRjaD9mb3JtYXQ9anNvbl9wcm90bzNc) is already scheduled. Returning...
06-16 09:51:45.998  4970  4995 I DynamiteModule: Considering local module com.google.mlkit.dynamite.face:10000 and remote module com.google.mlkit.dynamite.face:0
06-16 09:51:45.998  4970  4995 I DynamiteModule: Selected local version of com.google.mlkit.dynamite.face
06-16 09:51:46.015  4970  4970 I android_os_HwBinder: HwBinder: Starting hwbinderthread pool for getting: vendor.waydroid.window@1.1::IWaydroidWindow/default
06-16 09:51:46.026   974   974 D BoundBrokerSvc: onRebind: Intent { act=com.google.android.gms.common.telemetry.service.START dat=chimera-action:/... cmp=com.google.android.gms/.chimera.PersistentApiService }
06-16 09:51:46.053  4970  4991 D TransportRuntime.SQLiteEventStore: Storing event with priority=DEFAULT, name=FIREBASE_ML_SDK for destination cct
06-16 09:51:46.057  4970  4991 D TransportRuntime.JobInfoScheduler: Upload for context TransportContext(cct, DEFAULT, MSRodHRwczovL2ZpcmViYXNlbG9nZ2luZy5nb29nbGVhcGlzLmNvbS92MGNjL2xvZy9iYXRjaD9mb3JtYXQ9anNvbl9wcm90bzNc) is already scheduled. Returning...
06-16 09:51:46.066  4970  4991 D TransportRuntime.SQLiteEventStore: Storing event with priority=VERY_LOW, name=FIREBASE_ML_SDK for destination cct
06-16 09:51:46.070  4970  4991 D TransportRuntime.JobInfoScheduler: Upload for context TransportContext(cct, VERY_LOW, MSRodHRwczovL2ZpcmViYXNlbG9nZ2luZy5nb29nbGVhcGlzLmNvbS92MGNjL2xvZy9iYXRjaD9mb3JtYXQ9anNvbl9wcm90bzNc) is already scheduled. Returning...
06-16 09:51:46.085  4970  4998 I CameraManagerGlobal: Connecting to camera service
06-16 09:51:46.097  4970  4998 D CameraValidator: Verifying camera lens facing on waydroid_x86_64, lensFacingInteger: null
06-16 09:51:46.100  4970  4998 E CameraValidator: Camera LensFacing verification failed, existing cameras: []
06-16 09:51:46.100  4970  4998 W CameraX : Retry init. Start time 3612725 current time 3612753
06-16 09:51:46.100  4970  4998 W CameraX : androidx.camera.core.impl.CameraValidator$CameraIdListIncorrectException: Expected camera missing from device.
06-16 09:51:46.100  4970  4998 W CameraX : 	at androidx.camera.core.impl.CameraValidator.validateCameras(CameraValidator.java:97)
06-16 09:51:46.100  4970  4998 W CameraX : 	at androidx.camera.core.CameraX.lambda$initAndRetryRecursively$2$androidx-camera-core-CameraX(CameraX.java:334)
06-16 09:51:46.100  4970  4998 W CameraX : 	at androidx.camera.core.CameraX$$ExternalSyntheticLambda4.run(D8$$SyntheticClass:0)
06-16 09:51:46.100  4970  4998 W CameraX : 	at java.util.concurrent.ThreadPoolExecutor.runWorker(ThreadPoolExecutor.java:1137)
06-16 09:51:46.100  4970  4998 W CameraX : 	at java.util.concurrent.ThreadPoolExecutor$Worker.run(ThreadPoolExecutor.java:637)
06-16 09:51:46.100  4970  4998 W CameraX : 	at java.lang.Thread.run(Thread.java:1012)
06-16 09:51:46.100  4970  4998 W CameraX : Caused by: java.lang.IllegalArgumentException: No available camera can be found
06-16 09:51:46.100  4970  4998 W CameraX : 	at androidx.camera.core.CameraSelector.select(CameraSelector.java:94)
06-16 09:51:46.100  4970  4998 W CameraX : 	at androidx.camera.core.impl.CameraValidator.validateCameras(CameraValidator.java:83)
06-16 09:51:46.100  4970  4998 W CameraX : 	... 5 more
06-16 09:51:46.100  4970  4970 D CompatibilityChangeReporter: Compat change id reported: 237531167; UID 10064; state: DISABLED
06-16 09:51:46.103  4970  4988 W Parcel  : Expecting binder but got null!
06-16 09:51:46.105   293  4505 D CoreBackPreview: Window{61f31ad u0 com.himo.facerecon/com.himo.facerecon.MainActivity}: Setting back callback OnBackInvokedCallbackInfo{mCallback=android.window.IOnBackInvokedCallback$Stub$Proxy@4038873, mPriority=0}
06-16 09:51:46.311  4970  4970 W .himo.facerecon: Accessing hidden method Landroid/os/SystemProperties;->addChangeCallback(Ljava/lang/Runnable;)V (unsupported, reflection, allowed)
06-16 09:51:46.353  4970  5004 I tflite  : Created TensorFlow Lite delegate for GPU.
06-16 09:51:46.358  4970  5004 I TensorFlowLite: Loaded native library: tensorflowlite_jni
06-16 09:51:46.362  4970  5004 I TensorFlowLite: Didn't load native library: tensorflowlite_jni_gms_client
06-16 09:51:46.365  4970  5004 I tflite  : Initialized TensorFlow Lite runtime.
06-16 09:51:46.382  4970  5004 I tflite  : Replacing 181 out of 181 node(s) with delegate (TfLiteGpuDelegateV2) node, yielding 1 partitions for the whole graph.
06-16 09:51:46.577  4970  5004 I MESA    : Using gralloc0 CrOS API
06-16 09:51:46.577  4970  5004 W EGL-MAIN: failed to get driver name for fd -1
06-16 09:51:46.577  4970  5004 W EGL-MAIN: MESA-LOADER: failed to retrieve device information
06-16 09:51:46.577  4970  5004 W EGL-MAIN: failed to get driver name for fd -1
06-16 09:51:46.586  4970  5004 E libEGL  : call to OpenGL ES API with no current context (logged once per thread)
06-16 09:51:46.587  4970  5004 I tflite  : Initialized OpenGL-based API.
06-16 09:51:46.603  4970  4998 D CameraValidator: Verifying camera lens facing on waydroid_x86_64, lensFacingInteger: null
06-16 09:51:46.604  4970  4998 E CameraValidator: Camera LensFacing verification failed, existing cameras: []
06-16 09:51:46.604  4970  4998 W CameraX : Retry init. Start time 3612725 current time 3613258
06-16 09:51:46.604  4970  4998 W CameraX : androidx.camera.core.impl.CameraValidator$CameraIdListIncorrectException: Expected camera missing from device.
06-16 09:51:46.604  4970  4998 W CameraX : 	at androidx.camera.core.impl.CameraValidator.validateCameras(CameraValidator.java:97)
06-16 09:51:46.604  4970  4998 W CameraX : 	at androidx.camera.core.CameraX.lambda$initAndRetryRecursively$2$androidx-camera-core-CameraX(CameraX.java:334)
06-16 09:51:46.604  4970  4998 W CameraX : 	at androidx.camera.core.CameraX$$ExternalSyntheticLambda4.run(D8$$SyntheticClass:0)
06-16 09:51:46.604  4970  4998 W CameraX : 	at java.util.concurrent.ThreadPoolExecutor.runWorker(ThreadPoolExecutor.java:1137)
06-16 09:51:46.604  4970  4998 W CameraX : 	at java.util.concurrent.ThreadPoolExecutor$Worker.run(ThreadPoolExecutor.java:637)
06-16 09:51:46.604  4970  4998 W CameraX : 	at java.lang.Thread.run(Thread.java:1012)
06-16 09:51:46.604  4970  4998 W CameraX : Caused by: java.lang.IllegalArgumentException: No available camera can be found
06-16 09:51:46.604  4970  4998 W CameraX : 	at androidx.camera.core.CameraSelector.select(CameraSelector.java:94)
06-16 09:51:46.604  4970  4998 W CameraX : 	at androidx.camera.core.impl.CameraValidator.validateCameras(CameraValidator.java:83)
06-16 09:51:46.604  4970  4998 W CameraX : 	... 5 more
06-16 09:51:47.106  4970  4998 D CameraValidator: Verifying camera lens facing on waydroid_x86_64, lensFacingInteger: null
06-16 09:51:47.106  4970  4998 E CameraValidator: Camera LensFacing verification failed, existing cameras: []
06-16 09:51:47.107  4970  4998 W CameraX : Retry init. Start time 3612725 current time 3613760
06-16 09:51:47.107  4970  4998 W CameraX : androidx.camera.core.impl.CameraValidator$CameraIdListIncorrectException: Expected camera missing from device.
06-16 09:51:47.107  4970  4998 W CameraX : 	at androidx.camera.core.impl.CameraValidator.validateCameras(CameraValidator.java:97)
06-16 09:51:47.107  4970  4998 W CameraX : 	at androidx.camera.core.CameraX.lambda$initAndRetryRecursively$2$androidx-camera-core-CameraX(CameraX.java:334)
06-16 09:51:47.107  4970  4998 W CameraX : 	at androidx.camera.core.CameraX$$ExternalSyntheticLambda4.run(D8$$SyntheticClass:0)
06-16 09:51:47.107  4970  4998 W CameraX : 	at java.util.concurrent.ThreadPoolExecutor.runWorker(ThreadPoolExecutor.java:1137)
06-16 09:51:47.107  4970  4998 W CameraX : 	at java.util.concurrent.ThreadPoolExecutor$Worker.run(ThreadPoolExecutor.java:637)
06-16 09:51:47.107  4970  4998 W CameraX : 	at java.lang.Thread.run(Thread.java:1012)
06-16 09:51:47.107  4970  4998 W CameraX : Caused by: java.lang.IllegalArgumentException: No available camera can be found
06-16 09:51:47.107  4970  4998 W CameraX : 	at androidx.camera.core.CameraSelector.select(CameraSelector.java:94)
06-16 09:51:47.107  4970  4998 W CameraX : 	at androidx.camera.core.impl.CameraValidator.validateCameras(CameraValidator.java:83)
06-16 09:51:47.107  4970  4998 W CameraX : 	... 5 more
06-16 09:51:47.454   293   370 W InputDispatcher: Not sending touch gesture to b6c2b1e ActivityRecordInputSink com.himo.facerecon/.MainActivity because it is not responsive
06-16 09:51:47.454   293   370 W InputDispatcher: Window b6c2b1e ActivityRecordInputSink com.himo.facerecon/.MainActivity already unregistered input channel
06-16 09:51:47.463   293   370 W InputDispatcher: Not sending touch gesture to b6c2b1e ActivityRecordInputSink com.himo.facerecon/.MainActivity because it is not responsive
06-16 09:51:47.470   293   370 W InputDispatcher: Not sending touch gesture to b6c2b1e ActivityRecordInputSink com.himo.facerecon/.MainActivity because it is not responsive
06-16 09:51:47.479   293   370 W InputDispatcher: Not sending touch gesture to b6c2b1e ActivityRecordInputSink com.himo.facerecon/.MainActivity because it is not responsive
06-16 09:51:47.495   293   370 W InputDispatcher: Not sending touch gesture to b6c2b1e ActivityRecordInputSink com.himo.facerecon/.MainActivity because it is not responsive
06-16 09:51:47.609  4970  4998 D CameraValidator: Verifying camera lens facing on waydroid_x86_64, lensFacingInteger: null
06-16 09:51:47.609  4970  4998 E CameraValidator: Camera LensFacing verification failed, existing cameras: []
06-16 09:51:47.609  4970  4998 W CameraX : Retry init. Start time 3612725 current time 3614263
06-16 09:51:47.609  4970  4998 W CameraX : androidx.camera.core.impl.CameraValidator$CameraIdListIncorrectException: Expected camera missing from device.
06-16 09:51:47.609  4970  4998 W CameraX : 	at androidx.camera.core.impl.CameraValidator.validateCameras(CameraValidator.java:97)
06-16 09:51:47.609  4970  4998 W CameraX : 	at androidx.camera.core.CameraX.lambda$initAndRetryRecursively$2$androidx-camera-core-CameraX(CameraX.java:334)
06-16 09:51:47.609  4970  4998 W CameraX : 	at androidx.camera.core.CameraX$$ExternalSyntheticLambda4.run(D8$$SyntheticClass:0)
06-16 09:51:47.609  4970  4998 W CameraX : 	at java.util.concurrent.ThreadPoolExecutor.runWorker(ThreadPoolExecutor.java:1137)
06-16 09:51:47.609  4970  4998 W CameraX : 	at java.util.concurrent.ThreadPoolExecutor$Worker.run(ThreadPoolExecutor.java:637)
06-16 09:51:47.609  4970  4998 W CameraX : 	at java.lang.Thread.run(Thread.java:1012)
06-16 09:51:47.609  4970  4998 W CameraX : Caused by: java.lang.IllegalArgumentException: No available camera can be found
06-16 09:51:47.609  4970  4998 W CameraX : 	at androidx.camera.core.CameraSelector.select(CameraSelector.java:94)
06-16 09:51:47.609  4970  4998 W CameraX : 	at androidx.camera.core.impl.CameraValidator.validateCameras(CameraValidator.java:83)
06-16 09:51:47.609  4970  4998 W CameraX : 	... 5 more
06-16 09:51:47.751  4970  5004 I tflite  : Created 1 GPU delegate kernels.
06-16 09:51:47.767  4970  5004 D FaceRecognitionHelper: Loaded 31 samples for 8 people
06-16 09:51:47.767  4970  5004 D FaceRecognitionHelper: Loaded model=facenet.tflite dim=128
06-16 09:51:47.814   293   370 W InputDispatcher: Not sending touch gesture to b6c2b1e ActivityRecordInputSink com.himo.facerecon/.MainActivity because it is not responsive
06-16 09:51:47.851  4970  4970 W OnBackInvokedCallback: OnBackInvokedCallback is not enabled for the application.
06-16 09:51:47.851  4970  4970 W OnBackInvokedCallback: Set 'android:enableOnBackInvokedCallback="true"' in the application manifest.
06-16 09:51:47.958   293   370 W InputDispatcher: Not sending touch gesture to b6c2b1e ActivityRecordInputSink com.himo.facerecon/.MainActivity because it is not responsive
06-16 09:51:47.998   293   370 W InputDispatcher: Not sending touch gesture to b6c2b1e ActivityRecordInputSink com.himo.facerecon/.MainActivity because it is not responsive
06-16 09:51:48.005  4970  4988 E OpenGLRenderer: Device claims wide gamut support, cannot find matching config, error = EGL_SUCCESS
06-16 09:51:48.005  4970  4988 W OpenGLRenderer: Failed to initialize 101010-2 format, error = EGL_SUCCESS
06-16 09:51:48.009   293   370 W InputDispatcher: Not sending touch gesture to b6c2b1e ActivityRecordInputSink com.himo.facerecon/.MainActivity because it is not responsive
06-16 09:51:48.014   293   370 W InputDispatcher: Not sending touch gesture to b6c2b1e ActivityRecordInputSink com.himo.facerecon/.MainActivity because it is not responsive
06-16 09:51:48.017    99   193 E HWComposer: getSupportedContentTypes: getSupportedContentTypes failed for display 0: Unsupported (8)
06-16 09:51:48.017  4970  4988 E OpenGLRenderer: Unable to match the desired swap behavior.
06-16 09:51:48.018    19    19 I servicemanager: Could not find android.hardware.graphics.allocator.IAllocator/default in the VINTF manifest.
06-16 09:51:48.019    86  1424 V [minigbm:gbm_mesa_internals.cpp(382)]: Allocated: 1600x900, stride: 6656, map_stride: 0
06-16 09:51:48.021    86  1424 V [minigbm:gbm_mesa_internals.cpp(382)]: Allocated: 1600x900, stride: 6656, map_stride: 0
06-16 09:51:48.022    86  1424 V [minigbm:gbm_mesa_internals.cpp(382)]: Allocated: 1600x900, stride: 6656, map_stride: 0
06-16 09:51:48.023   293   370 W InputDispatcher: Not sending touch gesture to b6c2b1e ActivityRecordInputSink com.himo.facerecon/.MainActivity because it is not responsive
06-16 09:51:48.030   293   370 W InputDispatcher: Not sending touch gesture to b6c2b1e ActivityRecordInputSink com.himo.facerecon/.MainActivity because it is not responsive
06-16 09:51:48.039   293   370 W InputDispatcher: Not sending touch gesture to b6c2b1e ActivityRecordInputSink com.himo.facerecon/.MainActivity because it is not responsive
06-16 09:51:48.047   293   370 W InputDispatcher: Not sending touch gesture to b6c2b1e ActivityRecordInputSink com.himo.facerecon/.MainActivity because it is not responsive
06-16 09:51:48.054   293   370 W InputDispatcher: Not sending touch gesture to b6c2b1e ActivityRecordInputSink com.himo.facerecon/.MainActivity because it is not responsive
06-16 09:51:48.064   293   370 W InputDispatcher: Not sending touch gesture to b6c2b1e ActivityRecordInputSink com.himo.facerecon/.MainActivity because it is not responsive
06-16 09:51:48.070   293   370 W InputDispatcher: Not sending touch gesture to b6c2b1e ActivityRecordInputSink com.himo.facerecon/.MainActivity because it is not responsive
06-16 09:51:48.082   293   370 W InputDispatcher: Not sending touch gesture to b6c2b1e ActivityRecordInputSink com.himo.facerecon/.MainActivity because it is not responsive
06-16 09:51:48.083   293   308 W ziparchive: Unable to open '/data/app/~~zosC5MErOgm5uI7mwpwcog==/com.himo.facerecon-SDjWSmctI7igcdm_KwEujg==/base.dm': No such file or directory
06-16 09:51:48.085   293   308 I ActivityTaskManager: Displayed com.himo.facerecon/.MainActivity: +3s67ms
06-16 09:51:48.086  4970  4985 I OpenGLRenderer: Davey! duration=2134ms; Flags=1, FrameTimelineVsyncId=350456, IntendedVsync=3612592197578, Vsync=3612758841758, InputEventId=0, HandleInputStart=3612762330503, AnimationStart=3612762333604, PerformTraversalsStart=3612762458645, DrawStart=3614678277451, FrameDeadline=3612612864244, FrameInterval=3612762303150, FrameStartTime=16664418, SyncQueued=3614706714181, SyncStart=3614709515945, IssueDrawCommandsStart=3614709628984, SwapBuffers=3614723446331, FrameCompleted=3614729641234, DequeueBufferDuration=0, QueueBufferDuration=342040, GpuCompleted=3614729641234, SwapBuffersCompleted=3614725154163, DisplayPresentTime=0, CommandSubmissionCompleted=3614723446331, 
06-16 09:51:48.087   293   370 W InputDispatcher: Not sending touch gesture to b6c2b1e ActivityRecordInputSink com.himo.facerecon/.MainActivity because it is not responsive
06-16 09:51:48.097   293   370 W InputDispatcher: Window b6c2b1e ActivityRecordInputSink com.himo.facerecon/.MainActivity already unregistered input channel
06-16 09:51:48.102   293   724 D CompatibilityChangeReporter: Compat change id reported: 214016041; UID 10064; state: ENABLED
06-16 09:51:48.110    99   195 W TransactionTracing: Could not find layer handle 0x7e98d8036890
06-16 09:51:48.115  4970  4998 D CameraValidator: Verifying camera lens facing on waydroid_x86_64, lensFacingInteger: null
06-16 09:51:48.116  4970  4998 E CameraValidator: Camera LensFacing verification failed, existing cameras: []
06-16 09:51:48.116  4970  4998 W CameraX : Retry init. Start time 3612725 current time 3614770
06-16 09:51:48.116  4970  4998 W CameraX : androidx.camera.core.impl.CameraValidator$CameraIdListIncorrectException: Expected camera missing from device.
06-16 09:51:48.116  4970  4998 W CameraX : 	at androidx.camera.core.impl.CameraValidator.validateCameras(CameraValidator.java:97)
06-16 09:51:48.116  4970  4998 W CameraX : 	at androidx.camera.core.CameraX.lambda$initAndRetryRecursively$2$androidx-camera-core-CameraX(CameraX.java:334)
06-16 09:51:48.116  4970  4998 W CameraX : 	at androidx.camera.core.CameraX$$ExternalSyntheticLambda4.run(D8$$SyntheticClass:0)
06-16 09:51:48.116  4970  4998 W CameraX : 	at java.util.concurrent.ThreadPoolExecutor.runWorker(ThreadPoolExecutor.java:1137)
06-16 09:51:48.116  4970  4998 W CameraX : 	at java.util.concurrent.ThreadPoolExecutor$Worker.run(ThreadPoolExecutor.java:637)
06-16 09:51:48.116  4970  4998 W CameraX : 	at java.lang.Thread.run(Thread.java:1012)
06-16 09:51:48.116  4970  4998 W CameraX : Caused by: java.lang.IllegalArgumentException: No available camera can be found
06-16 09:51:48.116  4970  4998 W CameraX : 	at androidx.camera.core.CameraSelector.select(CameraSelector.java:94)
06-16 09:51:48.116  4970  4998 W CameraX : 	at androidx.camera.core.impl.CameraValidator.validateCameras(CameraValidator.java:83)
06-16 09:51:48.116  4970  4998 W CameraX : 	... 5 more
06-16 09:51:48.120  4970  4970 I Choreographer: Skipped 116 frames!  The application may be doing too much work on its main thread.
06-16 09:51:48.152   974  1106 I FontLog : Received query Noto Color Emoji Compat, URI content://com.google.android.gms.fonts [CONTEXT service_id=132 ]
06-16 09:51:48.152   974  1106 I FontLog : Query [emojicompat-emoji-font] resolved to {Noto Color Emoji Compat, wdth 100.0, wght 400, ital 0.0, bestEffort false}, isVf false} [CONTEXT service_id=132 ]
06-16 09:51:48.153   974  1106 I FontLog : Fetch {Noto Color Emoji Compat, wdth 100.0, wght 400, ital 0.0, bestEffort false}, isVf false} end status Status{statusCode=SUCCESS, resolution=null} [CONTEXT service_id=132 ]
06-16 09:51:48.154  1363  1363 I byia    : onStop
06-16 09:51:48.163    99   195 W TransactionTracing: Could not find layer handle 0x7e98d8043b50
06-16 09:51:48.163    99   195 W TransactionTracing: Could not find layer handle 0x7e98d80311f0
06-16 09:51:48.166   974   992 I FontLog : Pulling font file for id = 10, cache size = 6 [CONTEXT service_id=132 ]
06-16 09:51:48.172   974   992 I FontLog : Pulling font file for id = 10, cache size = 6 [CONTEXT service_id=132 ]
06-16 09:51:48.441   293  1445 D CoreBackPreview: Window{faf491 u0 com.himo.facerecon/SplashScreen EXITING}: Setting back callback null
06-16 09:51:48.441   293   724 W InputManager-JNI: Input channel object 'faf491 com.himo.facerecon/SplashScreen (client)' was disposed without first being removed with the input manager!
06-16 09:51:48.461  2605  2932 E msys    : E[N mns:DGWClient]_LogError(304)=>Failed to resolve using system DNS resolver, getaddrinfo(): No address associated with hostname
06-16 09:51:48.469   293   293 W WindowManager: removeWindowToken: Attempted to remove non-existing token: android.os.Binder@9803881
06-16 09:51:48.619  4970  4998 D CameraValidator: Verifying camera lens facing on waydroid_x86_64, lensFacingInteger: null
06-16 09:51:48.619  4970  4998 E CameraValidator: Camera LensFacing verification failed, existing cameras: []
06-16 09:51:48.619  4970  4998 E CameraX : The device might underreport the amount of the cameras. Finish the initialize task since we are already reaching the maximum number of retries.
06-16 09:51:48.625    99   195 W TransactionTracing: Could not find layer handle 0x7e98d803e8d0
06-16 09:51:48.626    99   195 W TransactionTracing: Could not find layer handle 0x7e98d8042290
06-16 09:51:48.626    99   195 W TransactionTracing: Could not find layer handle 0x7e98d8041d50
06-16 09:51:48.626    99   195 W TransactionTracing: Could not find layer handle 0x7e98d8041d50
06-16 09:51:48.626    99   195 W TransactionTracing: Could not find layer handle 0x7e98d8042290
06-16 09:51:48.632  4970  4970 E MainScreen: Failed to bind camera
06-16 09:51:48.632  4970  4970 E MainScreen: java.lang.IllegalArgumentException: Provided camera selector unable to resolve a camera for the given use case
06-16 09:51:48.632  4970  4970 E MainScreen: 	at androidx.camera.lifecycle.ProcessCameraProvider.bindToLifecycle(ProcessCameraProvider.java:589)
06-16 09:51:48.632  4970  4970 E MainScreen: 	at androidx.camera.lifecycle.ProcessCameraProvider.bindToLifecycle(ProcessCameraProvider.java:387)
06-16 09:51:48.632  4970  4970 E MainScreen: 	at com.himo.facerecon.MainScreenKt.bindCameraUseCases(MainScreen.kt:938)
06-16 09:51:48.632  4970  4970 E MainScreen: 	at com.himo.facerecon.MainScreenKt.access$bindCameraUseCases(MainScreen.kt:1)
06-16 09:51:48.632  4970  4970 E MainScreen: 	at com.himo.facerecon.MainScreenKt$MainScreen$1$1.invokeSuspend(MainScreen.kt:172)
06-16 09:51:48.632  4970  4970 E MainScreen: 	at kotlin.coroutines.jvm.internal.BaseContinuationImpl.resumeWith(ContinuationImpl.kt:33)
06-16 09:51:48.632  4970  4970 E MainScreen: 	at kotlinx.coroutines.DispatchedTask.run(DispatchedTask.kt:101)
06-16 09:51:48.632  4970  4970 E MainScreen: 	at androidx.compose.ui.platform.AndroidUiDispatcher.performTrampolineDispatch(AndroidUiDispatcher.android.kt:79)
06-16 09:51:48.632  4970  4970 E MainScreen: 	at androidx.compose.ui.platform.AndroidUiDispatcher.access$performTrampolineDispatch(AndroidUiDispatcher.android.kt:41)
06-16 09:51:48.632  4970  4970 E MainScreen: 	at androidx.compose.ui.platform.AndroidUiDispatcher$dispatchCallback$1.run(AndroidUiDispatcher.android.kt:57)
06-16 09:51:48.632  4970  4970 E MainScreen: 	at android.os.Handler.handleCallback(Handler.java:942)
06-16 09:51:48.632  4970  4970 E MainScreen: 	at android.os.Handler.dispatchMessage(Handler.java:99)
06-16 09:51:48.632  4970  4970 E MainScreen: 	at android.os.Looper.loopOnce(Looper.java:201)
06-16 09:51:48.632  4970  4970 E MainScreen: 	at android.os.Looper.loop(Looper.java:288)
06-16 09:51:48.632  4970  4970 E MainScreen: 	at android.app.ActivityThread.main(ActivityThread.java:7924)
06-16 09:51:48.632  4970  4970 E MainScreen: 	at java.lang.reflect.Method.invoke(Native Method)
06-16 09:51:48.632  4970  4970 E MainScreen: 	at com.android.internal.os.RuntimeInit$MethodAndArgsCaller.run(RuntimeInit.java:548)
06-16 09:51:48.632  4970  4970 E MainScreen: 	at com.android.internal.os.ZygoteInit.main(ZygoteInit.java:937)
06-16 09:51:49.025    99   195 W TransactionTracing: Could not find layer id -1
06-16 09:51:49.025    99   195 W TransactionTracing: Could not find layer id -1
06-16 09:51:49.267  2605  2932 E msys    : E[N mns:DGWClient]_LogError(304)=>Failed to resolve using system DNS resolver, getaddrinfo(): No address associated with hostname
06-16 09:51:49.462   474   474 D VRI[NavigationBar0]: updatePointerIcon called with position out of bounds
06-16 09:51:50.391  1920  3152 I PlayCommon: [83] Preparing logs for uploading
06-16 09:51:50.393  1920  3152 I PlayCommon: [83] Connecting to server for timestamp: https://play.googleapis.com/play/log/timestamp
06-16 09:51:50.974  2605  2892 W RealtimeClientManager: Channel state: MqttChannelState{mConnectionState=CONNECTING, mDisconnectionReason=null, mLastConnectionMs=0, mLastDisconnectMs=3586627}
06-16 09:51:52.095  4970  5030 D ProfileInstaller: Installing profile for com.himo.facerecon
06-16 09:51:53.081   974   974 D BoundBrokerSvc: onUnbind: Intent { act=com.google.android.gms.common.telemetry.service.START dat=chimera-action:/... cmp=com.google.android.gms/.chimera.PersistentApiService }
06-16 09:51:54.955  2605  2836 E msys    : E[N mns:TigonMNS]_LogError(304)=>Failed to resolve using system DNS resolver, getaddrinfo(): No address associated with hostname
06-16 09:51:54.955  2605  2836 E msys    : E[N mns:TigonMNS]_LogError(304)=>Failed to resolve using system DNS resolver, getaddrinfo(): No address associated with hostname
06-16 09:51:54.955  2605  2836 E msys    : E[N mns:TigonMNS]_LogError(304)=>Failed to resolve using system DNS resolver, getaddrinfo(): No address associated with hostname
06-16 09:51:54.955  2605  2836 E msys    : E[N mns:TigonMNS]_LogError(304)=>Failed to resolve using system DNS resolver, getaddrinfo(): No address associated with hostname
06-16 09:51:55.957  4970  4981 W System  : A resource failed to call close. 
06-16 09:51:56.131  2605  3232 E msys    : E[N MQTT]onConnectError(562)=>Connect Error: folly::AsyncSocketException: AsyncSocketException: connect failed, type = Socket not open, errno = 101 (Network is unreachable)
06-16 09:51:56.132  2605  2892 W RealtimeClientManager: Channel state: MqttChannelState{mConnectionState=DISCONNECTED, mDisconnectionReason=null, mLastConnectionMs=0, mLastDisconnectMs=3622786}
06-16 09:51:57.503   474   474 D VRI[NavigationBar0]: updatePointerIcon called with position out of bounds
06-16 09:51:57.661  2605  2932 E msys    : E[N mns:DGWClient]_LogError(304)=>Failed to resolve using system DNS resolver, getaddrinfo(): No address associated with hostname
06-16 09:51:57.714  4970  4970 E MainScreen: Failed to bind camera
06-16 09:51:57.714  4970  4970 E MainScreen: java.lang.IllegalArgumentException: Provided camera selector unable to resolve a camera for the given use case
06-16 09:51:57.714  4970  4970 E MainScreen: 	at androidx.camera.lifecycle.ProcessCameraProvider.bindToLifecycle(ProcessCameraProvider.java:589)
06-16 09:51:57.714  4970  4970 E MainScreen: 	at androidx.camera.lifecycle.ProcessCameraProvider.bindToLifecycle(ProcessCameraProvider.java:387)
06-16 09:51:57.714  4970  4970 E MainScreen: 	at com.himo.facerecon.MainScreenKt.bindCameraUseCases(MainScreen.kt:938)
06-16 09:51:57.714  4970  4970 E MainScreen: 	at com.himo.facerecon.MainScreenKt.access$bindCameraUseCases(MainScreen.kt:1)
06-16 09:51:57.714  4970  4970 E MainScreen: 	at com.himo.facerecon.MainScreenKt$MainScreen$1$1.invokeSuspend(MainScreen.kt:172)
06-16 09:51:57.714  4970  4970 E MainScreen: 	at kotlin.coroutines.jvm.internal.BaseContinuationImpl.resumeWith(ContinuationImpl.kt:33)
06-16 09:51:57.714  4970  4970 E MainScreen: 	at kotlinx.coroutines.DispatchedTask.run(DispatchedTask.kt:101)
06-16 09:51:57.714  4970  4970 E MainScreen: 	at androidx.compose.ui.platform.AndroidUiDispatcher.performTrampolineDispatch(AndroidUiDispatcher.android.kt:79)
06-16 09:51:57.714  4970  4970 E MainScreen: 	at androidx.compose.ui.platform.AndroidUiDispatcher.access$performTrampolineDispatch(AndroidUiDispatcher.android.kt:41)
06-16 09:51:57.714  4970  4970 E MainScreen: 	at androidx.compose.ui.platform.AndroidUiDispatcher$dispatchCallback$1.run(AndroidUiDispatcher.android.kt:57)
06-16 09:51:57.714  4970  4970 E MainScreen: 	at android.os.Handler.handleCallback(Handler.java:942)
06-16 09:51:57.714  4970  4970 E MainScreen: 	at android.os.Handler.dispatchMessage(Handler.java:99)
06-16 09:51:57.714  4970  4970 E MainScreen: 	at android.os.Looper.loopOnce(Looper.java:201)
06-16 09:51:57.714  4970  4970 E MainScreen: 	at android.os.Looper.loop(Looper.java:288)
06-16 09:51:57.714  4970  4970 E MainScreen: 	at android.app.ActivityThread.main(ActivityThread.java:7924)
06-16 09:51:57.714  4970  4970 E MainScreen: 	at java.lang.reflect.Method.invoke(Native Method)
06-16 09:51:57.714  4970  4970 E MainScreen: 	at com.android.internal.os.RuntimeInit$MethodAndArgsCaller.run(RuntimeInit.java:548)
06-16 09:51:57.714  4970  4970 E MainScreen: 	at com.android.internal.os.ZygoteInit.main(ZygoteInit.java:937)
06-16 09:51:58.470  2605  2932 E msys    : E[N mns:DGWClient]_LogError(304)=>Failed to resolve using system DNS resolver, getaddrinfo(): No address associated with hostname
06-16 09:51:58.749   974   974 D BoundBrokerSvc: onUnbind: Intent { act=com.google.android.gms.libs.gmscorelogger.service.START dat=chimera-action:/... cmp=com.google.android.gms/.chimera.PersistentDirectBootAwareApiService }
06-16 09:51:58.750  1741  1858 I PlayCommon: [73] Preparing logs for uploading
06-16 09:51:58.751  1741  1858 I PlayCommon: [73] Connecting to server for timestamp: https://play.googleapis.com/play/log/timestamp
06-16 09:52:00.404  1920  3152 E PlayCommon: [83] Failed to connect to server for server timestamp: java.net.UnknownHostException: Unable to resolve host "play.googleapis.com": No address associated with hostname
06-16 09:52:00.405  1920  3152 I PlayCommon: [83] Connecting to server: https://play.googleapis.com/play/log?format=raw&proto_v2=true
06-16 09:52:00.405  1920  3152 E PlayCommon: [83] Failed to connect to server for log upload.
06-16 09:52:01.190   293   309 E RemoteAugmentedAutofillService: Bad service name for flags 1048704: com.google.android.as/com.google.android.apps.miphone.aiai.app.AiAiAugmentedAutofillService
06-16 09:52:01.298  4970  4970 E MainScreen: Failed to bind camera
06-16 09:52:01.298  4970  4970 E MainScreen: java.lang.IllegalArgumentException: Provided camera selector unable to resolve a camera for the given use case
06-16 09:52:01.298  4970  4970 E MainScreen: 	at androidx.camera.lifecycle.ProcessCameraProvider.bindToLifecycle(ProcessCameraProvider.java:589)
06-16 09:52:01.298  4970  4970 E MainScreen: 	at androidx.camera.lifecycle.ProcessCameraProvider.bindToLifecycle(ProcessCameraProvider.java:387)
06-16 09:52:01.298  4970  4970 E MainScreen: 	at com.himo.facerecon.MainScreenKt.bindCameraUseCases(MainScreen.kt:938)
06-16 09:52:01.298  4970  4970 E MainScreen: 	at com.himo.facerecon.MainScreenKt.access$bindCameraUseCases(MainScreen.kt:1)
06-16 09:52:01.298  4970  4970 E MainScreen: 	at com.himo.facerecon.MainScreenKt$MainScreen$1$1.invokeSuspend(MainScreen.kt:172)
06-16 09:52:01.298  4970  4970 E MainScreen: 	at kotlin.coroutines.jvm.internal.BaseContinuationImpl.resumeWith(ContinuationImpl.kt:33)
06-16 09:52:01.298  4970  4970 E MainScreen: 	at kotlinx.coroutines.DispatchedTask.run(DispatchedTask.kt:101)
06-16 09:52:01.298  4970  4970 E MainScreen: 	at androidx.compose.ui.platform.AndroidUiDispatcher.performTrampolineDispatch(AndroidUiDispatcher.android.kt:79)
06-16 09:52:01.298  4970  4970 E MainScreen: 	at androidx.compose.ui.platform.AndroidUiDispatcher.access$performTrampolineDispatch(AndroidUiDispatcher.android.kt:41)
06-16 09:52:01.298  4970  4970 E MainScreen: 	at androidx.compose.ui.platform.AndroidUiDispatcher$dispatchCallback$1.run(AndroidUiDispatcher.android.kt:57)
06-16 09:52:01.298  4970  4970 E MainScreen: 	at android.os.Handler.handleCallback(Handler.java:942)
06-16 09:52:01.298  4970  4970 E MainScreen: 	at android.os.Handler.dispatchMessage(Handler.java:99)
06-16 09:52:01.298  4970  4970 E MainScreen: 	at android.os.Looper.loopOnce(Looper.java:201)
06-16 09:52:01.298  4970  4970 E MainScreen: 	at android.os.Looper.loop(Looper.java:288)
06-16 09:52:01.298  4970  4970 E MainScreen: 	at android.app.ActivityThread.main(ActivityThread.java:7924)
06-16 09:52:01.298  4970  4970 E MainScreen: 	at java.lang.reflect.Method.invoke(Native Method)
06-16 09:52:01.298  4970  4970 E MainScreen: 	at com.android.internal.os.RuntimeInit$MethodAndArgsCaller.run(RuntimeInit.java:548)
06-16 09:52:01.298  4970  4970 E MainScreen: 	at com.android.internal.os.ZygoteInit.main(ZygoteInit.java:937)
06-16 09:52:02.288   725   725 W Choreographer: Frame time is 0.051192 ms in the future!  Check that graphics HAL is generating vsync timestamps using the correct timebase.
06-16 09:52:02.288  4970  4970 W Choreographer: Frame time is 0.021646 ms in the future!  Check that graphics HAL is generating vsync timestamps using the correct timebase.
06-16 09:52:02.318   474   474 D VRI[NavigationBar0]: updatePointerIcon called with position out of bounds
06-16 09:52:02.575    99   195 W TransactionTracing: Could not find layer id -1
06-16 09:52:02.575    99   195 W TransactionTracing: Could not find layer id -1
06-16 09:52:02.626    99   195 W TransactionTracing: Could not find layer id -1
06-16 09:52:02.854   725   725 W Choreographer: Frame time is 0.095761 ms in the future!  Check that graphics HAL is generating vsync timestamps using the correct timebase.
06-16 09:52:02.855  4970  4970 W Choreographer: Frame time is 0.069033 ms in the future!  Check that graphics HAL is generating vsync timestamps using the correct timebase.
