06-16 09:51:16.495   293   370 W InputDispatcher: Dropping untrusted touch event due to /1000
06-16 09:51:16.496   293   370 I InputManager: Suppressing untrusted touch toast for 
06-16 09:51:16.498  2516  2516 D CompatibilityChangeReporter: Compat change id reported: 147798919; UID 10064; state: ENABLED
06-16 09:51:16.503   293   370 W InputDispatcher: Untrusted touch due to occlusion by /1000
06-16 09:51:16.503   293   370 D InputDispatcher: Stack of obscuring windows during untrusted touch (356, 334):
06-16 09:51:16.503   293   370 D InputDispatcher:     * package=/1000, id=408, mode=BLOCK_UNTRUSTED, alpha=0.20, frame=[0,0][1600,900], touchableRegion=<empty>, window={Dim Layer for - Task=11#408}, inputConfig={NO_INPUT_CHANNEL}, hasToken=false, applicationInfo.name=, applicationInfo.token=<null>
06-16 09:51:16.503   293   370 D InputDispatcher:     * [TOUCHED] package=com.himo.facerecon/10064, id=399, mode=BLOCK_UNTRUSTED, alpha=1.00, frame=[0,0][1600,900], touchableRegion=[0,0][1600,900], window={44d3465 com.himo.facerecon/com.himo.facerecon.MainActivity}, inputConfig={0x0}, hasToken=true, applicationInfo.name=ActivityRecord{d8f1be2 u0 com.himo.facerecon/.MainActivity} t11}, applicationInfo.token=0x73bc5aa9cfb0
06-16 09:51:16.503   293   370 W InputDispatcher: Dropping untrusted touch event due to /1000
06-16 09:51:16.504   293   370 I InputManager: Suppressing untrusted touch toast for 
06-16 09:51:16.511   293   370 W InputDispatcher: Untrusted touch due to occlusion by /1000
06-16 09:51:16.511   293   370 D InputDispatcher: Stack of obscuring windows during untrusted touch (316, 324):
06-16 09:51:16.511   293   370 D InputDispatcher:     * package=/1000, id=408, mode=BLOCK_UNTRUSTED, alpha=0.13, frame=[0,0][1600,900], touchableRegion=<empty>, window={Dim Layer for - Task=11#408}, inputConfig={NO_INPUT_CHANNEL}, hasToken=false, applicationInfo.name=, applicationInfo.token=<null>
06-16 09:51:16.511   293   370 D InputDispatcher:     * [TOUCHED] package=com.himo.facerecon/10064, id=399, mode=BLOCK_UNTRUSTED, alpha=1.00, frame=[0,0][1600,900], touchableRegion=[0,0][1600,900], window={44d3465 com.himo.facerecon/com.himo.facerecon.MainActivity}, inputConfig={0x0}, hasToken=true, applicationInfo.name=ActivityRecord{d8f1be2 u0 com.himo.facerecon/.MainActivity} t11}, applicationInfo.token=0x73bc5aa9cfb0
06-16 09:51:16.511   293   370 W InputDispatcher: Dropping untrusted touch event due to /1000
06-16 09:51:16.511   293   370 I InputManager: Suppressing untrusted touch toast for 
06-16 09:51:16.517   474   721 W Parcel  : Expecting binder but got null!
06-16 09:51:16.518   293   370 W InputDispatcher: Untrusted touch due to occlusion by /1000
06-16 09:51:16.518   293   370 D InputDispatcher: Stack of obscuring windows during untrusted touch (282, 314):
06-16 09:51:16.519   293   370 D InputDispatcher:     * package=/1000, id=408, mode=BLOCK_UNTRUSTED, alpha=0.13, frame=[0,0][1600,900], touchableRegion=<empty>, window={Dim Layer for - Task=11#408}, inputConfig={NO_INPUT_CHANNEL}, hasToken=false, applicationInfo.name=, applicationInfo.token=<null>
06-16 09:51:16.519   293   370 D InputDispatcher:     * [TOUCHED] package=com.himo.facerecon/10064, id=399, mode=BLOCK_UNTRUSTED, alpha=1.00, frame=[0,0][1600,900], touchableRegion=[0,0][1600,900], window={44d3465 com.himo.facerecon/com.himo.facerecon.MainActivity}, inputConfig={0x0}, hasToken=true, applicationInfo.name=ActivityRecord{d8f1be2 u0 com.himo.facerecon/.MainActivity} t11}, applicationInfo.token=0x73bc5aa9cfb0
06-16 09:51:16.519   293   370 W InputDispatcher: Dropping untrusted touch event due to /1000
06-16 09:51:16.519   293   370 I InputManager: Suppressing untrusted touch toast for 
06-16 09:51:16.522   293  1446 D CoreBackPreview: Window{891996a u0 Toast}: Setting back callback OnBackInvokedCallbackInfo{mCallback=android.window.IOnBackInvokedCallback$Stub$Proxy@6f1c6f8, mPriority=0}
06-16 09:51:16.527   293   370 W InputDispatcher: Untrusted touch due to occlusion by /1000
06-16 09:51:16.527   293   370 D InputDispatcher: Stack of obscuring windows during untrusted touch (258, 310):
06-16 09:51:16.527   293   370 D InputDispatcher:     * package=/1000, id=408, mode=BLOCK_UNTRUSTED, alpha=0.06, frame=[0,0][1600,900], touchableRegion=<empty>, window={Dim Layer for - Task=11#408}, inputConfig={NO_INPUT_CHANNEL}, hasToken=false, applicationInfo.name=, applicationInfo.token=<null>
06-16 09:51:16.527   293   370 D InputDispatcher:     * [TOUCHED] package=com.himo.facerecon/10064, id=399, mode=BLOCK_UNTRUSTED, alpha=1.00, frame=[0,0][1600,900], touchableRegion=[0,0][1600,900], window={44d3465 com.himo.facerecon/com.himo.facerecon.MainActivity}, inputConfig={0x0}, hasToken=true, applicationInfo.name=ActivityRecord{d8f1be2 u0 com.himo.facerecon/.MainActivity} t11}, applicationInfo.token=0x73bc5aa9cfb0
06-16 09:51:16.527   293   370 W InputDispatcher: Dropping untrusted touch event due to /1000
06-16 09:51:16.527   293   370 I InputManager: Suppressing untrusted touch toast for 
06-16 09:51:16.534   474   721 E OpenGLRenderer: Unable to match the desired swap behavior.
06-16 09:51:16.535    86  1424 V [minigbm:gbm_mesa_internals.cpp(382)]: Allocated: 177x60, stride: 1024, map_stride: 0
06-16 09:51:16.537   293   370 W InputDispatcher: Untrusted touch due to occlusion by /1000
06-16 09:51:16.537   293   370 D InputDispatcher: Stack of obscuring windows during untrusted touch (238, 306):
06-16 09:51:16.537   293   370 D InputDispatcher:     * package=/1000, id=408, mode=BLOCK_UNTRUSTED, alpha=0.06, frame=[0,0][1600,900], touchableRegion=<empty>, window={Dim Layer for - Task=11#408}, inputConfig={NO_INPUT_CHANNEL}, hasToken=false, applicationInfo.name=, applicationInfo.token=<null>
06-16 09:51:16.537   293   370 D InputDispatcher:     * [TOUCHED] package=com.himo.facerecon/10064, id=399, mode=BLOCK_UNTRUSTED, alpha=1.00, frame=[0,0][1600,900], touchableRegion=[0,0][1600,900], window={44d3465 com.himo.facerecon/com.himo.facerecon.MainActivity}, inputConfig={0x0}, hasToken=true, applicationInfo.name=ActivityRecord{d8f1be2 u0 com.himo.facerecon/.MainActivity} t11}, applicationInfo.token=0x73bc5aa9cfb0
06-16 09:51:16.537   293   370 W InputDispatcher: Dropping untrusted touch event due to /1000
06-16 09:51:16.537   293   370 I InputManager: Suppressing untrusted touch toast for 
06-16 09:51:16.538    86  1424 V [minigbm:gbm_mesa_internals.cpp(382)]: Allocated: 177x60, stride: 1024, map_stride: 0
06-16 09:51:16.540    86  1424 V [minigbm:gbm_mesa_internals.cpp(382)]: Allocated: 177x60, stride: 1024, map_stride: 0
06-16 09:51:16.543   293   370 W InputDispatcher: Untrusted touch due to occlusion by /1000
06-16 09:51:16.543   293   370 D InputDispatcher: Stack of obscuring windows during untrusted touch (230, 304):
06-16 09:51:16.543   293   370 D InputDispatcher:     * package=/1000, id=408, mode=BLOCK_UNTRUSTED, alpha=0.06, frame=[0,0][1600,900], touchableRegion=<empty>, window={Dim Layer for - Task=11#408}, inputConfig={NO_INPUT_CHANNEL}, hasToken=false, applicationInfo.name=, applicationInfo.token=<null>
06-16 09:51:16.543   293   370 D InputDispatcher:     * [TOUCHED] package=com.himo.facerecon/10064, id=399, mode=BLOCK_UNTRUSTED, alpha=1.00, frame=[0,0][1600,900], touchableRegion=[0,0][1600,900], window={44d3465 com.himo.facerecon/com.himo.facerecon.MainActivity}, inputConfig={0x0}, hasToken=true, applicationInfo.name=ActivityRecord{d8f1be2 u0 com.himo.facerecon/.MainActivity} t11}, applicationInfo.token=0x73bc5aa9cfb0
06-16 09:51:16.543   293   370 W InputDispatcher: Dropping untrusted touch event due to /1000
06-16 09:51:16.543   293   370 I InputManager: Suppressing untrusted touch toast for 
06-16 09:51:16.544    99   195 W TransactionTracing: Could not find layer handle 0x7e98d8041750
06-16 09:51:16.544    99   195 W TransactionTracing: Could not find layer handle 0x7e98d803fcb0
06-16 09:51:16.544    99   195 W TransactionTracing: Could not find layer handle 0x7e98d8040730
06-16 09:51:16.544    99   195 W TransactionTracing: Could not find layer handle 0x7e98d803bb70
06-16 09:51:16.544    99   195 W TransactionTracing: Could not find layer handle 0x7e98d803a4f0
06-16 09:51:16.621   725   725 W Choreographer: Frame time is 0.187089 ms in the future!  Check that graphics HAL is generating vsync timestamps using the correct timebase.
06-16 09:51:16.621   474   474 W Choreographer: Frame time is 0.187091 ms in the future!  Check that graphics HAL is generating vsync timestamps using the correct timebase.
06-16 09:51:16.621  2516  2516 W Choreographer: Frame time is 0.163025 ms in the future!  Check that graphics HAL is generating vsync timestamps using the correct timebase.
06-16 09:51:17.119   474   474 D VRI[NavigationBar0]: updatePointerIcon called with position out of bounds
06-16 09:51:17.208  2516  2516 I android_os_HwBinder: HwBinder: Starting hwbinderthread pool for getting: vendor.waydroid.window@1.1::IWaydroidWindow/default
06-16 09:51:17.215  2516  2516 W OnBackInvokedCallback: OnBackInvokedCallback is not enabled for the application.
06-16 09:51:17.215  2516  2516 W OnBackInvokedCallback: Set 'android:enableOnBackInvokedCallback="true"' in the application manifest.
06-16 09:51:17.218  2516  2663 W Parcel  : Expecting binder but got null!
06-16 09:51:17.221   293  4509 D CoreBackPreview: Window{307ebc2 u0 com.himo.facerecon/com.himo.facerecon.MainActivity}: Setting back callback OnBackInvokedCallbackInfo{mCallback=android.window.IOnBackInvokedCallback$Stub$Proxy@6aa5a3c, mPriority=0}
06-16 09:51:17.258  2516  2663 E OpenGLRenderer: Unable to match the desired swap behavior.
06-16 09:51:17.259    86  1424 V [minigbm:gbm_mesa_internals.cpp(382)]: Allocated: 702x482, stride: 3072, map_stride: 0
06-16 09:51:17.260    86  1424 V [minigbm:gbm_mesa_internals.cpp(382)]: Allocated: 702x482, stride: 3072, map_stride: 0
06-16 09:51:17.261    86   173 V [minigbm:gbm_mesa_internals.cpp(382)]: Allocated: 702x482, stride: 3072, map_stride: 0
06-16 09:51:17.297   293   370 W InputDispatcher: Untrusted touch due to occlusion by /1000
06-16 09:51:17.297   293   370 D InputDispatcher: Stack of obscuring windows during untrusted touch (252, 249):
06-16 09:51:17.297   293   370 D InputDispatcher:     * package=/1000, id=428, mode=BLOCK_UNTRUSTED, alpha=0.00, frame=[0,0][1600,900], touchableRegion=<empty>, window={Dim Layer for - Task=11#428}, inputConfig={NO_INPUT_CHANNEL}, hasToken=false, applicationInfo.name=, applicationInfo.token=<null>
06-16 09:51:17.297   293   370 D InputDispatcher:     * [TOUCHED] package=com.himo.facerecon/10064, id=399, mode=BLOCK_UNTRUSTED, alpha=1.00, frame=[0,0][1600,900], touchableRegion=[0,0][1600,900], window={44d3465 com.himo.facerecon/com.himo.facerecon.MainActivity}, inputConfig={0x0}, hasToken=true, applicationInfo.name=ActivityRecord{d8f1be2 u0 com.himo.facerecon/.MainActivity} t11}, applicationInfo.token=0x73bc5aa9cfb0
06-16 09:51:17.297   293   370 W InputDispatcher: Dropping untrusted touch event due to /1000
06-16 09:51:17.297   293   370 I InputManager: Suppressing untrusted touch toast for 
06-16 09:51:17.302   293   370 W InputDispatcher: Untrusted touch due to occlusion by /1000
06-16 09:51:17.302   293   370 D InputDispatcher: Stack of obscuring windows during untrusted touch (253, 250):
06-16 09:51:17.302   293   370 D InputDispatcher:     * package=/1000, id=428, mode=BLOCK_UNTRUSTED, alpha=0.00, frame=[0,0][1600,900], touchableRegion=<empty>, window={Dim Layer for - Task=11#428}, inputConfig={NO_INPUT_CHANNEL}, hasToken=false, applicationInfo.name=, applicationInfo.token=<null>
06-16 09:51:17.302   293   370 D InputDispatcher:     * [TOUCHED] package=com.himo.facerecon/10064, id=399, mode=BLOCK_UNTRUSTED, alpha=1.00, frame=[0,0][1600,900], touchableRegion=[0,0][1600,900], window={44d3465 com.himo.facerecon/com.himo.facerecon.MainActivity}, inputConfig={0x0}, hasToken=true, applicationInfo.name=ActivityRecord{d8f1be2 u0 com.himo.facerecon/.MainActivity} t11}, applicationInfo.token=0x73bc5aa9cfb0
06-16 09:51:17.302   293   370 W InputDispatcher: Dropping untrusted touch event due to /1000
06-16 09:51:17.303   293   370 I InputManager: Suppressing untrusted touch toast for 
06-16 09:51:17.311   293   370 W InputDispatcher: Untrusted touch due to occlusion by /1000
06-16 09:51:17.311   293   370 D InputDispatcher: Stack of obscuring windows during untrusted touch (254, 251):
06-16 09:51:17.311   293   370 D InputDispatcher:     * package=/1000, id=428, mode=BLOCK_UNTRUSTED, alpha=0.00, frame=[0,0][1600,900], touchableRegion=<empty>, window={Dim Layer for - Task=11#428}, inputConfig={NO_INPUT_CHANNEL}, hasToken=false, applicationInfo.name=, applicationInfo.token=<null>
06-16 09:51:17.311   293   370 D InputDispatcher:     * [TOUCHED] package=com.himo.facerecon/10064, id=399, mode=BLOCK_UNTRUSTED, alpha=1.00, frame=[0,0][1600,900], touchableRegion=[0,0][1600,900], window={44d3465 com.himo.facerecon/com.himo.facerecon.MainActivity}, inputConfig={0x0}, hasToken=true, applicationInfo.name=ActivityRecord{d8f1be2 u0 com.himo.facerecon/.MainActivity} t11}, applicationInfo.token=0x73bc5aa9cfb0
06-16 09:51:17.311   293   370 W InputDispatcher: Dropping untrusted touch event due to /1000
06-16 09:51:17.311   293   370 I InputManager: Suppressing untrusted touch toast for 
06-16 09:51:17.318   293   370 W InputDispatcher: Untrusted touch due to occlusion by /1000
06-16 09:51:17.318   293   370 D InputDispatcher: Stack of obscuring windows during untrusted touch (257, 254):
06-16 09:51:17.318   293   370 D InputDispatcher:     * package=/1000, id=428, mode=BLOCK_UNTRUSTED, alpha=0.00, frame=[0,0][1600,900], touchableRegion=<empty>, window={Dim Layer for - Task=11#428}, inputConfig={NO_INPUT_CHANNEL}, hasToken=false, applicationInfo.name=, applicationInfo.token=<null>
06-16 09:51:17.318   293   370 D InputDispatcher:     * [TOUCHED] package=com.himo.facerecon/10064, id=399, mode=BLOCK_UNTRUSTED, alpha=1.00, frame=[0,0][1600,900], touchableRegion=[0,0][1600,900], window={44d3465 com.himo.facerecon/com.himo.facerecon.MainActivity}, inputConfig={0x0}, hasToken=true, applicationInfo.name=ActivityRecord{d8f1be2 u0 com.himo.facerecon/.MainActivity} t11}, applicationInfo.token=0x73bc5aa9cfb0
06-16 09:51:17.318   293   370 W InputDispatcher: Dropping untrusted touch event due to /1000
06-16 09:51:17.319   293   370 I InputManager: Suppressing untrusted touch toast for 
06-16 09:51:17.327   293   370 I InputDispatcher: Not sending motion to 307ebc2 com.himo.facerecon/com.himo.facerecon.MainActivity, window opacity=0.071228 is below the threshold
06-16 09:51:17.330  2516  2516 D VRI[MainActivity]: updatePointerIcon called with position out of bounds
06-16 09:51:17.335   293   370 I InputDispatcher: Not sending motion to 307ebc2 com.himo.facerecon/com.himo.facerecon.MainActivity, window opacity=0.071228 is below the threshold
06-16 09:51:17.343   293   370 I InputDispatcher: Not sending motion to 307ebc2 com.himo.facerecon/com.himo.facerecon.MainActivity, window opacity=0.071228 is below the threshold
06-16 09:51:17.343    99   195 W TransactionTracing: Could not find layer handle 0x7e98d80408b0
06-16 09:51:17.351   293   370 I InputDispatcher: Not sending motion to 307ebc2 com.himo.facerecon/com.himo.facerecon.MainActivity, window opacity=0.364502 is below the threshold
06-16 09:51:17.358   293   370 I InputDispatcher: Not sending motion to 307ebc2 com.himo.facerecon/com.himo.facerecon.MainActivity, window opacity=0.364502 is below the threshold
06-16 09:51:17.388  2516  2516 D VRI[MainActivity]: updatePointerIcon called with position out of bounds
06-16 09:51:17.405  2516  2516 D VRI[MainActivity]: updatePointerIcon called with position out of bounds
06-16 09:51:17.422  2516  2516 D VRI[MainActivity]: updatePointerIcon called with position out of bounds
06-16 09:51:17.439  2516  2516 D VRI[MainActivity]: updatePointerIcon called with position out of bounds
06-16 09:51:17.522  2516  2516 D VRI[MainActivity]: updatePointerIcon called with position out of bounds
06-16 09:51:18.105  2516  2516 D VRI[MainActivity]: updatePointerIcon called with position out of bounds
06-16 09:51:18.121  2516  2516 D VRI[MainActivity]: updatePointerIcon called with position out of bounds
06-16 09:51:18.138  2516  2516 D VRI[MainActivity]: updatePointerIcon called with position out of bounds
06-16 09:51:18.155  2516  2516 D VRI[MainActivity]: updatePointerIcon called with position out of bounds
06-16 09:51:18.172  2516  2516 D VRI[MainActivity]: updatePointerIcon called with position out of bounds
06-16 09:51:18.188  2516  2516 D VRI[MainActivity]: updatePointerIcon called with position out of bounds
06-16 09:51:18.438  2516  2516 D VRI[MainActivity]: updatePointerIcon called with position out of bounds
06-16 09:51:18.455  2516  2516 D VRI[MainActivity]: updatePointerIcon called with position out of bounds
06-16 09:51:19.105   293  1448 D CoreBackPreview: Window{891996a u0 Toast}: Setting back callback null
06-16 09:51:19.106   293  1448 W InputManager-JNI: Input channel object '891996a Toast (client)' was disposed without first being removed with the input manager!
06-16 09:51:19.107   293  1448 W NotificationService: Toast already killed. pkg=com.himo.facerecon token=android.os.BinderProxy@5294835
06-16 09:51:19.109    99   195 W TransactionTracing: Could not find layer handle 0x7e98d8038810
06-16 09:51:19.109    99   195 W TransactionTracing: Could not find layer handle 0x7e98d803f050
06-16 09:51:19.127   474   474 D VRI[NavigationBar0]: updatePointerIcon called with position out of bounds
06-16 09:51:19.200  2516  2516 D Autofill Status: Autofill popup isn't shown because autofill is not available.
06-16 09:51:19.200  2516  2516 D Autofill Status: 
06-16 09:51:19.200  2516  2516 D Autofill Status: Did you set up autofill?
06-16 09:51:19.200  2516  2516 D Autofill Status: 1. Go to Settings > System > Languages&input > Advanced > Autofill Service
06-16 09:51:19.200  2516  2516 D Autofill Status: 2. Pick a service
06-16 09:51:19.200  2516  2516 D Autofill Status: 
06-16 09:51:19.200  2516  2516 D Autofill Status: Did you add an account?
06-16 09:51:19.200  2516  2516 D Autofill Status: 1. Go to Settings > System > Languages&input > Advanced
06-16 09:51:19.200  2516  2516 D Autofill Status: 2. Click on the settings icon next to the Autofill Service
06-16 09:51:19.200  2516  2516 D Autofill Status: 3. Add your account
06-16 09:51:19.214  2516  2516 D InsetsController: show(ime(), fromIme=false)
06-16 09:51:19.214  2516  2516 D InputMethodManager: showSoftInput() view=androidx.compose.ui.platform.AndroidComposeView{cf642db VFED..... .F....ID 0,0-630,410 aid=1073741829} flags=0 reason=SHOW_SOFT_INPUT_BY_INSETS_API
06-16 09:51:19.215   293   322 W libprocessgroup: Failed to open /dev/stune/top-app/cgroup.procs: No such file or directory
06-16 09:51:19.215   293   322 W libprocessgroup: Failed to open /dev/cpuset/top-app/cgroup.procs: No such file or directory
06-16 09:51:19.215   293   322 W libprocessgroup: Failed to open /dev/blkio//cgroup.procs: No such file or directory
06-16 09:51:19.219  1047  1047 I LatinIME: Starting input. Cursor position = 0,0
06-16 09:51:19.223  2516  2516 D InputMethodManager: showSoftInput() view=androidx.compose.ui.platform.AndroidComposeView{cf642db VFED..... .F....ID 0,0-630,410 aid=1073741829} flags=0 reason=SHOW_SOFT_INPUT
06-16 09:51:19.233   293   811 D CoreBackPreview: Window{307ebc2 u0 com.himo.facerecon/com.himo.facerecon.MainActivity}: Setting back callback OnBackInvokedCallbackInfo{mCallback=android.window.IOnBackInvokedCallback$Stub$Proxy@4ddfb04, mPriority=0}
06-16 09:51:19.240  1047  1187 E OpenGLRenderer: Unable to match the desired swap behavior.
06-16 09:51:19.246    86  1424 V [minigbm:gbm_mesa_internals.cpp(382)]: Allocated: 1600x868, stride: 6656, map_stride: 0
06-16 09:51:19.251    86  1424 V [minigbm:gbm_mesa_internals.cpp(382)]: Allocated: 1600x868, stride: 6656, map_stride: 0
06-16 09:51:19.253    86  1424 V [minigbm:gbm_mesa_internals.cpp(382)]: Allocated: 1600x868, stride: 6656, map_stride: 0
06-16 09:51:19.273  2516  2516 D InsetsController: show(ime(), fromIme=true)
06-16 09:51:19.729    99   195 W TransactionTracing: Could not find layer handle 0x7e98d802b130
06-16 09:51:19.971  2605  3232 E msys    : E[N MQTT]onConnectError(562)=>Connect Error: folly::AsyncSocketException: AsyncSocketException: connect failed, type = Socket not open, errno = 101 (Network is unreachable)
06-16 09:51:19.973  2605  2892 W RealtimeClientManager: Channel state: MqttChannelState{mConnectionState=DISCONNECTED, mDisconnectionReason=null, mLastConnectionMs=0, mLastDisconnectMs=3586627}
06-16 09:51:20.055   293  4509 D InputDispatcher: Touch mode switch rejected, caller (pid=0, uid=10064) doesn't own the focused window nor none of the previously interacted window
06-16 09:51:20.725    99   195 W TransactionTracing: Could not find layer id -1
06-16 09:51:20.725    99   195 W TransactionTracing: Could not find layer id -1
06-16 09:51:20.725    99   195 W TransactionTracing: Could not find layer id -1
06-16 09:51:20.851  2605  2932 E msys    : E[N mns:DGWClient]_LogError(304)=>Failed to resolve using system DNS resolver, getaddrinfo(): No address associated with hostname
06-16 09:51:21.188   974   974 D BoundBrokerSvc: onUnbind: Intent { act=com.google.android.gms.auth.aang.events.services.START dat=chimera-action:/... cmp=com.google.android.gms/.chimera.PersistentApiService }
06-16 09:51:21.635    99   195 W TransactionTracing: Could not find layer id -1
06-16 09:51:21.635    99   195 W TransactionTracing: Could not find layer id -1
06-16 09:51:21.635    99   195 W TransactionTracing: Could not find layer id -1
06-16 09:51:21.661  2605  2932 E msys    : E[N mns:DGWClient]_LogError(304)=>Failed to resolve using system DNS resolver, getaddrinfo(): No address associated with hostname
06-16 09:51:22.143    86  1424 V [minigbm:gbm_mesa_internals.cpp(382)]: Allocated: 25x32, stride: 256, map_stride: 256
06-16 09:51:22.446   474   474 D VRI[NavigationBar0]: updatePointerIcon called with position out of bounds
06-16 09:51:22.475   293  1448 D CoreBackPreview: Window{307ebc2 u0 com.himo.facerecon/com.himo.facerecon.MainActivity}: Setting back callback OnBackInvokedCallbackInfo{mCallback=android.window.IOnBackInvokedCallback$Stub$Proxy@503842b, mPriority=0}
06-16 09:51:22.740    86  1424 V [minigbm:gbm_mesa_internals.cpp(382)]: Allocated: 28x28, stride: 256, map_stride: 256
06-16 09:51:22.756    86  1424 V [minigbm:gbm_mesa_internals.cpp(382)]: Allocated: 25x32, stride: 256, map_stride: 256
06-16 09:51:22.788  2516  2516 D VRI[MainActivity]: updatePointerIcon called with position out of bounds
06-16 09:51:22.805  2516  2516 D VRI[MainActivity]: updatePointerIcon called with position out of bounds
06-16 09:51:22.822  2516  2516 D VRI[MainActivity]: updatePointerIcon called with position out of bounds
06-16 09:51:22.971  2516  2516 D VRI[MainActivity]: updatePointerIcon called with position out of bounds
06-16 09:51:22.988  2516  2516 D VRI[MainActivity]: updatePointerIcon called with position out of bounds
06-16 09:51:23.005  2516  2516 D VRI[MainActivity]: updatePointerIcon called with position out of bounds
06-16 09:51:23.021  2516  2516 D VRI[MainActivity]: updatePointerIcon called with position out of bounds
06-16 09:51:23.038  2516  2516 D VRI[MainActivity]: updatePointerIcon called with position out of bounds
06-16 09:51:23.343   474   474 D VRI[NavigationBar0]: updatePointerIcon called with position out of bounds
06-16 09:51:23.424   293   811 D CoreBackPreview: Window{307ebc2 u0 com.himo.facerecon/com.himo.facerecon.MainActivity}: Setting back callback null
06-16 09:51:23.433  2516  2663 D OpenGLRenderer: endAllActiveAnimators on 0x73bd1aa594d0 (UnprojectedRipple) with handle 0x73bc2aaa80c0
06-16 09:51:23.434   293   811 W InputManager-JNI: Input channel object '307ebc2 com.himo.facerecon/com.himo.facerecon.MainActivity (client)' was disposed without first being removed with the input manager!
06-16 09:51:23.439   293   370 I InputDispatcher: Could not find connection for 307ebc2 com.himo.facerecon/com.himo.facerecon.MainActivity
06-16 09:51:23.439   293   370 W InputDispatcher: Not sending touch gesture to 307ebc2 com.himo.facerecon/com.himo.facerecon.MainActivity because it is not responsive
06-16 09:51:23.524   293   370 I InputDispatcher: Could not find connection for 307ebc2 com.himo.facerecon/com.himo.facerecon.MainActivity
06-16 09:51:23.524   293   370 W InputDispatcher: Not sending touch gesture to 307ebc2 com.himo.facerecon/com.himo.facerecon.MainActivity because it is not responsive
06-16 09:51:23.526    99   195 W TransactionTracing: Could not find layer handle 0x7e98d803fdd0
06-16 09:51:23.526    99   195 W TransactionTracing: Could not find layer handle 0x7e98d803d730
06-16 09:51:23.526   293   370 I InputDispatcher: Could not find connection for 307ebc2 com.himo.facerecon/com.himo.facerecon.MainActivity
06-16 09:51:23.526   293   370 W InputDispatcher: Not sending touch gesture to 307ebc2 com.himo.facerecon/com.himo.facerecon.MainActivity because it is not responsive
06-16 09:51:23.527   293   370 I InputDispatcher: Could not find connection for 307ebc2 com.himo.facerecon/com.himo.facerecon.MainActivity
06-16 09:51:23.527   293   370 W InputDispatcher: Not sending touch gesture to 307ebc2 com.himo.facerecon/com.himo.facerecon.MainActivity because it is not responsive
06-16 09:51:23.527   293   370 I InputDispatcher: Could not find connection for 307ebc2 com.himo.facerecon/com.himo.facerecon.MainActivity
06-16 09:51:23.527   293   370 W InputDispatcher: Not sending touch gesture to 307ebc2 com.himo.facerecon/com.himo.facerecon.MainActivity because it is not responsive
06-16 09:51:23.527   293   370 I InputDispatcher: Could not find connection for 307ebc2 com.himo.facerecon/com.himo.facerecon.MainActivity
06-16 09:51:23.527   293   370 W InputDispatcher: Not sending touch gesture to 307ebc2 com.himo.facerecon/com.himo.facerecon.MainActivity because it is not responsive
06-16 09:51:23.527   293   370 I InputDispatcher: Could not find connection for 307ebc2 com.himo.facerecon/com.himo.facerecon.MainActivity
06-16 09:51:23.527   293   370 W InputDispatcher: Not sending touch gesture to 307ebc2 com.himo.facerecon/com.himo.facerecon.MainActivity because it is not responsive
06-16 09:51:23.527   293   370 I InputDispatcher: Could not find connection for 307ebc2 com.himo.facerecon/com.himo.facerecon.MainActivity
06-16 09:51:23.527   293   370 W InputDispatcher: Not sending touch gesture to 307ebc2 com.himo.facerecon/com.himo.facerecon.MainActivity because it is not responsive
06-16 09:51:23.527   293   370 I InputDispatcher: Could not find connection for 307ebc2 com.himo.facerecon/com.himo.facerecon.MainActivity
06-16 09:51:23.527   293   370 W InputDispatcher: Not sending touch gesture to 307ebc2 com.himo.facerecon/com.himo.facerecon.MainActivity because it is not responsive
06-16 09:51:23.527   293   370 I InputDispatcher: Could not find connection for 307ebc2 com.himo.facerecon/com.himo.facerecon.MainActivity
06-16 09:51:23.527   293   370 W InputDispatcher: Not sending touch gesture to 307ebc2 com.himo.facerecon/com.himo.facerecon.MainActivity because it is not responsive
06-16 09:51:23.527   293   370 I InputDispatcher: Could not find connection for 307ebc2 com.himo.facerecon/com.himo.facerecon.MainActivity
06-16 09:51:23.527   293   370 W InputDispatcher: Not sending touch gesture to 307ebc2 com.himo.facerecon/com.himo.facerecon.MainActivity because it is not responsive
06-16 09:51:23.532   293   370 W InputDispatcher: Untrusted touch due to occlusion by /1000
06-16 09:51:23.532   293   370 D InputDispatcher: Stack of obscuring windows during untrusted touch (686, 501):
06-16 09:51:23.532   293   370 D InputDispatcher:     * package=/1000, id=428, mode=BLOCK_UNTRUSTED, alpha=0.34, frame=[0,0][1600,900], touchableRegion=<empty>, window={Dim Layer for - Task=11#428}, inputConfig={NO_INPUT_CHANNEL}, hasToken=false, applicationInfo.name=, applicationInfo.token=<null>
06-16 09:51:23.532   293   370 D InputDispatcher:     * [TOUCHED] package=com.himo.facerecon/10064, id=399, mode=BLOCK_UNTRUSTED, alpha=1.00, frame=[0,0][1600,900], touchableRegion=[0,0][1600,900], window={44d3465 com.himo.facerecon/com.himo.facerecon.MainActivity}, inputConfig={0x0}, hasToken=true, applicationInfo.name=ActivityRecord{d8f1be2 u0 com.himo.facerecon/.MainActivity} t11}, applicationInfo.token=0x73bc5aa9cfb0
06-16 09:51:23.532   293   370 W InputDispatcher: Dropping untrusted touch event due to /1000
06-16 09:51:23.532   293   370 I InputManager: Suppressing untrusted touch toast for 
06-16 09:51:23.535   293   370 W InputDispatcher: Untrusted touch due to occlusion by /1000
06-16 09:51:23.535   293   370 D InputDispatcher: Stack of obscuring windows during untrusted touch (634, 481):
06-16 09:51:23.535   293   370 D InputDispatcher:     * package=/1000, id=428, mode=BLOCK_UNTRUSTED, alpha=0.34, frame=[0,0][1600,900], touchableRegion=<empty>, window={Dim Layer for - Task=11#428}, inputConfig={NO_INPUT_CHANNEL}, hasToken=false, applicationInfo.name=, applicationInfo.token=<null>
06-16 09:51:23.535   293   370 D InputDispatcher:     * [TOUCHED] package=com.himo.facerecon/10064, id=399, mode=BLOCK_UNTRUSTED, alpha=1.00, frame=[0,0][1600,900], touchableRegion=[0,0][1600,900], window={44d3465 com.himo.facerecon/com.himo.facerecon.MainActivity}, inputConfig={0x0}, hasToken=true, applicationInfo.name=ActivityRecord{d8f1be2 u0 com.himo.facerecon/.MainActivity} t11}, applicationInfo.token=0x73bc5aa9cfb0
06-16 09:51:23.535   293   370 W InputDispatcher: Dropping untrusted touch event due to /1000
06-16 09:51:23.535   293   370 I InputManager: Suppressing untrusted touch toast for 
06-16 09:51:23.542   293   370 W InputDispatcher: Untrusted touch due to occlusion by /1000
06-16 09:51:23.542   293   370 D InputDispatcher: Stack of obscuring windows during untrusted touch (588, 469):
06-16 09:51:23.543   293   370 D InputDispatcher:     * package=/1000, id=428, mode=BLOCK_UNTRUSTED, alpha=0.34, frame=[0,0][1600,900], touchableRegion=<empty>, window={Dim Layer for - Task=11#428}, inputConfig={NO_INPUT_CHANNEL}, hasToken=false, applicationInfo.name=, applicationInfo.token=<null>
06-16 09:51:23.543   293   370 D InputDispatcher:     * [TOUCHED] package=com.himo.facerecon/10064, id=399, mode=BLOCK_UNTRUSTED, alpha=1.00, frame=[0,0][1600,900], touchableRegion=[0,0][1600,900], window={44d3465 com.himo.facerecon/com.himo.facerecon.MainActivity}, inputConfig={0x0}, hasToken=true, applicationInfo.name=ActivityRecord{d8f1be2 u0 com.himo.facerecon/.MainActivity} t11}, applicationInfo.token=0x73bc5aa9cfb0
06-16 09:51:23.543   293   370 W InputDispatcher: Dropping untrusted touch event due to /1000
06-16 09:51:23.543   293   370 I InputManager: Suppressing untrusted touch toast for 
06-16 09:51:23.550   293   370 W InputDispatcher: Untrusted touch due to occlusion by /1000
06-16 09:51:23.550   293   370 D InputDispatcher: Stack of obscuring windows during untrusted touch (548, 451):
06-16 09:51:23.550   293   370 D InputDispatcher:     * package=/1000, id=428, mode=BLOCK_UNTRUSTED, alpha=0.27, frame=[0,0][1600,900], touchableRegion=<empty>, window={Dim Layer for - Task=11#428}, inputConfig={NO_INPUT_CHANNEL}, hasToken=false, applicationInfo.name=, applicationInfo.token=<null>
06-16 09:51:23.550   293   370 D InputDispatcher:     * [TOUCHED] package=com.himo.facerecon/10064, id=399, mode=BLOCK_UNTRUSTED, alpha=1.00, frame=[0,0][1600,900], touchableRegion=[0,0][1600,900], window={44d3465 com.himo.facerecon/com.himo.facerecon.MainActivity}, inputConfig={0x0}, hasToken=true, applicationInfo.name=ActivityRecord{d8f1be2 u0 com.himo.facerecon/.MainActivity} t11}, applicationInfo.token=0x73bc5aa9cfb0
06-16 09:51:23.550   293   370 W InputDispatcher: Dropping untrusted touch event due to /1000
06-16 09:51:23.550   293   370 I InputManager: Suppressing untrusted touch toast for 
06-16 09:51:23.558   293   370 W InputDispatcher: Untrusted touch due to occlusion by /1000
06-16 09:51:23.558   293   370 D InputDispatcher: Stack of obscuring windows during untrusted touch (518, 435):
06-16 09:51:23.558   293   370 D InputDispatcher:     * package=/1000, id=428, mode=BLOCK_UNTRUSTED, alpha=0.27, frame=[0,0][1600,900], touchableRegion=<empty>, window={Dim Layer for - Task=11#428}, inputConfig={NO_INPUT_CHANNEL}, hasToken=false, applicationInfo.name=, applicationInfo.token=<null>
06-16 09:51:23.558   293   370 D InputDispatcher:     * [TOUCHED] package=com.himo.facerecon/10064, id=399, mode=BLOCK_UNTRUSTED, alpha=1.00, frame=[0,0][1600,900], touchableRegion=[0,0][1600,900], window={44d3465 com.himo.facerecon/com.himo.facerecon.MainActivity}, inputConfig={0x0}, hasToken=true, applicationInfo.name=ActivityRecord{d8f1be2 u0 com.himo.facerecon/.MainActivity} t11}, applicationInfo.token=0x73bc5aa9cfb0
06-16 09:51:23.558   293   370 W InputDispatcher: Dropping untrusted touch event due to /1000
06-16 09:51:23.559   293   370 I InputManager: Suppressing untrusted touch toast for 
06-16 09:51:23.567   293   370 W InputDispatcher: Untrusted touch due to occlusion by /1000
06-16 09:51:23.567   293   370 D InputDispatcher: Stack of obscuring windows during untrusted touch (494, 421):
06-16 09:51:23.567   293   370 D InputDispatcher:     * package=/1000, id=428, mode=BLOCK_UNTRUSTED, alpha=0.20, frame=[0,0][1600,900], touchableRegion=<empty>, window={Dim Layer for - Task=11#428}, inputConfig={NO_INPUT_CHANNEL}, hasToken=false, applicationInfo.name=, applicationInfo.token=<null>
06-16 09:51:23.567   293   370 D InputDispatcher:     * [TOUCHED] package=com.himo.facerecon/10064, id=399, mode=BLOCK_UNTRUSTED, alpha=1.00, frame=[0,0][1600,900], touchableRegion=[0,0][1600,900], window={44d3465 com.himo.facerecon/com.himo.facerecon.MainActivity}, inputConfig={0x0}, hasToken=true, applicationInfo.name=ActivityRecord{d8f1be2 u0 com.himo.facerecon/.MainActivity} t11}, applicationInfo.token=0x73bc5aa9cfb0
06-16 09:51:23.567   293   370 W InputDispatcher: Dropping untrusted touch event due to /1000
06-16 09:51:23.567   293   370 I InputManager: Suppressing untrusted touch toast for 
06-16 09:51:23.571   474   721 W Parcel  : Expecting binder but got null!
06-16 09:51:23.575   293   370 W InputDispatcher: Untrusted touch due to occlusion by /1000
06-16 09:51:23.575   293   370 D InputDispatcher: Stack of obscuring windows during untrusted touch (474, 405):
06-16 09:51:23.575   293   370 D InputDispatcher:     * package=/1000, id=428, mode=BLOCK_UNTRUSTED, alpha=0.20, frame=[0,0][1600,900], touchableRegion=<empty>, window={Dim Layer for - Task=11#428}, inputConfig={NO_INPUT_CHANNEL}, hasToken=false, applicationInfo.name=, applicationInfo.token=<null>
06-16 09:51:23.575   293   370 D InputDispatcher:     * [TOUCHED] package=com.himo.facerecon/10064, id=399, mode=BLOCK_UNTRUSTED, alpha=1.00, frame=[0,0][1600,900], touchableRegion=[0,0][1600,900], window={44d3465 com.himo.facerecon/com.himo.facerecon.MainActivity}, inputConfig={0x0}, hasToken=true, applicationInfo.name=ActivityRecord{d8f1be2 u0 com.himo.facerecon/.MainActivity} t11}, applicationInfo.token=0x73bc5aa9cfb0
06-16 09:51:23.575   293   370 W InputDispatcher: Dropping untrusted touch event due to /1000
06-16 09:51:23.575   293   370 I InputManager: Suppressing untrusted touch toast for 
06-16 09:51:23.581   293  1448 D CoreBackPreview: Window{ff530f7 u0 Toast}: Setting back callback OnBackInvokedCallbackInfo{mCallback=android.window.IOnBackInvokedCallback$Stub$Proxy@92fc1cd, mPriority=0}
06-16 09:51:23.583   293   370 W InputDispatcher: Untrusted touch due to occlusion by /1000
06-16 09:51:23.583   293   370 D InputDispatcher: Stack of obscuring windows during untrusted touch (454, 391):
06-16 09:51:23.583   293   370 D InputDispatcher:     * package=/1000, id=428, mode=BLOCK_UNTRUSTED, alpha=0.13, frame=[0,0][1600,900], touchableRegion=<empty>, window={Dim Layer for - Task=11#428}, inputConfig={NO_INPUT_CHANNEL}, hasToken=false, applicationInfo.name=, applicationInfo.token=<null>
06-16 09:51:23.583   293   370 D InputDispatcher:     * [TOUCHED] package=com.himo.facerecon/10064, id=399, mode=BLOCK_UNTRUSTED, alpha=1.00, frame=[0,0][1600,900], touchableRegion=[0,0][1600,900], window={44d3465 com.himo.facerecon/com.himo.facerecon.MainActivity}, inputConfig={0x0}, hasToken=true, applicationInfo.name=ActivityRecord{d8f1be2 u0 com.himo.facerecon/.MainActivity} t11}, applicationInfo.token=0x73bc5aa9cfb0
06-16 09:51:23.583   293   370 W InputDispatcher: Dropping untrusted touch event due to /1000
06-16 09:51:23.583   293   370 I InputManager: Suppressing untrusted touch toast for 
06-16 09:51:23.591   293   370 W InputDispatcher: Untrusted touch due to occlusion by /1000
06-16 09:51:23.591   293   370 D InputDispatcher: Stack of obscuring windows during untrusted touch (440, 375):
06-16 09:51:23.591   293   370 D InputDispatcher:     * package=/1000, id=428, mode=BLOCK_UNTRUSTED, alpha=0.13, frame=[0,0][1600,900], touchableRegion=<empty>, window={Dim Layer for - Task=11#428}, inputConfig={NO_INPUT_CHANNEL}, hasToken=false, applicationInfo.name=, applicationInfo.token=<null>
06-16 09:51:23.591   293   370 D InputDispatcher:     * [TOUCHED] package=com.himo.facerecon/10064, id=399, mode=BLOCK_UNTRUSTED, alpha=1.00, frame=[0,0][1600,900], touchableRegion=[0,0][1600,900], window={44d3465 com.himo.facerecon/com.himo.facerecon.MainActivity}, inputConfig={0x0}, hasToken=true, applicationInfo.name=ActivityRecord{d8f1be2 u0 com.himo.facerecon/.MainActivity} t11}, applicationInfo.token=0x73bc5aa9cfb0
06-16 09:51:23.591   293   370 W InputDispatcher: Dropping untrusted touch event due to /1000
06-16 09:51:23.591   293   370 I InputManager: Suppressing untrusted touch toast for 
06-16 09:51:23.591   474   721 E OpenGLRenderer: Unable to match the desired swap behavior.
06-16 09:51:23.592    86  1424 V [minigbm:gbm_mesa_internals.cpp(382)]: Allocated: 187x60, stride: 1024, map_stride: 0
06-16 09:51:23.595    86   173 V [minigbm:gbm_mesa_internals.cpp(382)]: Allocated: 187x60, stride: 1024, map_stride: 0
06-16 09:51:23.598    86   173 V [minigbm:gbm_mesa_internals.cpp(382)]: Allocated: 187x60, stride: 1024, map_stride: 0
06-16 09:51:23.600   293   370 W InputDispatcher: Untrusted touch due to occlusion by /1000
06-16 09:51:23.600   293   370 D InputDispatcher: Stack of obscuring windows during untrusted touch (426, 362):
06-16 09:51:23.600   293   370 D InputDispatcher:     * package=/1000, id=428, mode=BLOCK_UNTRUSTED, alpha=0.07, frame=[0,0][1600,900], touchableRegion=<empty>, window={Dim Layer for - Task=11#428}, inputConfig={NO_INPUT_CHANNEL}, hasToken=false, applicationInfo.name=, applicationInfo.token=<null>
06-16 09:51:23.600   293   370 D InputDispatcher:     * [TOUCHED] package=com.himo.facerecon/10064, id=399, mode=BLOCK_UNTRUSTED, alpha=1.00, frame=[0,0][1600,900], touchableRegion=[0,0][1600,900], window={44d3465 com.himo.facerecon/com.himo.facerecon.MainActivity}, inputConfig={0x0}, hasToken=true, applicationInfo.name=ActivityRecord{d8f1be2 u0 com.himo.facerecon/.MainActivity} t11}, applicationInfo.token=0x73bc5aa9cfb0
06-16 09:51:23.600   293   370 W InputDispatcher: Dropping untrusted touch event due to /1000
06-16 09:51:23.600   293   370 I InputManager: Suppressing untrusted touch toast for 
06-16 09:51:23.608   293   370 W InputDispatcher: Untrusted touch due to occlusion by /1000
06-16 09:51:23.608   293   370 D InputDispatcher: Stack of obscuring windows during untrusted touch (419, 351):
06-16 09:51:23.608   293   370 D InputDispatcher:     * package=/1000, id=428, mode=BLOCK_UNTRUSTED, alpha=0.07, frame=[0,0][1600,900], touchableRegion=<empty>, window={Dim Layer for - Task=11#428}, inputConfig={NO_INPUT_CHANNEL}, hasToken=false, applicationInfo.name=, applicationInfo.token=<null>
06-16 09:51:23.608   293   370 D InputDispatcher:     * [TOUCHED] package=com.himo.facerecon/10064, id=399, mode=BLOCK_UNTRUSTED, alpha=1.00, frame=[0,0][1600,900], touchableRegion=[0,0][1600,900], window={44d3465 com.himo.facerecon/com.himo.facerecon.MainActivity}, inputConfig={0x0}, hasToken=true, applicationInfo.name=ActivityRecord{d8f1be2 u0 com.himo.facerecon/.MainActivity} t11}, applicationInfo.token=0x73bc5aa9cfb0
06-16 09:51:23.608   293   370 W InputDispatcher: Dropping untrusted touch event due to /1000
06-16 09:51:23.608   293   370 I InputManager: Suppressing untrusted touch toast for 
06-16 09:51:23.609    99   195 W TransactionTracing: Could not find layer handle 0x7e98d803c110
06-16 09:51:24.039   474   474 D VRI[NavigationBar0]: updatePointerIcon called with position out of bounds
06-16 09:51:24.107  2516  2516 I android_os_HwBinder: HwBinder: Starting hwbinderthread pool for getting: vendor.waydroid.window@1.1::IWaydroidWindow/default
06-16 09:51:24.119  2516  2516 W OnBackInvokedCallback: OnBackInvokedCallback is not enabled for the application.
06-16 09:51:24.119  2516  2516 W OnBackInvokedCallback: Set 'android:enableOnBackInvokedCallback="true"' in the application manifest.
06-16 09:51:24.122  2516  2663 W Parcel  : Expecting binder but got null!
06-16 09:51:24.126   293  4509 D CoreBackPreview: Window{f9b47ef u0 com.himo.facerecon/com.himo.facerecon.MainActivity}: Setting back callback OnBackInvokedCallbackInfo{mCallback=android.window.IOnBackInvokedCallback$Stub$Proxy@3fe4d01, mPriority=0}
06-16 09:51:24.165  2516  2663 E OpenGLRenderer: Unable to match the desired swap behavior.
06-16 09:51:24.166    86   173 V [minigbm:gbm_mesa_internals.cpp(382)]: Allocated: 702x482, stride: 3072, map_stride: 0
06-16 09:51:24.167    86   173 V [minigbm:gbm_mesa_internals.cpp(382)]: Allocated: 702x482, stride: 3072, map_stride: 0
06-16 09:51:24.168    86   173 V [minigbm:gbm_mesa_internals.cpp(382)]: Allocated: 702x482, stride: 3072, map_stride: 0
06-16 09:51:24.198   293   370 W InputDispatcher: Untrusted touch due to occlusion by /1000
06-16 09:51:24.198   293   370 D InputDispatcher: Stack of obscuring windows during untrusted touch (515, 324):
06-16 09:51:24.198   293   370 D InputDispatcher:     * package=/1000, id=448, mode=BLOCK_UNTRUSTED, alpha=0.00, frame=[0,0][1600,900], touchableRegion=<empty>, window={Dim Layer for - Task=11#448}, inputConfig={NO_INPUT_CHANNEL}, hasToken=false, applicationInfo.name=, applicationInfo.token=<null>
06-16 09:51:24.198   293   370 D InputDispatcher:     * [TOUCHED] package=com.himo.facerecon/10064, id=399, mode=BLOCK_UNTRUSTED, alpha=1.00, frame=[0,0][1600,900], touchableRegion=[0,0][1600,900], window={44d3465 com.himo.facerecon/com.himo.facerecon.MainActivity}, inputConfig={0x0}, hasToken=true, applicationInfo.name=ActivityRecord{d8f1be2 u0 com.himo.facerecon/.MainActivity} t11}, applicationInfo.token=0x73bc5aa9cfb0
06-16 09:51:24.198   293   370 W InputDispatcher: Dropping untrusted touch event due to /1000
06-16 09:51:24.199   293   370 I InputManager: Suppressing untrusted touch toast for 
06-16 09:51:24.207   293   370 W InputDispatcher: Untrusted touch due to occlusion by /1000
06-16 09:51:24.207   293   370 D InputDispatcher: Stack of obscuring windows during untrusted touch (557, 336):
06-16 09:51:24.207   293   370 D InputDispatcher:     * package=/1000, id=448, mode=BLOCK_UNTRUSTED, alpha=0.00, frame=[0,0][1600,900], touchableRegion=<empty>, window={Dim Layer for - Task=11#448}, inputConfig={NO_INPUT_CHANNEL}, hasToken=false, applicationInfo.name=, applicationInfo.token=<null>
06-16 09:51:24.207   293   370 D InputDispatcher:     * [TOUCHED] package=com.himo.facerecon/10064, id=399, mode=BLOCK_UNTRUSTED, alpha=1.00, frame=[0,0][1600,900], touchableRegion=[0,0][1600,900], window={44d3465 com.himo.facerecon/com.himo.facerecon.MainActivity}, inputConfig={0x0}, hasToken=true, applicationInfo.name=ActivityRecord{d8f1be2 u0 com.himo.facerecon/.MainActivity} t11}, applicationInfo.token=0x73bc5aa9cfb0
06-16 09:51:24.207   293   370 W InputDispatcher: Dropping untrusted touch event due to /1000
06-16 09:51:24.208   293   370 I InputManager: Suppressing untrusted touch toast for 
06-16 09:51:24.215   293   370 W InputDispatcher: Untrusted touch due to occlusion by /1000
06-16 09:51:24.215   293   370 D InputDispatcher: Stack of obscuring windows during untrusted touch (601, 346):
06-16 09:51:24.215   293   370 D InputDispatcher:     * package=/1000, id=448, mode=BLOCK_UNTRUSTED, alpha=0.00, frame=[0,0][1600,900], touchableRegion=<empty>, window={Dim Layer for - Task=11#448}, inputConfig={NO_INPUT_CHANNEL}, hasToken=false, applicationInfo.name=, applicationInfo.token=<null>
06-16 09:51:24.215   293   370 D InputDispatcher:     * [TOUCHED] package=com.himo.facerecon/10064, id=399, mode=BLOCK_UNTRUSTED, alpha=1.00, frame=[0,0][1600,900], touchableRegion=[0,0][1600,900], window={44d3465 com.himo.facerecon/com.himo.facerecon.MainActivity}, inputConfig={0x0}, hasToken=true, applicationInfo.name=ActivityRecord{d8f1be2 u0 com.himo.facerecon/.MainActivity} t11}, applicationInfo.token=0x73bc5aa9cfb0
06-16 09:51:24.215   293   370 W InputDispatcher: Dropping untrusted touch event due to /1000
06-16 09:51:24.215   293   370 I InputManager: Suppressing untrusted touch toast for 
06-16 09:51:24.223   293   370 W InputDispatcher: Untrusted touch due to occlusion by /1000
06-16 09:51:24.223   293   370 D InputDispatcher: Stack of obscuring windows during untrusted touch (645, 360):
06-16 09:51:24.223   293   370 D InputDispatcher:     * package=/1000, id=448, mode=BLOCK_UNTRUSTED, alpha=0.00, frame=[0,0][1600,900], touchableRegion=<empty>, window={Dim Layer for - Task=11#448}, inputConfig={NO_INPUT_CHANNEL}, hasToken=false, applicationInfo.name=, applicationInfo.token=<null>
06-16 09:51:24.223   293   370 D InputDispatcher:     * [TOUCHED] package=com.himo.facerecon/10064, id=399, mode=BLOCK_UNTRUSTED, alpha=1.00, frame=[0,0][1600,900], touchableRegion=[0,0][1600,900], window={44d3465 com.himo.facerecon/com.himo.facerecon.MainActivity}, inputConfig={0x0}, hasToken=true, applicationInfo.name=ActivityRecord{d8f1be2 u0 com.himo.facerecon/.MainActivity} t11}, applicationInfo.token=0x73bc5aa9cfb0
06-16 09:51:24.223   293   370 W InputDispatcher: Dropping untrusted touch event due to /1000
06-16 09:51:24.223   293   370 I InputManager: Suppressing untrusted touch toast for 
06-16 09:51:24.231   293   370 I InputDispatcher: Not sending motion to f9b47ef com.himo.facerecon/com.himo.facerecon.MainActivity, window opacity=0.071228 is below the threshold
06-16 09:51:24.239   293   370 I InputDispatcher: Not sending motion to f9b47ef com.himo.facerecon/com.himo.facerecon.MainActivity, window opacity=0.071228 is below the threshold
06-16 09:51:24.247   293   370 I InputDispatcher: Not sending motion to f9b47ef com.himo.facerecon/com.himo.facerecon.MainActivity, window opacity=0.348877 is below the threshold
06-16 09:51:24.255   293   370 I InputDispatcher: Not sending motion to f9b47ef com.himo.facerecon/com.himo.facerecon.MainActivity, window opacity=0.348877 is below the threshold
06-16 09:51:24.573    86   173 V [minigbm:gbm_mesa_internals.cpp(382)]: Allocated: 28x28, stride: 256, map_stride: 256
06-16 09:51:24.607    86   173 V [minigbm:gbm_mesa_internals.cpp(382)]: Allocated: 25x32, stride: 256, map_stride: 256
06-16 09:51:24.897    86   173 V [minigbm:gbm_mesa_internals.cpp(382)]: Allocated: 28x28, stride: 256, map_stride: 256
06-16 09:51:25.014   474   474 D VRI[NavigationBar0]: updatePointerIcon called with position out of bounds
06-16 09:51:25.096  2516  2516 D Autofill Status: Autofill popup isn't shown because autofill is not available.
06-16 09:51:25.096  2516  2516 D Autofill Status: 
06-16 09:51:25.096  2516  2516 D Autofill Status: Did you set up autofill?
06-16 09:51:25.096  2516  2516 D Autofill Status: 1. Go to Settings > System > Languages&input > Advanced > Autofill Service
06-16 09:51:25.096  2516  2516 D Autofill Status: 2. Pick a service
06-16 09:51:25.096  2516  2516 D Autofill Status: 
06-16 09:51:25.096  2516  2516 D Autofill Status: Did you add an account?
06-16 09:51:25.096  2516  2516 D Autofill Status: 1. Go to Settings > System > Languages&input > Advanced
06-16 09:51:25.096  2516  2516 D Autofill Status: 2. Click on the settings icon next to the Autofill Service
06-16 09:51:25.096  2516  2516 D Autofill Status: 3. Add your account
06-16 09:51:25.113  2516  2516 D InsetsController: show(ime(), fromIme=false)
06-16 09:51:25.113  2516  2516 D InputMethodManager: showSoftInput() view=androidx.compose.ui.platform.AndroidComposeView{a0dd374 VFED..... .F....ID 0,0-630,410 aid=1073741831} flags=0 reason=SHOW_SOFT_INPUT_BY_INSETS_API
06-16 09:51:25.114   293   322 W libprocessgroup: Failed to open /dev/stune/top-app/cgroup.procs: No such file or directory
06-16 09:51:25.114   293   322 W libprocessgroup: Failed to open /dev/cpuset/top-app/cgroup.procs: No such file or directory
06-16 09:51:25.114   293   322 W libprocessgroup: Failed to open /dev/blkio//cgroup.procs: No such file or directory
06-16 09:51:25.118  1047  1047 I LatinIME: Starting input. Cursor position = 0,0
06-16 09:51:25.120  2516  2516 D InputMethodManager: showSoftInput() view=androidx.compose.ui.platform.AndroidComposeView{a0dd374 VFED..... .F....ID 0,0-630,410 aid=1073741831} flags=0 reason=SHOW_SOFT_INPUT
06-16 09:51:25.134   293  4510 D CoreBackPreview: Window{f9b47ef u0 com.himo.facerecon/com.himo.facerecon.MainActivity}: Setting back callback OnBackInvokedCallbackInfo{mCallback=android.window.IOnBackInvokedCallback$Stub$Proxy@2362aad, mPriority=0}
06-16 09:51:25.138  2516  2516 W Choreographer: Frame time is 0.056086 ms in the future!  Check that graphics HAL is generating vsync timestamps using the correct timebase.
06-16 09:51:25.141  1047  1187 E OpenGLRenderer: Unable to match the desired swap behavior.
06-16 09:51:25.143    86   173 V [minigbm:gbm_mesa_internals.cpp(382)]: Allocated: 1600x868, stride: 6656, map_stride: 0
