06-16 09:53:45.951  5248  5248 W OnBackInvokedCallback: OnBackInvokedCallback is not enabled for the application.
06-16 09:53:45.951  5248  5248 W OnBackInvokedCallback: Set 'android:enableOnBackInvokedCallback="true"' in the application manifest.
06-16 09:53:46.058  5248  5276 D CameraValidator: Verifying camera lens facing on waydroid_x86_64, lensFacingInteger: null
06-16 09:53:46.058  5248  5276 E CameraValidator: Camera LensFacing verification failed, existing cameras: []
06-16 09:53:46.059  5248  5276 W CameraX : Retry init. Start time 3730680 current time 3732712
06-16 09:53:46.059  5248  5276 W CameraX : androidx.camera.core.impl.CameraValidator$CameraIdListIncorrectException: Expected camera missing from device.
06-16 09:53:46.059  5248  5276 W CameraX : 	at androidx.camera.core.impl.CameraValidator.validateCameras(CameraValidator.java:97)
06-16 09:53:46.059  5248  5276 W CameraX : 	at androidx.camera.core.CameraX.lambda$initAndRetryRecursively$2$androidx-camera-core-CameraX(CameraX.java:334)
06-16 09:53:46.059  5248  5276 W CameraX : 	at androidx.camera.core.CameraX$$ExternalSyntheticLambda4.run(D8$$SyntheticClass:0)
06-16 09:53:46.059  5248  5276 W CameraX : 	at java.util.concurrent.ThreadPoolExecutor.runWorker(ThreadPoolExecutor.java:1137)
06-16 09:53:46.059  5248  5276 W CameraX : 	at java.util.concurrent.ThreadPoolExecutor$Worker.run(ThreadPoolExecutor.java:637)
06-16 09:53:46.059  5248  5276 W CameraX : 	at java.lang.Thread.run(Thread.java:1012)
06-16 09:53:46.059  5248  5276 W CameraX : Caused by: java.lang.IllegalArgumentException: No available camera can be found
06-16 09:53:46.059  5248  5276 W CameraX : 	at androidx.camera.core.CameraSelector.select(CameraSelector.java:94)
06-16 09:53:46.059  5248  5276 W CameraX : 	at androidx.camera.core.impl.CameraValidator.validateCameras(CameraValidator.java:83)
06-16 09:53:46.059  5248  5276 W CameraX : 	... 5 more
06-16 09:53:46.104  5248  5266 E OpenGLRenderer: Device claims wide gamut support, cannot find matching config, error = EGL_SUCCESS
06-16 09:53:46.104  5248  5266 W OpenGLRenderer: Failed to initialize 101010-2 format, error = EGL_SUCCESS
06-16 09:53:46.121    99   456 E HWComposer: getSupportedContentTypes: getSupportedContentTypes failed for display 0: Unsupported (8)
06-16 09:53:46.121  5248  5266 E OpenGLRenderer: Unable to match the desired swap behavior.
06-16 09:53:46.124    19    19 I servicemanager: Could not find android.hardware.graphics.allocator.IAllocator/default in the VINTF manifest.
06-16 09:53:46.126    99   195 W TransactionTracing: Could not find layer id -1
06-16 09:53:46.126    99   195 W TransactionTracing: Could not find layer id -1
06-16 09:53:46.129    86   173 V [minigbm:gbm_mesa_internals.cpp(382)]: Allocated: 1600x900, stride: 6656, map_stride: 0
06-16 09:53:46.133    86    86 V [minigbm:gbm_mesa_internals.cpp(382)]: Allocated: 1600x900, stride: 6656, map_stride: 0
06-16 09:53:46.136    86    86 V [minigbm:gbm_mesa_internals.cpp(382)]: Allocated: 1600x900, stride: 6656, map_stride: 0
06-16 09:53:46.174   293   308 W ziparchive: Unable to open '/data/app/~~zosC5MErOgm5uI7mwpwcog==/com.himo.facerecon-SDjWSmctI7igcdm_KwEujg==/base.dm': No such file or directory
06-16 09:53:46.175   293   308 I ActivityTaskManager: Displayed com.himo.facerecon/.MainActivity: +3s299ms
06-16 09:53:46.186  5248  5262 I OpenGLRenderer: Davey! duration=2332ms; Flags=1, FrameTimelineVsyncId=388126, IntendedVsync=3730492394150, Vsync=3730709078891, InputEventId=0, HandleInputStart=3730723888621, AnimationStart=3730723893070, PerformTraversalsStart=3730724057076, DrawStart=3732775769907, FrameDeadline=3730513060816, FrameInterval=3730723852824, FrameStartTime=16668057, SyncQueued=3732808810171, SyncStart=3732812274476, IssueDrawCommandsStart=3732812365864, SwapBuffers=3732823596445, FrameCompleted=3732827930899, DequeueBufferDuration=0, QueueBufferDuration=112785, GpuCompleted=3732827930899, SwapBuffersCompleted=3732824642394, DisplayPresentTime=0, CommandSubmissionCompleted=3732823596445, 
06-16 09:53:46.197  5248  5248 I Choreographer: Skipped 120 frames!  The application may be doing too much work on its main thread.
06-16 09:53:46.213   293   687 D CompatibilityChangeReporter: Compat change id reported: 214016041; UID 10064; state: ENABLED
06-16 09:53:46.221   474   474 W Choreographer: Frame time is 0.055684 ms in the future!  Check that graphics HAL is generating vsync timestamps using the correct timebase.
06-16 09:53:46.228    99   195 W TransactionTracing: Could not find layer handle 0x7e98d803c1d0
06-16 09:53:46.229   974  1106 I FontLog : Received query Noto Color Emoji Compat, URI content://com.google.android.gms.fonts [CONTEXT service_id=132 ]
06-16 09:53:46.230   974  1106 I FontLog : Query [emojicompat-emoji-font] resolved to {Noto Color Emoji Compat, wdth 100.0, wght 400, ital 0.0, bestEffort false}, isVf false} [CONTEXT service_id=132 ]
06-16 09:53:46.233   974  1106 I FontLog : Fetch {Noto Color Emoji Compat, wdth 100.0, wght 400, ital 0.0, bestEffort false}, isVf false} end status Status{statusCode=SUCCESS, resolution=null} [CONTEXT service_id=132 ]
06-16 09:53:46.235  1363  1363 I byia    : onStop
06-16 09:53:46.240   974  1106 I FontLog : Pulling font file for id = 12, cache size = 4 [CONTEXT service_id=132 ]
06-16 09:53:46.245    99   195 W TransactionTracing: Could not find layer handle 0x7e98d803dcd0
06-16 09:53:46.248   974  1106 I FontLog : Pulling font file for id = 12, cache size = 4 [CONTEXT service_id=132 ]
06-16 09:53:46.279    99   195 W TransactionTracing: Could not find layer id -1
06-16 09:53:46.279    99   195 W TransactionTracing: Could not find layer id -1
06-16 09:53:46.279    99   195 W TransactionTracing: Could not find layer id -1
06-16 09:53:46.279    99   195 W TransactionTracing: Could not find layer id -1
06-16 09:53:46.279    99   195 W TransactionTracing: Could not find layer id -1
06-16 09:53:46.540   293   894 D CoreBackPreview: Window{fd1a71d u0 com.himo.facerecon/SplashScreen EXITING}: Setting back callback null
06-16 09:53:46.541   293   724 W InputManager-JNI: Input channel object 'fd1a71d com.himo.facerecon/SplashScreen (client)' was disposed without first being removed with the input manager!
06-16 09:53:46.560  5248  5276 D CameraValidator: Verifying camera lens facing on waydroid_x86_64, lensFacingInteger: null
06-16 09:53:46.561  5248  5276 E CameraValidator: Camera LensFacing verification failed, existing cameras: []
06-16 09:53:46.561  5248  5276 E CameraX : The device might underreport the amount of the cameras. Finish the initialize task since we are already reaching the maximum number of retries.
06-16 09:53:46.572  5248  5248 E MainScreen: Failed to bind camera
06-16 09:53:46.572  5248  5248 E MainScreen: java.lang.IllegalArgumentException: Provided camera selector unable to resolve a camera for the given use case
06-16 09:53:46.572  5248  5248 E MainScreen: 	at androidx.camera.lifecycle.ProcessCameraProvider.bindToLifecycle(ProcessCameraProvider.java:589)
06-16 09:53:46.572  5248  5248 E MainScreen: 	at androidx.camera.lifecycle.ProcessCameraProvider.bindToLifecycle(ProcessCameraProvider.java:387)
06-16 09:53:46.572  5248  5248 E MainScreen: 	at com.himo.facerecon.MainScreenKt.bindCameraUseCases(MainScreen.kt:938)
06-16 09:53:46.572  5248  5248 E MainScreen: 	at com.himo.facerecon.MainScreenKt.access$bindCameraUseCases(MainScreen.kt:1)
06-16 09:53:46.572  5248  5248 E MainScreen: 	at com.himo.facerecon.MainScreenKt$MainScreen$1$1.invokeSuspend(MainScreen.kt:172)
06-16 09:53:46.572  5248  5248 E MainScreen: 	at kotlin.coroutines.jvm.internal.BaseContinuationImpl.resumeWith(ContinuationImpl.kt:33)
06-16 09:53:46.572  5248  5248 E MainScreen: 	at kotlinx.coroutines.DispatchedTask.run(DispatchedTask.kt:101)
06-16 09:53:46.572  5248  5248 E MainScreen: 	at androidx.compose.ui.platform.AndroidUiDispatcher.performTrampolineDispatch(AndroidUiDispatcher.android.kt:79)
06-16 09:53:46.572  5248  5248 E MainScreen: 	at androidx.compose.ui.platform.AndroidUiDispatcher.access$performTrampolineDispatch(AndroidUiDispatcher.android.kt:41)
06-16 09:53:46.572  5248  5248 E MainScreen: 	at androidx.compose.ui.platform.AndroidUiDispatcher$dispatchCallback$1.run(AndroidUiDispatcher.android.kt:57)
06-16 09:53:46.572  5248  5248 E MainScreen: 	at android.os.Handler.handleCallback(Handler.java:942)
06-16 09:53:46.572  5248  5248 E MainScreen: 	at android.os.Handler.dispatchMessage(Handler.java:99)
06-16 09:53:46.572  5248  5248 E MainScreen: 	at android.os.Looper.loopOnce(Looper.java:201)
06-16 09:53:46.572  5248  5248 E MainScreen: 	at android.os.Looper.loop(Looper.java:288)
06-16 09:53:46.572  5248  5248 E MainScreen: 	at android.app.ActivityThread.main(ActivityThread.java:7924)
06-16 09:53:46.572  5248  5248 E MainScreen: 	at java.lang.reflect.Method.invoke(Native Method)
06-16 09:53:46.572  5248  5248 E MainScreen: 	at com.android.internal.os.RuntimeInit$MethodAndArgsCaller.run(RuntimeInit.java:548)
06-16 09:53:46.572  5248  5248 E MainScreen: 	at com.android.internal.os.ZygoteInit.main(ZygoteInit.java:937)
06-16 09:53:46.709    99   195 W TransactionTracing: Could not find layer handle 0x7e98d803bb70
06-16 09:53:46.838   293   370 W InputDispatcher: Window 652ab48 ActivityRecordInputSink com.himo.facerecon/.MainActivity already unregistered input channel
06-16 09:53:47.176    99   195 W TransactionTracing: Could not find layer id -1
06-16 09:53:47.614   474   474 D VRI[NavigationBar0]: updatePointerIcon called with position out of bounds
06-16 09:53:48.087  2605  2932 E msys    : E[N mns:DGWClient]_LogError(304)=>Failed to resolve using system DNS resolver, getaddrinfo(): No address associated with hostname
06-16 09:53:48.446   474   474 D VRI[NavigationBar0]: updatePointerIcon called with position out of bounds
06-16 09:53:48.592  5248  5248 E MainScreen: Failed to bind camera
06-16 09:53:48.592  5248  5248 E MainScreen: java.lang.IllegalArgumentException: Provided camera selector unable to resolve a camera for the given use case
06-16 09:53:48.592  5248  5248 E MainScreen: 	at androidx.camera.lifecycle.ProcessCameraProvider.bindToLifecycle(ProcessCameraProvider.java:589)
06-16 09:53:48.592  5248  5248 E MainScreen: 	at androidx.camera.lifecycle.ProcessCameraProvider.bindToLifecycle(ProcessCameraProvider.java:387)
06-16 09:53:48.592  5248  5248 E MainScreen: 	at com.himo.facerecon.MainScreenKt.bindCameraUseCases(MainScreen.kt:938)
06-16 09:53:48.592  5248  5248 E MainScreen: 	at com.himo.facerecon.MainScreenKt.access$bindCameraUseCases(MainScreen.kt:1)
06-16 09:53:48.592  5248  5248 E MainScreen: 	at com.himo.facerecon.MainScreenKt$MainScreen$1$1.invokeSuspend(MainScreen.kt:172)
06-16 09:53:48.592  5248  5248 E MainScreen: 	at kotlin.coroutines.jvm.internal.BaseContinuationImpl.resumeWith(ContinuationImpl.kt:33)
06-16 09:53:48.592  5248  5248 E MainScreen: 	at kotlinx.coroutines.DispatchedTask.run(DispatchedTask.kt:101)
06-16 09:53:48.592  5248  5248 E MainScreen: 	at androidx.compose.ui.platform.AndroidUiDispatcher.performTrampolineDispatch(AndroidUiDispatcher.android.kt:79)
06-16 09:53:48.592  5248  5248 E MainScreen: 	at androidx.compose.ui.platform.AndroidUiDispatcher.access$performTrampolineDispatch(AndroidUiDispatcher.android.kt:41)
06-16 09:53:48.592  5248  5248 E MainScreen: 	at androidx.compose.ui.platform.AndroidUiDispatcher$dispatchCallback$1.run(AndroidUiDispatcher.android.kt:57)
06-16 09:53:48.592  5248  5248 E MainScreen: 	at android.os.Handler.handleCallback(Handler.java:942)
06-16 09:53:48.592  5248  5248 E MainScreen: 	at android.os.Handler.dispatchMessage(Handler.java:99)
06-16 09:53:48.592  5248  5248 E MainScreen: 	at android.os.Looper.loopOnce(Looper.java:201)
06-16 09:53:48.592  5248  5248 E MainScreen: 	at android.os.Looper.loop(Looper.java:288)
06-16 09:53:48.592  5248  5248 E MainScreen: 	at android.app.ActivityThread.main(ActivityThread.java:7924)
06-16 09:53:48.592  5248  5248 E MainScreen: 	at java.lang.reflect.Method.invoke(Native Method)
06-16 09:53:48.592  5248  5248 E MainScreen: 	at com.android.internal.os.RuntimeInit$MethodAndArgsCaller.run(RuntimeInit.java:548)
06-16 09:53:48.592  5248  5248 E MainScreen: 	at com.android.internal.os.ZygoteInit.main(ZygoteInit.java:937)
06-16 09:53:48.609    99   195 W TransactionTracing: Could not find layer id -1
06-16 09:53:48.609    99   195 W TransactionTracing: Could not find layer id -1
06-16 09:53:48.896  2605  2932 E msys    : E[N mns:DGWClient]_LogError(304)=>Failed to resolve using system DNS resolver, getaddrinfo(): No address associated with hostname
06-16 09:53:49.487   474   474 D VRI[NavigationBar0]: updatePointerIcon called with position out of bounds
06-16 09:53:49.496  5248  5302 D ProfileInstaller: Installing profile for com.himo.facerecon
06-16 09:53:49.842    99   195 W TransactionTracing: Could not find layer id -1
06-16 09:53:50.503   474   474 D VRI[NavigationBar0]: updatePointerIcon called with position out of bounds
06-16 09:53:50.586  5248  5248 E InputEventReceiver: Exception dispatching input event.
06-16 09:53:50.586  5248  5248 E MessageQueue-JNI: Exception in MessageQueue callback: handleReceiveCallback
06-16 09:53:50.587  5248  5248 E MessageQueue-JNI: android.util.AndroidRuntimeException: Calling startActivity() from outside of an Activity  context requires the FLAG_ACTIVITY_NEW_TASK flag. Is this really what you want?
06-16 09:53:50.587  5248  5248 E MessageQueue-JNI: 	at android.app.ContextImpl.startActivity(ContextImpl.java:1096)
06-16 09:53:50.587  5248  5248 E MessageQueue-JNI: 	at android.app.ContextImpl.startActivity(ContextImpl.java:1072)
06-16 09:53:50.587  5248  5248 E MessageQueue-JNI: 	at android.content.ContextWrapper.startActivity(ContextWrapper.java:432)
06-16 09:53:50.587  5248  5248 E MessageQueue-JNI: 	at com.himo.facerecon.AttendanceExporter.exportAndShare(AttendanceExporter.kt:40)
06-16 09:53:50.587  5248  5248 E MessageQueue-JNI: 	at com.himo.facerecon.MainViewModel.exportAttendance(MainViewModel.kt:747)
06-16 09:53:50.587  5248  5248 E MessageQueue-JNI: 	at com.himo.facerecon.AttendanceReviewScreenKt.AttendanceReviewScreen$lambda$31$lambda$30$lambda$29$lambda$28$lambda$27(AttendanceReviewScreen.kt:197)
06-16 09:53:50.587  5248  5248 E MessageQueue-JNI: 	at com.himo.facerecon.AttendanceReviewScreenKt$$ExternalSyntheticLambda11.invoke(D8$$SyntheticClass:0)
06-16 09:53:50.587  5248  5248 E MessageQueue-JNI: 	at androidx.compose.foundation.ClickableNode.onPointerEvent-H0pRuoY(Clickable.kt:935)
06-16 09:53:50.587  5248  5248 E MessageQueue-JNI: 	at androidx.compose.ui.input.pointer.Node.dispatchMainEventPass(HitPathTracker.kt:446)
06-16 09:53:50.587  5248  5248 E MessageQueue-JNI: 	at androidx.compose.ui.input.pointer.Node.dispatchMainEventPass(HitPathTracker.kt:432)
06-16 09:53:50.587  5248  5248 E MessageQueue-JNI: 	at androidx.compose.ui.input.pointer.NodeParent.dispatchMainEventPass(HitPathTracker.kt:285)
06-16 09:53:50.587  5248  5248 E MessageQueue-JNI: 	at androidx.compose.ui.input.pointer.HitPathTracker.dispatchChanges(HitPathTracker.kt:181)
06-16 09:53:50.587  5248  5248 E MessageQueue-JNI: 	at androidx.compose.ui.input.pointer.PointerInputEventProcessor.process-BIzXfog(PointerInputEventProcessor.kt:118)
06-16 09:53:50.587  5248  5248 E MessageQueue-JNI: 	at androidx.compose.ui.platform.AndroidComposeView.sendMotionEvent-8iAsVTc(AndroidComposeView.android.kt:2685)
06-16 09:53:50.587  5248  5248 E MessageQueue-JNI: 	at androidx.compose.ui.platform.AndroidComposeView.handleMotionEvent-8iAsVTc(AndroidComposeView.android.kt:2629)
06-16 09:53:50.587  5248  5248 E MessageQueue-JNI: 	at androidx.compose.ui.platform.AndroidComposeView.dispatchTouchEvent(AndroidComposeView.android.kt:2467)
06-16 09:53:50.587  5248  5248 E MessageQueue-JNI: 	at android.view.ViewGroup.dispatchTransformedTouchEvent(ViewGroup.java:3121)
06-16 09:53:50.587  5248  5248 E MessageQueue-JNI: 	at android.view.ViewGroup.dispatchTouchEvent(ViewGroup.java:2802)
06-16 09:53:50.587  5248  5248 E MessageQueue-JNI: 	at android.view.ViewGroup.dispatchTransformedTouchEvent(ViewGroup.java:3121)
06-16 09:53:50.587  5248  5248 E MessageQueue-JNI: 	at android.view.ViewGroup.dispatchTouchEvent(ViewGroup.java:2802)
06-16 09:53:50.587  5248  5248 E MessageQueue-JNI: 	at android.view.ViewGroup.dispatchTransformedTouchEvent(ViewGroup.java:3121)
06-16 09:53:50.587  5248  5248 E MessageQueue-JNI: 	at android.view.ViewGroup.dispatchTouchEvent(ViewGroup.java:2802)
06-16 09:53:50.587  5248  5248 E MessageQueue-JNI: 	at android.view.ViewGroup.dispatchTransformedTouchEvent(ViewGroup.java:3121)
06-16 09:53:50.587  5248  5248 E MessageQueue-JNI: 	at android.view.ViewGroup.dispatchTouchEvent(ViewGroup.java:2802)
06-16 09:53:50.587  5248  5248 E MessageQueue-JNI: 	at com.android.internal.policy.DecorView.superDispatchTouchEvent(DecorView.java:525)
06-16 09:53:50.587  5248  5248 E MessageQueue-JNI: 	at com.android.internal.policy.PhoneWindow.superDispatchTouchEvent(PhoneWindow.java:1912)
06-16 09:53:50.587  5248  5248 E MessageQueue-JNI: 	at android.app.Activity.dispatchTouchEvent(Activity.java:4322)
06-16 09:53:50.587  5248  5248 E MessageQueue-JNI: 	at com.android.internal.policy.DecorView.dispatchTouchEvent(DecorView.java:483)
06-16 09:53:50.587  5248  5248 E MessageQueue-JNI: 	at android.view.View.dispatchPointerEvent(View.java:15309)
06-16 09:53:50.587  5248  5248 E MessageQueue-JNI: 	at android.view.ViewRootImpl$ViewPostImeInputStage.processPointerEvent(ViewRootImpl.java:6791)
06-16 09:53:50.587  5248  5248 E MessageQueue-JNI: 	at android.view.ViewRootImpl$ViewPostImeInputStage.onProcess(ViewRootImpl.java:6591)
06-16 09:53:50.587  5248  5248 E MessageQueue-JNI: 	at android.view.ViewRootImpl$InputStage.deliver(ViewRootImpl.java:6047)
06-16 09:53:50.587  5248  5248 E MessageQueue-JNI: 	at android.view.ViewRootImpl$InputStage.onDeliverToNext(ViewRootImpl.java:6104)
06-16 09:53:50.587  5248  5248 E MessageQueue-JNI: 	at android.view.ViewRootImpl$InputStage.forward(ViewRootImpl.java:6070)
06-16 09:53:50.587  5248  5248 E MessageQueue-JNI: 	at android.view.ViewRootImpl$AsyncInputStage.forward(ViewRootImpl.java:6235)
06-16 09:53:50.587  5248  5248 E MessageQueue-JNI: 	at android.view.ViewRootImpl$InputStage.apply(ViewRootImpl.java:6078)
06-16 09:53:50.587  5248  5248 E MessageQueue-JNI: 	at android.view.ViewRootImpl$AsyncInputStage.apply(ViewRootImpl.java:6292)
06-16 09:53:50.587  5248  5248 E MessageQueue-JNI: 	at android.view.ViewRootImpl$InputStage.deliver(ViewRootImpl.java:6051)
06-16 09:53:50.587  5248  5248 E MessageQueue-JNI: 	at android.view.ViewRootImpl$InputStage.onDeliverToNext(ViewRootImpl.java:6104)
06-16 09:53:50.587  5248  5248 E MessageQueue-JNI: 	at android.view.ViewRootImpl$InputStage.forward(ViewRootImpl.java:6070)
06-16 09:53:50.587  5248  5248 E MessageQueue-JNI: 	at android.view.ViewRootImpl$InputStage.apply(ViewRootImpl.java:6078)
06-16 09:53:50.587  5248  5248 E MessageQueue-JNI: 	at android.view.ViewRootImpl$InputStage.deliver(ViewRootImpl.java:6051)
06-16 09:53:50.587  5248  5248 E MessageQueue-JNI: 	at android.view.ViewRootImpl.deliverInputEvent(ViewRootImpl.java:9227)
06-16 09:53:50.587  5248  5248 E MessageQueue-JNI: 	at android.view.ViewRootImpl.doProcessInputEvents(ViewRootImpl.java:9170)
06-16 09:53:50.587  5248  5248 E MessageQueue-JNI: 	at android.view.ViewRootImpl.enqueueInputEvent(ViewRootImpl.java:9139)
06-16 09:53:50.587  5248  5248 E MessageQueue-JNI: 	at android.view.ViewRootImpl$WindowInputEventReceiver.onInputEvent(ViewRootImpl.java:9350)
06-16 09:53:50.587  5248  5248 E MessageQueue-JNI: 	at android.view.InputEventReceiver.dispatchInputEvent(InputEventReceiver.java:267)
06-16 09:53:50.587  5248  5248 E MessageQueue-JNI: 	at android.os.MessageQueue.nativePollOnce(Native Method)
06-16 09:53:50.587  5248  5248 E MessageQueue-JNI: 	at android.os.MessageQueue.next(MessageQueue.java:335)
06-16 09:53:50.587  5248  5248 E MessageQueue-JNI: 	at android.os.Looper.loopOnce(Looper.java:161)
06-16 09:53:50.587  5248  5248 E MessageQueue-JNI: 	at android.os.Looper.loop(Looper.java:288)
06-16 09:53:50.587  5248  5248 E MessageQueue-JNI: 	at android.app.ActivityThread.main(ActivityThread.java:7924)
06-16 09:53:50.587  5248  5248 E MessageQueue-JNI: 	at java.lang.reflect.Method.invoke(Native Method)
06-16 09:53:50.587  5248  5248 E MessageQueue-JNI: 	at com.android.internal.os.RuntimeInit$MethodAndArgsCaller.run(RuntimeInit.java:548)
06-16 09:53:50.587  5248  5248 E MessageQueue-JNI: 	at com.android.internal.os.ZygoteInit.main(ZygoteInit.java:937)
06-16 09:53:50.587  5248  5248 D AndroidRuntime: Shutting down VM
06-16 09:53:50.588  5248  5248 E AndroidRuntime: FATAL EXCEPTION: main
06-16 09:53:50.588  5248  5248 E AndroidRuntime: Process: com.himo.facerecon, PID: 5248
06-16 09:53:50.588  5248  5248 E AndroidRuntime: android.util.AndroidRuntimeException: Calling startActivity() from outside of an Activity  context requires the FLAG_ACTIVITY_NEW_TASK flag. Is this really what you want?
06-16 09:53:50.588  5248  5248 E AndroidRuntime: 	at android.app.ContextImpl.startActivity(ContextImpl.java:1096)
06-16 09:53:50.588  5248  5248 E AndroidRuntime: 	at android.app.ContextImpl.startActivity(ContextImpl.java:1072)
06-16 09:53:50.588  5248  5248 E AndroidRuntime: 	at android.content.ContextWrapper.startActivity(ContextWrapper.java:432)
06-16 09:53:50.588  5248  5248 E AndroidRuntime: 	at com.himo.facerecon.AttendanceExporter.exportAndShare(AttendanceExporter.kt:40)
06-16 09:53:50.588  5248  5248 E AndroidRuntime: 	at com.himo.facerecon.MainViewModel.exportAttendance(MainViewModel.kt:747)
06-16 09:53:50.588  5248  5248 E AndroidRuntime: 	at com.himo.facerecon.AttendanceReviewScreenKt.AttendanceReviewScreen$lambda$31$lambda$30$lambda$29$lambda$28$lambda$27(AttendanceReviewScreen.kt:197)
06-16 09:53:50.588  5248  5248 E AndroidRuntime: 	at com.himo.facerecon.AttendanceReviewScreenKt$$ExternalSyntheticLambda11.invoke(D8$$SyntheticClass:0)
06-16 09:53:50.588  5248  5248 E AndroidRuntime: 	at androidx.compose.foundation.ClickableNode.onPointerEvent-H0pRuoY(Clickable.kt:935)
06-16 09:53:50.588  5248  5248 E AndroidRuntime: 	at androidx.compose.ui.input.pointer.Node.dispatchMainEventPass(HitPathTracker.kt:446)
06-16 09:53:50.588  5248  5248 E AndroidRuntime: 	at androidx.compose.ui.input.pointer.Node.dispatchMainEventPass(HitPathTracker.kt:432)
06-16 09:53:50.588  5248  5248 E AndroidRuntime: 	at androidx.compose.ui.input.pointer.NodeParent.dispatchMainEventPass(HitPathTracker.kt:285)
06-16 09:53:50.588  5248  5248 E AndroidRuntime: 	at androidx.compose.ui.input.pointer.HitPathTracker.dispatchChanges(HitPathTracker.kt:181)
06-16 09:53:50.588  5248  5248 E AndroidRuntime: 	at androidx.compose.ui.input.pointer.PointerInputEventProcessor.process-BIzXfog(PointerInputEventProcessor.kt:118)
06-16 09:53:50.588  5248  5248 E AndroidRuntime: 	at androidx.compose.ui.platform.AndroidComposeView.sendMotionEvent-8iAsVTc(AndroidComposeView.android.kt:2685)
06-16 09:53:50.588  5248  5248 E AndroidRuntime: 	at androidx.compose.ui.platform.AndroidComposeView.handleMotionEvent-8iAsVTc(AndroidComposeView.android.kt:2629)
06-16 09:53:50.588  5248  5248 E AndroidRuntime: 	at androidx.compose.ui.platform.AndroidComposeView.dispatchTouchEvent(AndroidComposeView.android.kt:2467)
06-16 09:53:50.588  5248  5248 E AndroidRuntime: 	at android.view.ViewGroup.dispatchTransformedTouchEvent(ViewGroup.java:3121)
06-16 09:53:50.588  5248  5248 E AndroidRuntime: 	at android.view.ViewGroup.dispatchTouchEvent(ViewGroup.java:2802)
06-16 09:53:50.588  5248  5248 E AndroidRuntime: 	at android.view.ViewGroup.dispatchTransformedTouchEvent(ViewGroup.java:3121)
06-16 09:53:50.588  5248  5248 E AndroidRuntime: 	at android.view.ViewGroup.dispatchTouchEvent(ViewGroup.java:2802)
06-16 09:53:50.588  5248  5248 E AndroidRuntime: 	at android.view.ViewGroup.dispatchTransformedTouchEvent(ViewGroup.java:3121)
06-16 09:53:50.588  5248  5248 E AndroidRuntime: 	at android.view.ViewGroup.dispatchTouchEvent(ViewGroup.java:2802)
06-16 09:53:50.588  5248  5248 E AndroidRuntime: 	at android.view.ViewGroup.dispatchTransformedTouchEvent(ViewGroup.java:3121)
06-16 09:53:50.588  5248  5248 E AndroidRuntime: 	at android.view.ViewGroup.dispatchTouchEvent(ViewGroup.java:2802)
06-16 09:53:50.588  5248  5248 E AndroidRuntime: 	at com.android.internal.policy.DecorView.superDispatchTouchEvent(DecorView.java:525)
06-16 09:53:50.588  5248  5248 E AndroidRuntime: 	at com.android.internal.policy.PhoneWindow.superDispatchTouchEvent(PhoneWindow.java:1912)
06-16 09:53:50.588  5248  5248 E AndroidRuntime: 	at android.app.Activity.dispatchTouchEvent(Activity.java:4322)
06-16 09:53:50.588  5248  5248 E AndroidRuntime: 	at com.android.internal.policy.DecorView.dispatchTouchEvent(DecorView.java:483)
06-16 09:53:50.588  5248  5248 E AndroidRuntime: 	at android.view.View.dispatchPointerEvent(View.java:15309)
06-16 09:53:50.588  5248  5248 E AndroidRuntime: 	at android.view.ViewRootImpl$ViewPostImeInputStage.processPointerEvent(ViewRootImpl.java:6791)
06-16 09:53:50.588  5248  5248 E AndroidRuntime: 	at android.view.ViewRootImpl$ViewPostImeInputStage.onProcess(ViewRootImpl.java:6591)
06-16 09:53:50.588  5248  5248 E AndroidRuntime: 	at android.view.ViewRootImpl$InputStage.deliver(ViewRootImpl.java:6047)
06-16 09:53:50.588  5248  5248 E AndroidRuntime: 	at android.view.ViewRootImpl$InputStage.onDeliverToNext(ViewRootImpl.java:6104)
06-16 09:53:50.588  5248  5248 E AndroidRuntime: 	at android.view.ViewRootImpl$InputStage.forward(ViewRootImpl.java:6070)
06-16 09:53:50.588  5248  5248 E AndroidRuntime: 	at android.view.ViewRootImpl$AsyncInputStage.forward(ViewRootImpl.java:6235)
06-16 09:53:50.588  5248  5248 E AndroidRuntime: 	at android.view.ViewRootImpl$InputStage.apply(ViewRootImpl.java:6078)
06-16 09:53:50.588  5248  5248 E AndroidRuntime: 	at android.view.ViewRootImpl$AsyncInputStage.apply(ViewRootImpl.java:6292)
06-16 09:53:50.588  5248  5248 E AndroidRuntime: 	at android.view.ViewRootImpl$InputStage.deliver(ViewRootImpl.java:6051)
06-16 09:53:50.588  5248  5248 E AndroidRuntime: 	at android.view.ViewRootImpl$InputStage.onDeliverToNext(ViewRootImpl.java:6104)
06-16 09:53:50.588  5248  5248 E AndroidRuntime: 	at android.view.ViewRootImpl$InputStage.forward(ViewRootImpl.java:6070)
06-16 09:53:50.588  5248  5248 E AndroidRuntime: 	at android.view.ViewRootImpl$InputStage.apply(ViewRootImpl.java:6078)
06-16 09:53:50.588  5248  5248 E AndroidRuntime: 	at android.view.ViewRootImpl$InputStage.deliver(ViewRootImpl.java:6051)
06-16 09:53:50.588  5248  5248 E AndroidRuntime: 	at android.view.ViewRootImpl.deliverInputEvent(ViewRootImpl.java:9227)
06-16 09:53:50.588  5248  5248 E AndroidRuntime: 	at android.view.ViewRootImpl.doProcessInputEvents(ViewRootImpl.java:9170)
06-16 09:53:50.588  5248  5248 E AndroidRuntime: 	at android.view.ViewRootImpl.enqueueInputEvent(ViewRootImpl.java:9139)
06-16 09:53:50.588  5248  5248 E AndroidRuntime: 	at android.view.ViewRootImpl$WindowInputEventReceiver.onInputEvent(ViewRootImpl.java:9350)
06-16 09:53:50.588  5248  5248 E AndroidRuntime: 	at android.view.InputEventReceiver.dispatchInputEvent(InputEventReceiver.java:267)
06-16 09:53:50.588  5248  5248 E AndroidRuntime: 	at android.os.MessageQueue.nativePollOnce(Native Method)
06-16 09:53:50.588  5248  5248 E AndroidRuntime: 	at android.os.MessageQueue.next(MessageQueue.java:335)
06-16 09:53:50.588  5248  5248 E AndroidRuntime: 	at android.os.Looper.loopOnce(Looper.java:161)
06-16 09:53:50.588  5248  5248 E AndroidRuntime: 	at android.os.Looper.loop(Looper.java:288)
06-16 09:53:50.588  5248  5248 E AndroidRuntime: 	at android.app.ActivityThread.main(ActivityThread.java:7924)
06-16 09:53:50.588  5248  5248 E AndroidRuntime: 	at java.lang.reflect.Method.invoke(Native Method)
06-16 09:53:50.588  5248  5248 E AndroidRuntime: 	at com.android.internal.os.RuntimeInit$MethodAndArgsCaller.run(RuntimeInit.java:548)
06-16 09:53:50.588  5248  5248 E AndroidRuntime: 	at com.android.internal.os.ZygoteInit.main(ZygoteInit.java:937)
06-16 09:53:50.591   293  5303 I DropBoxManagerService: add tag=data_app_crash isTagEnabled=true flags=0x2
06-16 09:53:50.591   293   724 W ActivityTaskManager:   Force finishing activity com.himo.facerecon/.MainActivity
06-16 09:53:50.595    86    86 V [minigbm:gbm_mesa_internals.cpp(382)]: Allocated: 1600x900, stride: 6400, map_stride: 6400
06-16 09:53:50.607  5248  5248 I Process : Sending signal. PID: 5248 SIG: 9
06-16 09:53:50.608   293   318 W BroadcastQueue: Background execution not allowed: receiving Intent { act=android.intent.action.DROPBOX_ENTRY_ADDED flg=0x10 (has extras) } to com.google.android.gms/.stats.service.DropBoxEntryAddedReceiver
06-16 09:53:50.642   293   322 W libprocessgroup: Failed to open /dev/stune/top-app/cgroup.procs: No such file or directory
06-16 09:53:50.642   293   322 W libprocessgroup: Failed to open /dev/cpuset/top-app/cgroup.procs: No such file or directory
06-16 09:53:50.642   293   322 W libprocessgroup: Failed to open /dev/blkio//cgroup.procs: No such file or directory
06-16 09:53:50.655   293  5084 I WindowManager: WIN DEATH: Window{f374c9f u0 com.himo.facerecon/com.himo.facerecon.MainActivity}
06-16 09:53:50.655   293  5084 W InputManager-JNI: Input channel object 'f374c9f com.himo.facerecon/com.himo.facerecon.MainActivity (client)' was disposed without first being removed with the input manager!
06-16 09:53:50.656   293   687 I ActivityManager: Process com.himo.facerecon (pid 5248) has died: prcp TOP 
06-16 09:53:50.657   974   974 D BoundBrokerSvc: onUnbind: Intent { act=com.google.android.gms.common.telemetry.service.START dat=chimera-action:/... cmp=com.google.android.gms/.chimera.PersistentApiService }
06-16 09:53:50.656    74    74 I Zygote  : Process 5248 exited due to signal 9 (Killed)
06-16 09:53:50.657   293   320 I libprocessgroup: Successfully killed process cgroup uid 10064 pid 5248 in 0ms
06-16 09:53:50.660   293   312 W Choreographer: Frame time is 0.079355 ms in the future!  Check that graphics HAL is generating vsync timestamps using the correct timebase.
06-16 09:53:50.661   293   322 W libprocessgroup: Failed to open /dev/stune/top-app/cgroup.procs: No such file or directory
06-16 09:53:50.664   293   322 W libprocessgroup: Failed to open /dev/cpuset/top-app/cgroup.procs: No such file or directory
06-16 09:53:50.664   293   322 W libprocessgroup: Failed to open /dev/blkio//cgroup.procs: No such file or directory
06-16 09:53:50.666   725   857 D QuickstepModelDelegate: notifyAppTargetEvent action=1 launchLocation=workspace/0/[-1,-1]/[1,1]
06-16 09:53:50.681  1363  1458 E OpenGLRenderer: Unable to match the desired swap behavior.
06-16 09:53:50.684    86    86 V [minigbm:gbm_mesa_internals.cpp(382)]: Allocated: 1600x900, stride: 6656, map_stride: 0
06-16 09:53:50.685   725  1203 E OpenGLRenderer: Unable to match the desired swap behavior.
06-16 09:53:50.687    86   173 V [minigbm:gbm_mesa_internals.cpp(382)]: Allocated: 1600x900, stride: 6656, map_stride: 0
06-16 09:53:50.690  1363  1363 I byia    : onStart
06-16 09:53:50.692   293   312 W WindowManager: Failed to deliver inset state change to w=Window{f374c9f u0 com.himo.facerecon/com.himo.facerecon.MainActivity EXITING}
06-16 09:53:50.692   293   312 W WindowManager: android.os.DeadObjectException
06-16 09:53:50.692   293   312 W WindowManager: 	at android.os.BinderProxy.transactNative(Native Method)
06-16 09:53:50.692   293   312 W WindowManager: 	at android.os.BinderProxy.transact(BinderProxy.java:584)
06-16 09:53:50.692   293   312 W WindowManager: 	at android.view.IWindow$Stub$Proxy.insetsControlChanged(IWindow.java:473)
06-16 09:53:50.692   293   312 W WindowManager: 	at com.android.server.wm.WindowState.notifyInsetsControlChanged(WindowState.java:4043)
06-16 09:53:50.692   293   312 W WindowManager: 	at com.android.server.wm.InsetsStateController.lambda$notifyPendingInsetsControlChanged$4$com-android-server-wm-InsetsStateController(InsetsStateController.java:351)
06-16 09:53:50.692   293   312 W WindowManager: 	at com.android.server.wm.InsetsStateController$$ExternalSyntheticLambda2.run(Unknown Source:2)
06-16 09:53:50.692   293   312 W WindowManager: 	at com.android.server.wm.WindowAnimator.executeAfterPrepareSurfacesRunnables(WindowAnimator.java:345)
06-16 09:53:50.692   293   312 W WindowManager: 	at com.android.server.wm.RootWindowContainer.performSurfacePlacementNoTrace(RootWindowContainer.java:835)
06-16 09:53:50.692   293   312 W WindowManager: 	at com.android.server.wm.RootWindowContainer.performSurfacePlacement(RootWindowContainer.java:779)
06-16 09:53:50.692   293   312 W WindowManager: 	at com.android.server.wm.WindowSurfacePlacer.performSurfacePlacementLoop(WindowSurfacePlacer.java:177)
06-16 09:53:50.692   293   312 W WindowManager: 	at com.android.server.wm.WindowSurfacePlacer.performSurfacePlacement(WindowSurfacePlacer.java:126)
06-16 09:53:50.692   293   312 W WindowManager: 	at com.android.server.wm.WindowSurfacePlacer.performSurfacePlacement(WindowSurfacePlacer.java:115)
06-16 09:53:50.692   293   312 W WindowManager: 	at com.android.server.wm.WindowSurfacePlacer$Traverser.run(WindowSurfacePlacer.java:57)
06-16 09:53:50.692   293   312 W WindowManager: 	at android.os.Handler.handleCallback(Handler.java:942)
06-16 09:53:50.692   293   312 W WindowManager: 	at android.os.Handler.dispatchMessage(Handler.java:99)
06-16 09:53:50.692   293   312 W WindowManager: 	at android.os.Looper.loopOnce(Looper.java:201)
06-16 09:53:50.692   293   312 W WindowManager: 	at android.os.Looper.loop(Looper.java:288)
06-16 09:53:50.692   293   312 W WindowManager: 	at android.os.HandlerThread.run(HandlerThread.java:67)
06-16 09:53:50.692   293   312 W WindowManager: 	at com.android.server.ServiceThread.run(ServiceThread.java:44)
06-16 09:53:50.695    86  1424 V [minigbm:gbm_mesa_internals.cpp(382)]: Allocated: 1600x900, stride: 6656, map_stride: 0
06-16 09:53:50.698  1363  1363 I bwam    : (REDACTED) [%s] onStart()
06-16 09:53:50.698  1363  1363 I bwcz    : Reloading theme data
06-16 09:53:50.699    86    86 V [minigbm:gbm_mesa_internals.cpp(382)]: Allocated: 1600x900, stride: 6656, map_stride: 0
06-16 09:53:50.700    99   195 W TransactionTracing: Could not find layer handle 0x7e98d803f4d0
06-16 09:53:50.700    99   195 W TransactionTracing: Could not find layer handle 0x7e98d8037610
06-16 09:53:50.702    86    86 V [minigbm:gbm_mesa_internals.cpp(382)]: Allocated: 1600x900, stride: 6656, map_stride: 0
06-16 09:53:50.705  1363  1363 E NetworkErrorMessage: (REDACTED) Invalid connectivity state: %s
06-16 09:53:50.706  1363  1363 I byia    : onResume
06-16 09:53:50.707  1363  1363 W doej    : missing event name
06-16 09:53:50.711    86    86 V [minigbm:gbm_mesa_internals.cpp(382)]: Allocated: 1600x900, stride: 6656, map_stride: 0
06-16 09:53:50.717   293   312 W WindowManager: Exception thrown during dispatchAppVisibility Window{f374c9f u0 com.himo.facerecon/com.himo.facerecon.MainActivity EXITING}
06-16 09:53:50.717   293   312 W WindowManager: android.os.DeadObjectException
06-16 09:53:50.717   293   312 W WindowManager: 	at android.os.BinderProxy.transactNative(Native Method)
06-16 09:53:50.717   293   312 W WindowManager: 	at android.os.BinderProxy.transact(BinderProxy.java:584)
06-16 09:53:50.717   293   312 W WindowManager: 	at android.view.IWindow$Stub$Proxy.dispatchAppVisibility(IWindow.java:536)
06-16 09:53:50.717   293   312 W WindowManager: 	at com.android.server.wm.WindowState.sendAppVisibilityToClients(WindowState.java:3498)
06-16 09:53:50.717   293   312 W WindowManager: 	at com.android.server.wm.WindowContainer.sendAppVisibilityToClients(WindowContainer.java:1234)
06-16 09:53:50.717   293   312 W WindowManager: 	at com.android.server.wm.WindowToken.setClientVisible(WindowToken.java:392)
06-16 09:53:50.717   293   312 W WindowManager: 	at com.android.server.wm.ActivityRecord.setClientVisible(ActivityRecord.java:6847)
06-16 09:53:50.717   293   312 W WindowManager: 	at com.android.server.wm.ActivityRecord.onAnimationFinished(ActivityRecord.java:7669)
06-16 09:53:50.717   293   312 W WindowManager: 	at com.android.server.wm.ActivityRecord.postApplyAnimation(ActivityRecord.java:5530)
06-16 09:53:50.717   293   312 W WindowManager: 	at com.android.server.wm.ActivityRecord.commitVisibility(ActivityRecord.java:5490)
06-16 09:53:50.717   293   312 W WindowManager: 	at com.android.server.wm.ActivityRecord.commitVisibility(ActivityRecord.java:5494)
06-16 09:53:50.717   293   312 W WindowManager: 	at com.android.server.wm.AppTransitionController.handleClosingApps(AppTransitionController.java:1194)
06-16 09:53:50.717   293   312 W WindowManager: 	at com.android.server.wm.AppTransitionController.handleAppTransitionReady(AppTransitionController.java:304)
06-16 09:53:50.717   293   312 W WindowManager: 	at com.android.server.wm.RootWindowContainer.checkAppTransitionReady(RootWindowContainer.java:981)
06-16 09:53:50.717   293   312 W WindowManager: 	at com.android.server.wm.RootWindowContainer.performSurfacePlacementNoTrace(RootWindowContainer.java:837)
06-16 09:53:50.717   293   312 W WindowManager: 	at com.android.server.wm.RootWindowContainer.performSurfacePlacement(RootWindowContainer.java:779)
06-16 09:53:50.717   293   312 W WindowManager: 	at com.android.server.wm.WindowSurfacePlacer.performSurfacePlacementLoop(WindowSurfacePlacer.java:177)
06-16 09:53:50.717   293   312 W WindowManager: 	at com.android.server.wm.WindowSurfacePlacer.performSurfacePlacement(WindowSurfacePlacer.java:126)
06-16 09:53:50.717   293   312 W WindowManager: 	at com.android.server.wm.WindowSurfacePlacer.performSurfacePlacement(WindowSurfacePlacer.java:115)
06-16 09:53:50.717   293   312 W WindowManager: 	at com.android.server.wm.WindowSurfacePlacer$Traverser.run(WindowSurfacePlacer.java:57)
06-16 09:53:50.717   293   312 W WindowManager: 	at android.os.Handler.handleCallback(Handler.java:942)
06-16 09:53:50.717   293   312 W WindowManager: 	at android.os.Handler.dispatchMessage(Handler.java:99)
06-16 09:53:50.717   293   312 W WindowManager: 	at android.os.Looper.loopOnce(Looper.java:201)
06-16 09:53:50.717   293   312 W WindowManager: 	at android.os.Looper.loop(Looper.java:288)
06-16 09:53:50.717   293   312 W WindowManager: 	at android.os.HandlerThread.run(HandlerThread.java:67)
06-16 09:53:50.717   293   312 W WindowManager: 	at com.android.server.ServiceThread.run(ServiceThread.java:44)
06-16 09:53:50.717   293   312 I Process : Sending signal. PID: 5248 SIG: 9
06-16 09:53:50.721   293   311 W ActivityManager: setHasOverlayUi called on unknown pid: 5248
06-16 09:53:50.721   474   484 W ndroid.systemui: Cleared Reference was only reachable from finalizer (only reported once)
06-16 09:53:50.726    99    99 E ClientCache: failed to get buffer, invalid process token
06-16 09:53:50.727    99    99 E BpTransactionCompletedListener: Failed to transact (-32)
06-16 09:53:50.730    99   195 W TransactionTracing: Could not find layer handle 0x7e98d80442d0
06-16 09:53:50.730    99   195 W TransactionTracing: Could not find layer handle 0x7e98d803da90
06-16 09:53:50.730    99   195 W TransactionTracing: Could not find layer handle 0x7e98d803c350
06-16 09:53:50.730    99   195 W TransactionTracing: Could not find layer handle 0x7e98d80442d0
06-16 09:53:50.740   474   484 I ndroid.systemui: NativeAlloc concurrent copying GC freed 392695(14MB) AllocSpace objects, 2(1036KB) LOS objects, 67% free, 11MB/35MB, paused 40us,15us total 125.929ms
06-16 09:53:50.740   474   484 W ndroid.systemui: Reducing the number of considered missed Gc histogram windows from 103 to 100
06-16 09:53:50.748    99   195 W TransactionTracing: Could not find layer handle 0x7e98d8037070
06-16 09:53:51.092   293   311 W ActivityTaskManager: Activity top resumed state loss timeout for ActivityRecord{76821c7 u0 com.himo.facerecon/.MainActivity} t-1 f}}
06-16 09:53:55.464  2605  2836 E msys    : E[N mns:TigonMNS]_LogError(304)=>Failed to resolve using system DNS resolver, getaddrinfo(): No address associated with hostname
06-16 09:53:57.290  2605  2932 E msys    : E[N mns:DGWClient]_LogError(304)=>Failed to resolve using system DNS resolver, getaddrinfo(): No address associated with hostname
^C

and add a search bar to search students and also we need to be able to add students to an existing classs by scaning or by importing image and add back btn handles to run back and history not only for exit and also update md
