06-16 09:52:27.006   293   370 W InputDispatcher: Not sending touch gesture to 8b6bd3 ActivityRecordInputSink com.himo.facerecon/.MainActivity because it is not responsive
06-16 09:52:27.015   293   370 W InputDispatcher: Not sending touch gesture to 8b6bd3 ActivityRecordInputSink com.himo.facerecon/.MainActivity because it is not responsive
06-16 09:52:27.022   293   370 W InputDispatcher: Not sending touch gesture to 8b6bd3 ActivityRecordInputSink com.himo.facerecon/.MainActivity because it is not responsive
06-16 09:52:27.033   293   370 W InputDispatcher: Not sending touch gesture to 8b6bd3 ActivityRecordInputSink com.himo.facerecon/.MainActivity because it is not responsive
06-16 09:52:27.038   293   370 W InputDispatcher: Not sending touch gesture to 8b6bd3 ActivityRecordInputSink com.himo.facerecon/.MainActivity because it is not responsive
06-16 09:52:27.047   293   370 W InputDispatcher: Not sending touch gesture to 8b6bd3 ActivityRecordInputSink com.himo.facerecon/.MainActivity because it is not responsive
06-16 09:52:27.051  5092  5092 W .himo.facerecon: Accessing hidden method Landroid/os/SystemProperties;->addChangeCallback(Ljava/lang/Runnable;)V (unsupported, reflection, allowed)
06-16 09:52:27.054   293   370 W InputDispatcher: Not sending touch gesture to 8b6bd3 ActivityRecordInputSink com.himo.facerecon/.MainActivity because it is not responsive
06-16 09:52:27.064   293   370 W InputDispatcher: Not sending touch gesture to 8b6bd3 ActivityRecordInputSink com.himo.facerecon/.MainActivity because it is not responsive
06-16 09:52:27.070   293   370 W InputDispatcher: Not sending touch gesture to 8b6bd3 ActivityRecordInputSink com.himo.facerecon/.MainActivity because it is not responsive
06-16 09:52:27.081   293   370 W InputDispatcher: Not sending touch gesture to 8b6bd3 ActivityRecordInputSink com.himo.facerecon/.MainActivity because it is not responsive
06-16 09:52:27.086   293   370 W InputDispatcher: Not sending touch gesture to 8b6bd3 ActivityRecordInputSink com.himo.facerecon/.MainActivity because it is not responsive
06-16 09:52:27.095   293   370 W InputDispatcher: Not sending touch gesture to 8b6bd3 ActivityRecordInputSink com.himo.facerecon/.MainActivity because it is not responsive
06-16 09:52:27.103   293   370 W InputDispatcher: Not sending touch gesture to 8b6bd3 ActivityRecordInputSink com.himo.facerecon/.MainActivity because it is not responsive
06-16 09:52:27.111   293   370 W InputDispatcher: Not sending touch gesture to 8b6bd3 ActivityRecordInputSink com.himo.facerecon/.MainActivity because it is not responsive
06-16 09:52:27.117  5092  5126 I tflite  : Created TensorFlow Lite delegate for GPU.
06-16 09:52:27.118   293   370 W InputDispatcher: Not sending touch gesture to 8b6bd3 ActivityRecordInputSink com.himo.facerecon/.MainActivity because it is not responsive
06-16 09:52:27.121  5092  5126 I TensorFlowLite: Loaded native library: tensorflowlite_jni
06-16 09:52:27.122  5092  5126 I TensorFlowLite: Didn't load native library: tensorflowlite_jni_gms_client
06-16 09:52:27.123  5092  5126 I tflite  : Initialized TensorFlow Lite runtime.
06-16 09:52:27.129   293   370 W InputDispatcher: Not sending touch gesture to 8b6bd3 ActivityRecordInputSink com.himo.facerecon/.MainActivity because it is not responsive
06-16 09:52:27.136   293   370 W InputDispatcher: Not sending touch gesture to 8b6bd3 ActivityRecordInputSink com.himo.facerecon/.MainActivity because it is not responsive
06-16 09:52:27.138  5092  5126 I tflite  : Replacing 181 out of 181 node(s) with delegate (TfLiteGpuDelegateV2) node, yielding 1 partitions for the whole graph.
06-16 09:52:27.147   293   370 W InputDispatcher: Not sending touch gesture to 8b6bd3 ActivityRecordInputSink com.himo.facerecon/.MainActivity because it is not responsive
06-16 09:52:27.193  5092  5122 D CameraValidator: Verifying camera lens facing on waydroid_x86_64, lensFacingInteger: null
06-16 09:52:27.193  5092  5122 E CameraValidator: Camera LensFacing verification failed, existing cameras: []
06-16 09:52:27.194  5092  5122 W CameraX : Retry init. Start time 3653331 current time 3653847
06-16 09:52:27.194  5092  5122 W CameraX : androidx.camera.core.impl.CameraValidator$CameraIdListIncorrectException: Expected camera missing from device.
06-16 09:52:27.194  5092  5122 W CameraX : 	at androidx.camera.core.impl.CameraValidator.validateCameras(CameraValidator.java:97)
06-16 09:52:27.194  5092  5122 W CameraX : 	at androidx.camera.core.CameraX.lambda$initAndRetryRecursively$2$androidx-camera-core-CameraX(CameraX.java:334)
06-16 09:52:27.194  5092  5122 W CameraX : 	at androidx.camera.core.CameraX$$ExternalSyntheticLambda4.run(D8$$SyntheticClass:0)
06-16 09:52:27.194  5092  5122 W CameraX : 	at java.util.concurrent.ThreadPoolExecutor.runWorker(ThreadPoolExecutor.java:1137)
06-16 09:52:27.194  5092  5122 W CameraX : 	at java.util.concurrent.ThreadPoolExecutor$Worker.run(ThreadPoolExecutor.java:637)
06-16 09:52:27.194  5092  5122 W CameraX : 	at java.lang.Thread.run(Thread.java:1012)
06-16 09:52:27.194  5092  5122 W CameraX : Caused by: java.lang.IllegalArgumentException: No available camera can be found
06-16 09:52:27.194  5092  5122 W CameraX : 	at androidx.camera.core.CameraSelector.select(CameraSelector.java:94)
06-16 09:52:27.194  5092  5122 W CameraX : 	at androidx.camera.core.impl.CameraValidator.validateCameras(CameraValidator.java:83)
06-16 09:52:27.194  5092  5122 W CameraX : 	... 5 more
06-16 09:52:27.344  5092  5126 I MESA    : Using gralloc0 CrOS API
06-16 09:52:27.345  5092  5126 W EGL-MAIN: failed to get driver name for fd -1
06-16 09:52:27.345  5092  5126 W EGL-MAIN: MESA-LOADER: failed to retrieve device information
06-16 09:52:27.345  5092  5126 W EGL-MAIN: failed to get driver name for fd -1
06-16 09:52:27.356  5092  5126 E libEGL  : call to OpenGL ES API with no current context (logged once per thread)
06-16 09:52:27.357  5092  5126 I tflite  : Initialized OpenGL-based API.
06-16 09:52:27.415   293   370 W InputDispatcher: Not sending touch gesture to 8b6bd3 ActivityRecordInputSink com.himo.facerecon/.MainActivity because it is not responsive
06-16 09:52:27.424   293   370 W InputDispatcher: Not sending touch gesture to 8b6bd3 ActivityRecordInputSink com.himo.facerecon/.MainActivity because it is not responsive
06-16 09:52:27.431   293   370 W InputDispatcher: Not sending touch gesture to 8b6bd3 ActivityRecordInputSink com.himo.facerecon/.MainActivity because it is not responsive
06-16 09:52:27.438   293   370 W InputDispatcher: Not sending touch gesture to 8b6bd3 ActivityRecordInputSink com.himo.facerecon/.MainActivity because it is not responsive
06-16 09:52:27.447   293   370 W InputDispatcher: Not sending touch gesture to 8b6bd3 ActivityRecordInputSink com.himo.facerecon/.MainActivity because it is not responsive
06-16 09:52:27.454   293   370 W InputDispatcher: Not sending touch gesture to 8b6bd3 ActivityRecordInputSink com.himo.facerecon/.MainActivity because it is not responsive
06-16 09:52:27.471   293   370 W InputDispatcher: Not sending touch gesture to 8b6bd3 ActivityRecordInputSink com.himo.facerecon/.MainActivity because it is not responsive
06-16 09:52:27.697  5092  5122 D CameraValidator: Verifying camera lens facing on waydroid_x86_64, lensFacingInteger: null
06-16 09:52:27.697  5092  5122 E CameraValidator: Camera LensFacing verification failed, existing cameras: []
06-16 09:52:27.697  5092  5122 W CameraX : Retry init. Start time 3653331 current time 3654351
06-16 09:52:27.697  5092  5122 W CameraX : androidx.camera.core.impl.CameraValidator$CameraIdListIncorrectException: Expected camera missing from device.
06-16 09:52:27.697  5092  5122 W CameraX : 	at androidx.camera.core.impl.CameraValidator.validateCameras(CameraValidator.java:97)
06-16 09:52:27.697  5092  5122 W CameraX : 	at androidx.camera.core.CameraX.lambda$initAndRetryRecursively$2$androidx-camera-core-CameraX(CameraX.java:334)
06-16 09:52:27.697  5092  5122 W CameraX : 	at androidx.camera.core.CameraX$$ExternalSyntheticLambda4.run(D8$$SyntheticClass:0)
06-16 09:52:27.697  5092  5122 W CameraX : 	at java.util.concurrent.ThreadPoolExecutor.runWorker(ThreadPoolExecutor.java:1137)
06-16 09:52:27.697  5092  5122 W CameraX : 	at java.util.concurrent.ThreadPoolExecutor$Worker.run(ThreadPoolExecutor.java:637)
06-16 09:52:27.697  5092  5122 W CameraX : 	at java.lang.Thread.run(Thread.java:1012)
06-16 09:52:27.697  5092  5122 W CameraX : Caused by: java.lang.IllegalArgumentException: No available camera can be found
06-16 09:52:27.697  5092  5122 W CameraX : 	at androidx.camera.core.CameraSelector.select(CameraSelector.java:94)
06-16 09:52:27.697  5092  5122 W CameraX : 	at androidx.camera.core.impl.CameraValidator.validateCameras(CameraValidator.java:83)
06-16 09:52:27.697  5092  5122 W CameraX : 	... 5 more
06-16 09:52:28.201  5092  5122 D CameraValidator: Verifying camera lens facing on waydroid_x86_64, lensFacingInteger: null
06-16 09:52:28.201  5092  5122 E CameraValidator: Camera LensFacing verification failed, existing cameras: []
06-16 09:52:28.201  5092  5122 W CameraX : Retry init. Start time 3653331 current time 3654855
06-16 09:52:28.201  5092  5122 W CameraX : androidx.camera.core.impl.CameraValidator$CameraIdListIncorrectException: Expected camera missing from device.
06-16 09:52:28.201  5092  5122 W CameraX : 	at androidx.camera.core.impl.CameraValidator.validateCameras(CameraValidator.java:97)
06-16 09:52:28.201  5092  5122 W CameraX : 	at androidx.camera.core.CameraX.lambda$initAndRetryRecursively$2$androidx-camera-core-CameraX(CameraX.java:334)
06-16 09:52:28.201  5092  5122 W CameraX : 	at androidx.camera.core.CameraX$$ExternalSyntheticLambda4.run(D8$$SyntheticClass:0)
06-16 09:52:28.201  5092  5122 W CameraX : 	at java.util.concurrent.ThreadPoolExecutor.runWorker(ThreadPoolExecutor.java:1137)
06-16 09:52:28.201  5092  5122 W CameraX : 	at java.util.concurrent.ThreadPoolExecutor$Worker.run(ThreadPoolExecutor.java:637)
06-16 09:52:28.201  5092  5122 W CameraX : 	at java.lang.Thread.run(Thread.java:1012)
06-16 09:52:28.201  5092  5122 W CameraX : Caused by: java.lang.IllegalArgumentException: No available camera can be found
06-16 09:52:28.201  5092  5122 W CameraX : 	at androidx.camera.core.CameraSelector.select(CameraSelector.java:94)
06-16 09:52:28.201  5092  5122 W CameraX : 	at androidx.camera.core.impl.CameraValidator.validateCameras(CameraValidator.java:83)
06-16 09:52:28.201  5092  5122 W CameraX : 	... 5 more
06-16 09:52:28.503  5092  5126 I tflite  : Created 1 GPU delegate kernels.
06-16 09:52:28.523  5092  5126 D FaceRecognitionHelper: Loaded 31 samples for 8 people
06-16 09:52:28.523  5092  5126 D FaceRecognitionHelper: Loaded model=facenet.tflite dim=128
06-16 09:52:28.526   293   370 W InputDispatcher: Not sending touch gesture to 8b6bd3 ActivityRecordInputSink com.himo.facerecon/.MainActivity because it is not responsive
06-16 09:52:28.615  5092  5092 W OnBackInvokedCallback: OnBackInvokedCallback is not enabled for the application.
06-16 09:52:28.615  5092  5092 W OnBackInvokedCallback: Set 'android:enableOnBackInvokedCallback="true"' in the application manifest.
06-16 09:52:28.703  5092  5122 D CameraValidator: Verifying camera lens facing on waydroid_x86_64, lensFacingInteger: null
06-16 09:52:28.703  5092  5122 E CameraValidator: Camera LensFacing verification failed, existing cameras: []
06-16 09:52:28.704  5092  5122 W CameraX : Retry init. Start time 3653331 current time 3655357
06-16 09:52:28.704  5092  5122 W CameraX : androidx.camera.core.impl.CameraValidator$CameraIdListIncorrectException: Expected camera missing from device.
06-16 09:52:28.704  5092  5122 W CameraX : 	at androidx.camera.core.impl.CameraValidator.validateCameras(CameraValidator.java:97)
06-16 09:52:28.704  5092  5122 W CameraX : 	at androidx.camera.core.CameraX.lambda$initAndRetryRecursively$2$androidx-camera-core-CameraX(CameraX.java:334)
06-16 09:52:28.704  5092  5122 W CameraX : 	at androidx.camera.core.CameraX$$ExternalSyntheticLambda4.run(D8$$SyntheticClass:0)
06-16 09:52:28.704  5092  5122 W CameraX : 	at java.util.concurrent.ThreadPoolExecutor.runWorker(ThreadPoolExecutor.java:1137)
06-16 09:52:28.704  5092  5122 W CameraX : 	at java.util.concurrent.ThreadPoolExecutor$Worker.run(ThreadPoolExecutor.java:637)
06-16 09:52:28.704  5092  5122 W CameraX : 	at java.lang.Thread.run(Thread.java:1012)
06-16 09:52:28.704  5092  5122 W CameraX : Caused by: java.lang.IllegalArgumentException: No available camera can be found
06-16 09:52:28.704  5092  5122 W CameraX : 	at androidx.camera.core.CameraSelector.select(CameraSelector.java:94)
06-16 09:52:28.704  5092  5122 W CameraX : 	at androidx.camera.core.impl.CameraValidator.validateCameras(CameraValidator.java:83)
06-16 09:52:28.704  5092  5122 W CameraX : 	... 5 more
06-16 09:52:28.765  5092  5112 E OpenGLRenderer: Device claims wide gamut support, cannot find matching config, error = EGL_SUCCESS
06-16 09:52:28.765  5092  5112 W OpenGLRenderer: Failed to initialize 101010-2 format, error = EGL_SUCCESS
06-16 09:52:28.773    99   457 E HWComposer: getSupportedContentTypes: getSupportedContentTypes failed for display 0: Unsupported (8)
06-16 09:52:28.774  5092  5112 E OpenGLRenderer: Unable to match the desired swap behavior.
06-16 09:52:28.777    19    19 I servicemanager: Could not find android.hardware.graphics.allocator.IAllocator/default in the VINTF manifest.
06-16 09:52:28.779    86    86 V [minigbm:gbm_mesa_internals.cpp(382)]: Allocated: 1600x900, stride: 6656, map_stride: 0
06-16 09:52:28.782    86   173 V [minigbm:gbm_mesa_internals.cpp(382)]: Allocated: 1600x900, stride: 6656, map_stride: 0
06-16 09:52:28.784    86   173 V [minigbm:gbm_mesa_internals.cpp(382)]: Allocated: 1600x900, stride: 6656, map_stride: 0
06-16 09:52:28.827   293   308 W ziparchive: Unable to open '/data/app/~~zosC5MErOgm5uI7mwpwcog==/com.himo.facerecon-SDjWSmctI7igcdm_KwEujg==/base.dm': No such file or directory
06-16 09:52:28.829   293   308 I ActivityTaskManager: Displayed com.himo.facerecon/.MainActivity: +3s152ms
06-16 09:52:28.833  5092  5106 I OpenGLRenderer: Davey! duration=2281ms; Flags=1, FrameTimelineVsyncId=372412, IntendedVsync=3653192239776, Vsync=3653358906436, InputEventId=0, HandleInputStart=3653363713374, AnimationStart=3653363719763, PerformTraversalsStart=3653364046088, DrawStart=3655439713213, FrameDeadline=3653212906442, FrameInterval=3653363653513, FrameStartTime=16666666, SyncQueued=3655463109353, SyncStart=3655467057743, IssueDrawCommandsStart=3655467226020, SwapBuffers=3655474854082, FrameCompleted=3655478111860, DequeueBufferDuration=0, QueueBufferDuration=271193, GpuCompleted=3655478111860, SwapBuffersCompleted=3655476237394, DisplayPresentTime=0, CommandSubmissionCompleted=3655474854082, 
06-16 09:52:28.845  5092  5092 I Choreographer: Skipped 123 frames!  The application may be doing too much work on its main thread.
06-16 09:52:28.861   293   307 D CompatibilityChangeReporter: Compat change id reported: 214016041; UID 10064; state: ENABLED
06-16 09:52:28.863   974   992 I FontLog : Received query Noto Color Emoji Compat, URI content://com.google.android.gms.fonts [CONTEXT service_id=132 ]
06-16 09:52:28.863   974   992 I FontLog : Query [emojicompat-emoji-font] resolved to {Noto Color Emoji Compat, wdth 100.0, wght 400, ital 0.0, bestEffort false}, isVf false} [CONTEXT service_id=132 ]
06-16 09:52:28.868   974   992 I FontLog : Fetch {Noto Color Emoji Compat, wdth 100.0, wght 400, ital 0.0, bestEffort false}, isVf false} end status Status{statusCode=SUCCESS, resolution=null} [CONTEXT service_id=132 ]
06-16 09:52:28.881  1363  1363 I byia    : onStop
06-16 09:52:28.882   974  1106 I FontLog : Pulling font file for id = 11, cache size = 5 [CONTEXT service_id=132 ]
06-16 09:52:28.895    99   195 W TransactionTracing: Could not find layer handle 0x7e98d803ff50
06-16 09:52:28.897   974  1106 I FontLog : Pulling font file for id = 11, cache size = 5 [CONTEXT service_id=132 ]
06-16 09:52:29.021   474   641 W Choreographer: Frame time is 0.12269 ms in the future!  Check that graphics HAL is generating vsync timestamps using the correct timebase.
06-16 09:52:29.021  5092  5092 W Choreographer: Frame time is 0.090916 ms in the future!  Check that graphics HAL is generating vsync timestamps using the correct timebase.
06-16 09:52:29.192   293  4510 D CoreBackPreview: Window{5e9a03c u0 com.himo.facerecon/SplashScreen EXITING}: Setting back callback null
06-16 09:52:29.193    99   195 W TransactionTracing: Could not find layer id -1
06-16 09:52:29.193    99   195 W TransactionTracing: Could not find layer id -1
06-16 09:52:29.194   293  1122 W InputManager-JNI: Input channel object '5e9a03c com.himo.facerecon/SplashScreen (client)' was disposed without first being removed with the input manager!
06-16 09:52:29.207  5092  5122 D CameraValidator: Verifying camera lens facing on waydroid_x86_64, lensFacingInteger: null
06-16 09:52:29.207  5092  5122 E CameraValidator: Camera LensFacing verification failed, existing cameras: []
06-16 09:52:29.207  5092  5122 E CameraX : The device might underreport the amount of the cameras. Finish the initialize task since we are already reaching the maximum number of retries.
06-16 09:52:29.223  5092  5092 E MainScreen: Failed to bind camera
06-16 09:52:29.223  5092  5092 E MainScreen: java.lang.IllegalArgumentException: Provided camera selector unable to resolve a camera for the given use case
06-16 09:52:29.223  5092  5092 E MainScreen: 	at androidx.camera.lifecycle.ProcessCameraProvider.bindToLifecycle(ProcessCameraProvider.java:589)
06-16 09:52:29.223  5092  5092 E MainScreen: 	at androidx.camera.lifecycle.ProcessCameraProvider.bindToLifecycle(ProcessCameraProvider.java:387)
06-16 09:52:29.223  5092  5092 E MainScreen: 	at com.himo.facerecon.MainScreenKt.bindCameraUseCases(MainScreen.kt:938)
06-16 09:52:29.223  5092  5092 E MainScreen: 	at com.himo.facerecon.MainScreenKt.access$bindCameraUseCases(MainScreen.kt:1)
06-16 09:52:29.223  5092  5092 E MainScreen: 	at com.himo.facerecon.MainScreenKt$MainScreen$1$1.invokeSuspend(MainScreen.kt:172)
06-16 09:52:29.223  5092  5092 E MainScreen: 	at kotlin.coroutines.jvm.internal.BaseContinuationImpl.resumeWith(ContinuationImpl.kt:33)
06-16 09:52:29.223  5092  5092 E MainScreen: 	at kotlinx.coroutines.DispatchedTask.run(DispatchedTask.kt:101)
06-16 09:52:29.223  5092  5092 E MainScreen: 	at androidx.compose.ui.platform.AndroidUiDispatcher.performTrampolineDispatch(AndroidUiDispatcher.android.kt:79)
06-16 09:52:29.223  5092  5092 E MainScreen: 	at androidx.compose.ui.platform.AndroidUiDispatcher.access$performTrampolineDispatch(AndroidUiDispatcher.android.kt:41)
06-16 09:52:29.223  5092  5092 E MainScreen: 	at androidx.compose.ui.platform.AndroidUiDispatcher$dispatchCallback$1.run(AndroidUiDispatcher.android.kt:57)
06-16 09:52:29.223  5092  5092 E MainScreen: 	at android.os.Handler.handleCallback(Handler.java:942)
06-16 09:52:29.223  5092  5092 E MainScreen: 	at android.os.Handler.dispatchMessage(Handler.java:99)
06-16 09:52:29.223  5092  5092 E MainScreen: 	at android.os.Looper.loopOnce(Looper.java:201)
06-16 09:52:29.223  5092  5092 E MainScreen: 	at android.os.Looper.loop(Looper.java:288)
06-16 09:52:29.223  5092  5092 E MainScreen: 	at android.app.ActivityThread.main(ActivityThread.java:7924)
06-16 09:52:29.223  5092  5092 E MainScreen: 	at java.lang.reflect.Method.invoke(Native Method)
06-16 09:52:29.223  5092  5092 E MainScreen: 	at com.android.internal.os.RuntimeInit$MethodAndArgsCaller.run(RuntimeInit.java:548)
06-16 09:52:29.223  5092  5092 E MainScreen: 	at com.android.internal.os.ZygoteInit.main(ZygoteInit.java:937)
06-16 09:52:29.359    99   195 W TransactionTracing: Could not find layer handle 0x7e98d803eff0
06-16 09:52:29.359    99   195 W TransactionTracing: Could not find layer handle 0x7e98d803c0b0
06-16 09:52:29.359    99   195 W TransactionTracing: Could not find layer handle 0x7e98d8014150
06-16 09:52:29.359    99   195 W TransactionTracing: Could not find layer handle 0x7e98d8014150
06-16 09:52:29.359    99   195 W TransactionTracing: Could not find layer handle 0x7e98d803c0b0
06-16 09:52:29.502   293   370 W InputDispatcher: Window 8b6bd3 ActivityRecordInputSink com.himo.facerecon/.MainActivity already unregistered input channel
06-16 09:52:30.270   474   474 D VRI[NavigationBar0]: updatePointerIcon called with position out of bounds
06-16 09:52:31.038   474   474 D VRI[NavigationBar0]: updatePointerIcon called with position out of bounds
06-16 09:52:31.219  5092  5092 E MainScreen: Failed to bind camera
06-16 09:52:31.219  5092  5092 E MainScreen: java.lang.IllegalArgumentException: Provided camera selector unable to resolve a camera for the given use case
06-16 09:52:31.219  5092  5092 E MainScreen: 	at androidx.camera.lifecycle.ProcessCameraProvider.bindToLifecycle(ProcessCameraProvider.java:589)
06-16 09:52:31.219  5092  5092 E MainScreen: 	at androidx.camera.lifecycle.ProcessCameraProvider.bindToLifecycle(ProcessCameraProvider.java:387)
06-16 09:52:31.219  5092  5092 E MainScreen: 	at com.himo.facerecon.MainScreenKt.bindCameraUseCases(MainScreen.kt:938)
06-16 09:52:31.219  5092  5092 E MainScreen: 	at com.himo.facerecon.MainScreenKt.access$bindCameraUseCases(MainScreen.kt:1)
06-16 09:52:31.219  5092  5092 E MainScreen: 	at com.himo.facerecon.MainScreenKt$MainScreen$1$1.invokeSuspend(MainScreen.kt:172)
06-16 09:52:31.219  5092  5092 E MainScreen: 	at kotlin.coroutines.jvm.internal.BaseContinuationImpl.resumeWith(ContinuationImpl.kt:33)
06-16 09:52:31.219  5092  5092 E MainScreen: 	at kotlinx.coroutines.DispatchedTask.run(DispatchedTask.kt:101)
06-16 09:52:31.219  5092  5092 E MainScreen: 	at androidx.compose.ui.platform.AndroidUiDispatcher.performTrampolineDispatch(AndroidUiDispatcher.android.kt:79)
06-16 09:52:31.219  5092  5092 E MainScreen: 	at androidx.compose.ui.platform.AndroidUiDispatcher.access$performTrampolineDispatch(AndroidUiDispatcher.android.kt:41)
06-16 09:52:31.219  5092  5092 E MainScreen: 	at androidx.compose.ui.platform.AndroidUiDispatcher$dispatchCallback$1.run(AndroidUiDispatcher.android.kt:57)
06-16 09:52:31.219  5092  5092 E MainScreen: 	at android.os.Handler.handleCallback(Handler.java:942)
06-16 09:52:31.219  5092  5092 E MainScreen: 	at android.os.Handler.dispatchMessage(Handler.java:99)
06-16 09:52:31.219  5092  5092 E MainScreen: 	at android.os.Looper.loopOnce(Looper.java:201)
06-16 09:52:31.219  5092  5092 E MainScreen: 	at android.os.Looper.loop(Looper.java:288)
06-16 09:52:31.219  5092  5092 E MainScreen: 	at android.app.ActivityThread.main(ActivityThread.java:7924)
06-16 09:52:31.219  5092  5092 E MainScreen: 	at java.lang.reflect.Method.invoke(Native Method)
06-16 09:52:31.219  5092  5092 E MainScreen: 	at com.android.internal.os.RuntimeInit$MethodAndArgsCaller.run(RuntimeInit.java:548)
06-16 09:52:31.219  5092  5092 E MainScreen: 	at com.android.internal.os.ZygoteInit.main(ZygoteInit.java:937)
06-16 09:52:31.476    99   195 W TransactionTracing: Could not find layer id -1
06-16 09:52:31.870  5092  5141 D ProfileInstaller: Installing profile for com.himo.facerecon
06-16 09:52:31.919   474   474 D VRI[NavigationBar0]: updatePointerIcon called with position out of bounds
06-16 09:52:31.987  2605  2892 W RealtimeClientManager: Channel state: MqttChannelState{mConnectionState=CONNECTING, mDisconnectionReason=null, mLastConnectionMs=0, mLastDisconnectMs=3622786}
06-16 09:52:32.142    99   195 W TransactionTracing: Could not find layer id -1
06-16 09:52:32.143    99   195 W TransactionTracing: Could not find layer id -1
06-16 09:52:32.243    99   195 W TransactionTracing: Could not find layer id -1
06-16 09:52:32.643    99   195 W TransactionTracing: Could not find layer id -1
06-16 09:52:33.479   474   474 D VRI[NavigationBar0]: updatePointerIcon called with position out of bounds
06-16 09:52:33.836   974   974 D BoundBrokerSvc: onUnbind: Intent { act=com.google.android.gms.common.telemetry.service.START dat=chimera-action:/... cmp=com.google.android.gms/.chimera.PersistentApiService }
06-16 09:52:34.469  2605  2932 E msys    : E[N mns:DGWClient]_LogError(304)=>Failed to resolve using system DNS resolver, getaddrinfo(): No address associated with hostname
06-16 09:52:35.274  2605  2932 E msys    : E[N mns:DGWClient]_LogError(304)=>Failed to resolve using system DNS resolver, getaddrinfo(): No address associated with hostname
06-16 09:52:35.422   474   474 D VRI[NavigationBar0]: updatePointerIcon called with position out of bounds
06-16 09:52:35.781  5092  5103 W System  : A resource failed to call close. 
06-16 09:52:35.911   474   474 D VRI[NavigationBar0]: updatePointerIcon called with position out of bounds
06-16 09:52:36.671   474   474 D VRI[NavigationBar0]: updatePointerIcon called with position out of bounds
06-16 09:52:37.399   474   474 D VRI[NavigationBar0]: updatePointerIcon called with position out of bounds
06-16 09:52:37.718   474   474 D VRI[NavigationBar0]: updatePointerIcon called with position out of bounds
06-16 09:52:38.271   474   474 D VRI[NavigationBar0]: updatePointerIcon called with position out of bounds
06-16 09:52:38.590   474   474 D VRI[NavigationBar0]: updatePointerIcon called with position out of bounds
06-16 09:52:43.670  2605  2932 E msys    : E[N mns:DGWClient]_LogError(304)=>Failed to resolve using system DNS resolver, getaddrinfo(): No address associated with hostname
06-16 09:52:44.474  2605  2932 E msys    : E[N mns:DGWClient]_LogError(304)=>Failed to resolve using system DNS resolver, getaddrinfo(): No address associated with hostname
06-16 09:52:45.988  2605  2892 W RealtimeClientManager: Channel state: MqttChannelState{mConnectionState=DISCONNECTED, mDisconnectionReason=null, mLastConnectionMs=0, mLastDisconnectMs=3672642}
06-16 09:52:52.869  2605  2932 E msys    : E[N mns:DGWClient]_LogError(304)=>Failed to resolve using system DNS resolver, getaddrinfo(): No address associated with hostname
06-16 09:52:53.680  2605  2932 E msys    : E[N mns:DGWClient]_LogError(304)=>Failed to resolve using system DNS resolver, getaddrinfo(): No address associated with hostname
06-16 09:52:54.125    99   195 W TransactionTracing: Could not find layer id -1
06-16 09:52:54.125    99   195 W TransactionTracing: Could not find layer id -1
06-16 09:52:54.126    99   195 W TransactionTracing: Could not find layer id -1
06-16 09:52:55.461  2605  2836 E msys    : E[N mns:TigonMNS]_LogError(304)=>Failed to resolve using system DNS resolver, getaddrinfo(): No address associated with hostname
06-16 09:52:57.003  2605  2836 E msys    : E[N mns:TigonMNS]_LogError(304)=>Failed to resolve using system DNS resolver, getaddrinfo(): No address associated with hostname
06-16 09:53:00.505  1920  3152 I PlayCommon: [83] Preparing logs for uploading
06-16 09:53:00.508  1920  3152 I PlayCommon: [83] Connecting to server for timestamp: https://play.googleapis.com/play/log/timestamp
06-16 09:53:02.076  2605  2932 E msys    : E[N mns:DGWClient]_LogError(304)=>Failed to resolve using system DNS resolver, getaddrinfo(): No address associated with hostname
06-16 09:53:02.880  2605  2932 E msys    : E[N mns:DGWClient]_LogError(304)=>Failed to resolve using system DNS resolver, getaddrinfo(): No address associated with hostname
06-16 09:53:05.472  2605  2836 E msys    : E[N mns:TigonMNS]_LogError(304)=>Failed to resolve using system DNS resolver, getaddrinfo(): No address associated with hostname
06-16 09:53:05.472  2605  2836 E msys    : E[N mns:TigonMNS]_LogError(304)=>Failed to resolve using system DNS resolver, getaddrinfo(): No address associated with hostname
06-16 09:53:07.014  2605  2836 E msys    : E[N mns:TigonMNS]_LogError(304)=>Failed to resolve using system DNS resolver, getaddrinfo(): No address associated with hostname
06-16 09:53:10.520  1920  3152 E PlayCommon: [83] Failed to connect to server for server timestamp: java.net.UnknownHostException: Unable to resolve host "play.googleapis.com": No address associated with hostname
06-16 09:53:10.521  1920  3152 I PlayCommon: [83] Connecting to server: https://play.googleapis.com/play/log?format=raw&proto_v2=true
06-16 09:53:10.521  1920  3152 E PlayCommon: [83] Failed to connect to server for log upload.
06-16 09:53:10.549  1170  5186 W jtvb    : [{0}] Failed to resolve name. status={1}
06-16 09:53:11.278  2605  2932 E msys    : E[N mns:DGWClient]_LogError(304)=>Failed to resolve using system DNS resolver, getaddrinfo(): No address associated with hostname
06-16 09:53:12.087  2605  2932 E msys    : E[N mns:DGWClient]_LogError(304)=>Failed to resolve using system DNS resolver, getaddrinfo(): No address associated with hostname
06-16 09:53:15.482  2605  2836 E msys    : E[N mns:TigonMNS]_LogError(304)=>Failed to resolve using system DNS resolver, getaddrinfo(): No address associated with hostname
06-16 09:53:16.989  2605  2892 W RealtimeClientManager: Channel state: MqttChannelState{mConnectionState=CONNECTING, mDisconnectionReason=null, mLastConnectionMs=0, mLastDisconnectMs=3672642}
06-16 09:53:20.481  2605  2932 E msys    : E[N mns:DGWClient]_LogError(304)=>Failed to resolve using system DNS resolver, getaddrinfo(): No address associated with hostname
06-16 09:53:21.288  2605  2932 E msys    : E[N mns:DGWClient]_LogError(304)=>Failed to resolve using system DNS resolver, getaddrinfo(): No address associated with hostname
06-16 09:53:28.227  2605  3232 E msys    : E[N MQTT]onConnectError(562)=>Connect Error: folly::AsyncSocketException: AsyncSocketException: connect failed, type = Socket not open, errno = 101 (Network is unreachable)
06-16 09:53:28.229  2605  2892 W RealtimeClientManager: Channel state: MqttChannelState{mConnectionState=DISCONNECTED, mDisconnectionReason=null, mLastConnectionMs=0, mLastDisconnectMs=3714882}
06-16 09:53:29.683  2605  2932 E msys    : E[N mns:DGWClient]_LogError(304)=>Failed to resolve using system DNS resolver, getaddrinfo(): No address associated with hostname
06-16 09:53:30.491  2605  2932 E msys    : E[N mns:DGWClient]_LogError(304)=>Failed to resolve using system DNS resolver, getaddrinfo(): No address associated with hostname
06-16 09:53:38.425   474   474 D VRI[NavigationBar0]: updatePointerIcon called with position out of bounds
06-16 09:53:38.492  5092  5092 E InputEventReceiver: Exception dispatching input event.
06-16 09:53:38.492  5092  5092 E MessageQueue-JNI: Exception in MessageQueue callback: handleReceiveCallback
06-16 09:53:38.494  5092  5092 E MessageQueue-JNI: android.util.AndroidRuntimeException: Calling startActivity() from outside of an Activity  context requires the FLAG_ACTIVITY_NEW_TASK flag. Is this really what you want?
06-16 09:53:38.494  5092  5092 E MessageQueue-JNI: 	at android.app.ContextImpl.startActivity(ContextImpl.java:1096)
06-16 09:53:38.494  5092  5092 E MessageQueue-JNI: 	at android.app.ContextImpl.startActivity(ContextImpl.java:1072)
06-16 09:53:38.494  5092  5092 E MessageQueue-JNI: 	at android.content.ContextWrapper.startActivity(ContextWrapper.java:432)
06-16 09:53:38.494  5092  5092 E MessageQueue-JNI: 	at com.himo.facerecon.AttendanceExporter.exportAndShare(AttendanceExporter.kt:40)
06-16 09:53:38.494  5092  5092 E MessageQueue-JNI: 	at com.himo.facerecon.MainViewModel.exportAttendance(MainViewModel.kt:747)
06-16 09:53:38.494  5092  5092 E MessageQueue-JNI: 	at com.himo.facerecon.AttendanceReviewScreenKt.AttendanceReviewScreen$lambda$31$lambda$30$lambda$29$lambda$28$lambda$27(AttendanceReviewScreen.kt:197)
06-16 09:53:38.494  5092  5092 E MessageQueue-JNI: 	at com.himo.facerecon.AttendanceReviewScreenKt$$ExternalSyntheticLambda11.invoke(D8$$SyntheticClass:0)
06-16 09:53:38.494  5092  5092 E MessageQueue-JNI: 	at androidx.compose.foundation.ClickableNode.onPointerEvent-H0pRuoY(Clickable.kt:935)
06-16 09:53:38.494  5092  5092 E MessageQueue-JNI: 	at androidx.compose.ui.input.pointer.Node.dispatchMainEventPass(HitPathTracker.kt:446)
06-16 09:53:38.494  5092  5092 E MessageQueue-JNI: 	at androidx.compose.ui.input.pointer.Node.dispatchMainEventPass(HitPathTracker.kt:432)
06-16 09:53:38.494  5092  5092 E MessageQueue-JNI: 	at androidx.compose.ui.input.pointer.NodeParent.dispatchMainEventPass(HitPathTracker.kt:285)
06-16 09:53:38.494  5092  5092 E MessageQueue-JNI: 	at androidx.compose.ui.input.pointer.HitPathTracker.dispatchChanges(HitPathTracker.kt:181)
06-16 09:53:38.494  5092  5092 E MessageQueue-JNI: 	at androidx.compose.ui.input.pointer.PointerInputEventProcessor.process-BIzXfog(PointerInputEventProcessor.kt:118)
06-16 09:53:38.494  5092  5092 E MessageQueue-JNI: 	at androidx.compose.ui.platform.AndroidComposeView.sendMotionEvent-8iAsVTc(AndroidComposeView.android.kt:2685)
06-16 09:53:38.494  5092  5092 E MessageQueue-JNI: 	at androidx.compose.ui.platform.AndroidComposeView.handleMotionEvent-8iAsVTc(AndroidComposeView.android.kt:2629)
06-16 09:53:38.494  5092  5092 E MessageQueue-JNI: 	at androidx.compose.ui.platform.AndroidComposeView.dispatchTouchEvent(AndroidComposeView.android.kt:2467)
06-16 09:53:38.494  5092  5092 E MessageQueue-JNI: 	at android.view.ViewGroup.dispatchTransformedTouchEvent(ViewGroup.java:3121)
06-16 09:53:38.494  5092  5092 E MessageQueue-JNI: 	at android.view.ViewGroup.dispatchTouchEvent(ViewGroup.java:2802)
06-16 09:53:38.494  5092  5092 E MessageQueue-JNI: 	at android.view.ViewGroup.dispatchTransformedTouchEvent(ViewGroup.java:3121)
06-16 09:53:38.494  5092  5092 E MessageQueue-JNI: 	at android.view.ViewGroup.dispatchTouchEvent(ViewGroup.java:2802)
06-16 09:53:38.494  5092  5092 E MessageQueue-JNI: 	at android.view.ViewGroup.dispatchTransformedTouchEvent(ViewGroup.java:3121)
06-16 09:53:38.494  5092  5092 E MessageQueue-JNI: 	at android.view.ViewGroup.dispatchTouchEvent(ViewGroup.java:2802)
06-16 09:53:38.494  5092  5092 E MessageQueue-JNI: 	at android.view.ViewGroup.dispatchTransformedTouchEvent(ViewGroup.java:3121)
06-16 09:53:38.494  5092  5092 E MessageQueue-JNI: 	at android.view.ViewGroup.dispatchTouchEvent(ViewGroup.java:2802)
06-16 09:53:38.494  5092  5092 E MessageQueue-JNI: 	at com.android.internal.policy.DecorView.superDispatchTouchEvent(DecorView.java:525)
06-16 09:53:38.494  5092  5092 E MessageQueue-JNI: 	at com.android.internal.policy.PhoneWindow.superDispatchTouchEvent(PhoneWindow.java:1912)
06-16 09:53:38.494  5092  5092 E MessageQueue-JNI: 	at android.app.Activity.dispatchTouchEvent(Activity.java:4322)
06-16 09:53:38.494  5092  5092 E MessageQueue-JNI: 	at com.android.internal.policy.DecorView.dispatchTouchEvent(DecorView.java:483)
06-16 09:53:38.494  5092  5092 E MessageQueue-JNI: 	at android.view.View.dispatchPointerEvent(View.java:15309)
06-16 09:53:38.494  5092  5092 E MessageQueue-JNI: 	at android.view.ViewRootImpl$ViewPostImeInputStage.processPointerEvent(ViewRootImpl.java:6791)
06-16 09:53:38.494  5092  5092 E MessageQueue-JNI: 	at android.view.ViewRootImpl$ViewPostImeInputStage.onProcess(ViewRootImpl.java:6591)
06-16 09:53:38.494  5092  5092 E MessageQueue-JNI: 	at android.view.ViewRootImpl$InputStage.deliver(ViewRootImpl.java:6047)
06-16 09:53:38.494  5092  5092 E MessageQueue-JNI: 	at android.view.ViewRootImpl$InputStage.onDeliverToNext(ViewRootImpl.java:6104)
06-16 09:53:38.494  5092  5092 E MessageQueue-JNI: 	at android.view.ViewRootImpl$InputStage.forward(ViewRootImpl.java:6070)
06-16 09:53:38.494  5092  5092 E MessageQueue-JNI: 	at android.view.ViewRootImpl$AsyncInputStage.forward(ViewRootImpl.java:6235)
06-16 09:53:38.494  5092  5092 E MessageQueue-JNI: 	at android.view.ViewRootImpl$InputStage.apply(ViewRootImpl.java:6078)
06-16 09:53:38.494  5092  5092 E MessageQueue-JNI: 	at android.view.ViewRootImpl$AsyncInputStage.apply(ViewRootImpl.java:6292)
06-16 09:53:38.494  5092  5092 E MessageQueue-JNI: 	at android.view.ViewRootImpl$InputStage.deliver(ViewRootImpl.java:6051)
06-16 09:53:38.494  5092  5092 E MessageQueue-JNI: 	at android.view.ViewRootImpl$InputStage.onDeliverToNext(ViewRootImpl.java:6104)
06-16 09:53:38.494  5092  5092 E MessageQueue-JNI: 	at android.view.ViewRootImpl$InputStage.forward(ViewRootImpl.java:6070)
06-16 09:53:38.494  5092  5092 E MessageQueue-JNI: 	at android.view.ViewRootImpl$InputStage.apply(ViewRootImpl.java:6078)
06-16 09:53:38.494  5092  5092 E MessageQueue-JNI: 	at android.view.ViewRootImpl$InputStage.deliver(ViewRootImpl.java:6051)
06-16 09:53:38.494  5092  5092 E MessageQueue-JNI: 	at android.view.ViewRootImpl.deliverInputEvent(ViewRootImpl.java:9227)
06-16 09:53:38.494  5092  5092 E MessageQueue-JNI: 	at android.view.ViewRootImpl.doProcessInputEvents(ViewRootImpl.java:9170)
06-16 09:53:38.494  5092  5092 E MessageQueue-JNI: 	at android.view.ViewRootImpl.enqueueInputEvent(ViewRootImpl.java:9139)
06-16 09:53:38.494  5092  5092 E MessageQueue-JNI: 	at android.view.ViewRootImpl$WindowInputEventReceiver.onInputEvent(ViewRootImpl.java:9350)
06-16 09:53:38.494  5092  5092 E MessageQueue-JNI: 	at android.view.InputEventReceiver.dispatchInputEvent(InputEventReceiver.java:267)
06-16 09:53:38.494  5092  5092 E MessageQueue-JNI: 	at android.os.MessageQueue.nativePollOnce(Native Method)
06-16 09:53:38.494  5092  5092 E MessageQueue-JNI: 	at android.os.MessageQueue.next(MessageQueue.java:335)
06-16 09:53:38.494  5092  5092 E MessageQueue-JNI: 	at android.os.Looper.loopOnce(Looper.java:161)
06-16 09:53:38.494  5092  5092 E MessageQueue-JNI: 	at android.os.Looper.loop(Looper.java:288)
06-16 09:53:38.494  5092  5092 E MessageQueue-JNI: 	at android.app.ActivityThread.main(ActivityThread.java:7924)
06-16 09:53:38.494  5092  5092 E MessageQueue-JNI: 	at java.lang.reflect.Method.invoke(Native Method)
06-16 09:53:38.494  5092  5092 E MessageQueue-JNI: 	at com.android.internal.os.RuntimeInit$MethodAndArgsCaller.run(RuntimeInit.java:548)
06-16 09:53:38.494  5092  5092 E MessageQueue-JNI: 	at com.android.internal.os.ZygoteInit.main(ZygoteInit.java:937)
06-16 09:53:38.494  5092  5092 D AndroidRuntime: Shutting down VM
06-16 09:53:38.495  5092  5092 E AndroidRuntime: FATAL EXCEPTION: main
06-16 09:53:38.495  5092  5092 E AndroidRuntime: Process: com.himo.facerecon, PID: 5092
06-16 09:53:38.495  5092  5092 E AndroidRuntime: android.util.AndroidRuntimeException: Calling startActivity() from outside of an Activity  context requires the FLAG_ACTIVITY_NEW_TASK flag. Is this really what you want?
06-16 09:53:38.495  5092  5092 E AndroidRuntime: 	at android.app.ContextImpl.startActivity(ContextImpl.java:1096)
06-16 09:53:38.495  5092  5092 E AndroidRuntime: 	at android.app.ContextImpl.startActivity(ContextImpl.java:1072)
06-16 09:53:38.495  5092  5092 E AndroidRuntime: 	at android.content.ContextWrapper.startActivity(ContextWrapper.java:432)
06-16 09:53:38.495  5092  5092 E AndroidRuntime: 	at com.himo.facerecon.AttendanceExporter.exportAndShare(AttendanceExporter.kt:40)
06-16 09:53:38.495  5092  5092 E AndroidRuntime: 	at com.himo.facerecon.MainViewModel.exportAttendance(MainViewModel.kt:747)
06-16 09:53:38.495  5092  5092 E AndroidRuntime: 	at com.himo.facerecon.AttendanceReviewScreenKt.AttendanceReviewScreen$lambda$31$lambda$30$lambda$29$lambda$28$lambda$27(AttendanceReviewScreen.kt:197)
06-16 09:53:38.495  5092  5092 E AndroidRuntime: 	at com.himo.facerecon.AttendanceReviewScreenKt$$ExternalSyntheticLambda11.invoke(D8$$SyntheticClass:0)
06-16 09:53:38.495  5092  5092 E AndroidRuntime: 	at androidx.compose.foundation.ClickableNode.onPointerEvent-H0pRuoY(Clickable.kt:935)
06-16 09:53:38.495  5092  5092 E AndroidRuntime: 	at androidx.compose.ui.input.pointer.Node.dispatchMainEventPass(HitPathTracker.kt:446)
06-16 09:53:38.495  5092  5092 E AndroidRuntime: 	at androidx.compose.ui.input.pointer.Node.dispatchMainEventPass(HitPathTracker.kt:432)
06-16 09:53:38.495  5092  5092 E AndroidRuntime: 	at androidx.compose.ui.input.pointer.NodeParent.dispatchMainEventPass(HitPathTracker.kt:285)
06-16 09:53:38.495  5092  5092 E AndroidRuntime: 	at androidx.compose.ui.input.pointer.HitPathTracker.dispatchChanges(HitPathTracker.kt:181)
06-16 09:53:38.495  5092  5092 E AndroidRuntime: 	at androidx.compose.ui.input.pointer.PointerInputEventProcessor.process-BIzXfog(PointerInputEventProcessor.kt:118)
06-16 09:53:38.495  5092  5092 E AndroidRuntime: 	at androidx.compose.ui.platform.AndroidComposeView.sendMotionEvent-8iAsVTc(AndroidComposeView.android.kt:2685)
06-16 09:53:38.495  5092  5092 E AndroidRuntime: 	at androidx.compose.ui.platform.AndroidComposeView.handleMotionEvent-8iAsVTc(AndroidComposeView.android.kt:2629)
06-16 09:53:38.495  5092  5092 E AndroidRuntime: 	at androidx.compose.ui.platform.AndroidComposeView.dispatchTouchEvent(AndroidComposeView.android.kt:2467)
06-16 09:53:38.495  5092  5092 E AndroidRuntime: 	at android.view.ViewGroup.dispatchTransformedTouchEvent(ViewGroup.java:3121)
06-16 09:53:38.495  5092  5092 E AndroidRuntime: 	at android.view.ViewGroup.dispatchTouchEvent(ViewGroup.java:2802)
06-16 09:53:38.495  5092  5092 E AndroidRuntime: 	at android.view.ViewGroup.dispatchTransformedTouchEvent(ViewGroup.java:3121)
06-16 09:53:38.495  5092  5092 E AndroidRuntime: 	at android.view.ViewGroup.dispatchTouchEvent(ViewGroup.java:2802)
06-16 09:53:38.495  5092  5092 E AndroidRuntime: 	at android.view.ViewGroup.dispatchTransformedTouchEvent(ViewGroup.java:3121)
06-16 09:53:38.495  5092  5092 E AndroidRuntime: 	at android.view.ViewGroup.dispatchTouchEvent(ViewGroup.java:2802)
06-16 09:53:38.495  5092  5092 E AndroidRuntime: 	at android.view.ViewGroup.dispatchTransformedTouchEvent(ViewGroup.java:3121)
06-16 09:53:38.495  5092  5092 E AndroidRuntime: 	at android.view.ViewGroup.dispatchTouchEvent(ViewGroup.java:2802)
06-16 09:53:38.495  5092  5092 E AndroidRuntime: 	at com.android.internal.policy.DecorView.superDispatchTouchEvent(DecorView.java:525)
06-16 09:53:38.495  5092  5092 E AndroidRuntime: 	at com.android.internal.policy.PhoneWindow.superDispatchTouchEvent(PhoneWindow.java:1912)
06-16 09:53:38.495  5092  5092 E AndroidRuntime: 	at android.app.Activity.dispatchTouchEvent(Activity.java:4322)
06-16 09:53:38.495  5092  5092 E AndroidRuntime: 	at com.android.internal.policy.DecorView.dispatchTouchEvent(DecorView.java:483)
06-16 09:53:38.495  5092  5092 E AndroidRuntime: 	at android.view.View.dispatchPointerEvent(View.java:15309)
06-16 09:53:38.495  5092  5092 E AndroidRuntime: 	at android.view.ViewRootImpl$ViewPostImeInputStage.processPointerEvent(ViewRootImpl.java:6791)
06-16 09:53:38.495  5092  5092 E AndroidRuntime: 	at android.view.ViewRootImpl$ViewPostImeInputStage.onProcess(ViewRootImpl.java:6591)
06-16 09:53:38.495  5092  5092 E AndroidRuntime: 	at android.view.ViewRootImpl$InputStage.deliver(ViewRootImpl.java:6047)
06-16 09:53:38.495  5092  5092 E AndroidRuntime: 	at android.view.ViewRootImpl$InputStage.onDeliverToNext(ViewRootImpl.java:6104)
06-16 09:53:38.495  5092  5092 E AndroidRuntime: 	at android.view.ViewRootImpl$InputStage.forward(ViewRootImpl.java:6070)
06-16 09:53:38.495  5092  5092 E AndroidRuntime: 	at android.view.ViewRootImpl$AsyncInputStage.forward(ViewRootImpl.java:6235)
06-16 09:53:38.495  5092  5092 E AndroidRuntime: 	at android.view.ViewRootImpl$InputStage.apply(ViewRootImpl.java:6078)
06-16 09:53:38.495  5092  5092 E AndroidRuntime: 	at android.view.ViewRootImpl$AsyncInputStage.apply(ViewRootImpl.java:6292)
06-16 09:53:38.495  5092  5092 E AndroidRuntime: 	at android.view.ViewRootImpl$InputStage.deliver(ViewRootImpl.java:6051)
06-16 09:53:38.495  5092  5092 E AndroidRuntime: 	at android.view.ViewRootImpl$InputStage.onDeliverToNext(ViewRootImpl.java:6104)
06-16 09:53:38.495  5092  5092 E AndroidRuntime: 	at android.view.ViewRootImpl$InputStage.forward(ViewRootImpl.java:6070)
06-16 09:53:38.495  5092  5092 E AndroidRuntime: 	at android.view.ViewRootImpl$InputStage.apply(ViewRootImpl.java:6078)
06-16 09:53:38.495  5092  5092 E AndroidRuntime: 	at android.view.ViewRootImpl$InputStage.deliver(ViewRootImpl.java:6051)
06-16 09:53:38.495  5092  5092 E AndroidRuntime: 	at android.view.ViewRootImpl.deliverInputEvent(ViewRootImpl.java:9227)
06-16 09:53:38.495  5092  5092 E AndroidRuntime: 	at android.view.ViewRootImpl.doProcessInputEvents(ViewRootImpl.java:9170)
06-16 09:53:38.495  5092  5092 E AndroidRuntime: 	at android.view.ViewRootImpl.enqueueInputEvent(ViewRootImpl.java:9139)
06-16 09:53:38.496  5092  5092 E AndroidRuntime: 	at android.view.ViewRootImpl$WindowInputEventReceiver.onInputEvent(ViewRootImpl.java:9350)
06-16 09:53:38.496  5092  5092 E AndroidRuntime: 	at android.view.InputEventReceiver.dispatchInputEvent(InputEventReceiver.java:267)
06-16 09:53:38.496  5092  5092 E AndroidRuntime: 	at android.os.MessageQueue.nativePollOnce(Native Method)
06-16 09:53:38.496  5092  5092 E AndroidRuntime: 	at android.os.MessageQueue.next(MessageQueue.java:335)
06-16 09:53:38.496  5092  5092 E AndroidRuntime: 	at android.os.Looper.loopOnce(Looper.java:161)
06-16 09:53:38.496  5092  5092 E AndroidRuntime: 	at android.os.Looper.loop(Looper.java:288)
06-16 09:53:38.496  5092  5092 E AndroidRuntime: 	at android.app.ActivityThread.main(ActivityThread.java:7924)
06-16 09:53:38.496  5092  5092 E AndroidRuntime: 	at java.lang.reflect.Method.invoke(Native Method)
06-16 09:53:38.496  5092  5092 E AndroidRuntime: 	at com.android.internal.os.RuntimeInit$MethodAndArgsCaller.run(RuntimeInit.java:548)
06-16 09:53:38.496  5092  5092 E AndroidRuntime: 	at com.android.internal.os.ZygoteInit.main(ZygoteInit.java:937)
06-16 09:53:38.499   293  5234 I DropBoxManagerService: add tag=data_app_crash isTagEnabled=true flags=0x2
06-16 09:53:38.499   293  1122 W ActivityTaskManager:   Force finishing activity com.himo.facerecon/.MainActivity
06-16 09:53:38.503    86   173 V [minigbm:gbm_mesa_internals.cpp(382)]: Allocated: 1600x900, stride: 6400, map_stride: 6400
06-16 09:53:38.513   293   318 W BroadcastQueue: Background execution not allowed: receiving Intent { act=android.intent.action.DROPBOX_ENTRY_ADDED flg=0x10 (has extras) } to com.google.android.gms/.stats.service.DropBoxEntryAddedReceiver
06-16 09:53:38.514  5092  5092 I Process : Sending signal. PID: 5092 SIG: 9
06-16 09:53:38.518   293  4222 I MESA    : Using gralloc0 CrOS API
06-16 09:53:38.519   293  4222 W EGL-MAIN: failed to get driver name for fd -1
06-16 09:53:38.519   293  4222 W EGL-MAIN: MESA-LOADER: failed to retrieve device information
06-16 09:53:38.519   293  4222 W EGL-MAIN: failed to get driver name for fd -1
06-16 09:53:38.523   293  4222 E OpenGLRenderer: Device claims wide gamut support, cannot find matching config, error = EGL_SUCCESS
06-16 09:53:38.523   293  4222 W OpenGLRenderer: Failed to initialize 101010-2 format, error = EGL_SUCCESS
06-16 09:53:38.537   293   322 W libprocessgroup: Failed to open /dev/stune/top-app/cgroup.procs: No such file or directory
06-16 09:53:38.537   293   322 W libprocessgroup: Failed to open /dev/cpuset/top-app/cgroup.procs: No such file or directory
06-16 09:53:38.537   293   322 W libprocessgroup: Failed to open /dev/blkio//cgroup.procs: No such file or directory
06-16 09:53:38.567   293   811 I WindowManager: WIN DEATH: Window{2274446 u0 com.himo.facerecon/com.himo.facerecon.MainActivity}
06-16 09:53:38.567   293   811 W InputManager-JNI: Input channel object '2274446 com.himo.facerecon/com.himo.facerecon.MainActivity (client)' was disposed without first being removed with the input manager!
06-16 09:53:38.568    74    74 I Zygote  : Process 5092 exited due to signal 9 (Killed)
06-16 09:53:38.569   293  1445 I ActivityManager: Process com.himo.facerecon (pid 5092) has died: fg  TOP 
06-16 09:53:38.571   293   320 I libprocessgroup: Successfully killed process cgroup uid 10064 pid 5092 in 0ms
06-16 09:53:38.576   293   322 W libprocessgroup: Failed to open /dev/stune/top-app/cgroup.procs: No such file or directory
06-16 09:53:38.576   293   322 W libprocessgroup: Failed to open /dev/cpuset/top-app/cgroup.procs: No such file or directory
06-16 09:53:38.576   293   322 W libprocessgroup: Failed to open /dev/blkio//cgroup.procs: No such file or directory
06-16 09:53:38.581   725  1203 E OpenGLRenderer: Unable to match the desired swap behavior.
06-16 09:53:38.583    86   173 V [minigbm:gbm_mesa_internals.cpp(382)]: Allocated: 1600x900, stride: 6656, map_stride: 0
06-16 09:53:38.585    86   173 V [minigbm:gbm_mesa_internals.cpp(382)]: Allocated: 1600x900, stride: 6656, map_stride: 0
06-16 09:53:38.586    86   173 V [minigbm:gbm_mesa_internals.cpp(382)]: Allocated: 1600x900, stride: 6656, map_stride: 0
06-16 09:53:38.593   293  1445 W WindowManager: Failed to deliver inset state change to w=Window{2274446 u0 com.himo.facerecon/com.himo.facerecon.MainActivity EXITING}
06-16 09:53:38.593   293  1445 W WindowManager: android.os.DeadObjectException
06-16 09:53:38.593   293  1445 W WindowManager: 	at android.os.BinderProxy.transactNative(Native Method)
06-16 09:53:38.593   293  1445 W WindowManager: 	at android.os.BinderProxy.transact(BinderProxy.java:584)
06-16 09:53:38.593   293  1445 W WindowManager: 	at android.view.IWindow$Stub$Proxy.insetsControlChanged(IWindow.java:473)
06-16 09:53:38.593   293  1445 W WindowManager: 	at com.android.server.wm.WindowState.notifyInsetsControlChanged(WindowState.java:4043)
06-16 09:53:38.593   293  1445 W WindowManager: 	at com.android.server.wm.InsetsStateController.lambda$notifyPendingInsetsControlChanged$4$com-android-server-wm-InsetsStateController(InsetsStateController.java:351)
06-16 09:53:38.593   293  1445 W WindowManager: 	at com.android.server.wm.InsetsStateController$$ExternalSyntheticLambda2.run(Unknown Source:2)
06-16 09:53:38.593   293  1445 W WindowManager: 	at com.android.server.wm.WindowAnimator.executeAfterPrepareSurfacesRunnables(WindowAnimator.java:345)
06-16 09:53:38.593   293  1445 W WindowManager: 	at com.android.server.wm.RootWindowContainer.performSurfacePlacementNoTrace(RootWindowContainer.java:835)
06-16 09:53:38.593   293  1445 W WindowManager: 	at com.android.server.wm.RootWindowContainer.performSurfacePlacement(RootWindowContainer.java:779)
